     VMA      LMA     Size Align Out     In      Symbol
       0        0        0     1 PAGE_SIZE = 512
       0        0        0     1 STACK_SIZE = 1500
       0        0        0     1 END_STACK = ORIGIN ( SRAM ) + LENGTH ( SRAM )
c0de0000 c0de0000     9600     4 .text
c0de0000 c0de0000        0     1         _text = .
c0de0000 c0de0000        0     1         _nvram_start = .
c0de0000 c0de0000        e     2         /app/target/nanosplus/release/deps/legder_xelis-53a0edecdc8ef744.legder_xelis.24eea2af218bcfe3-cgu.0.rcgu.o:(.boot)
c0de0000 c0de0000        0     1                 $t
c0de0001 c0de0001        e     1                 _start
c0de000e c0de000e       26     2         /app/target/nanosplus/release/deps/legder_xelis-53a0edecdc8ef744.legder_xelis.24eea2af218bcfe3-cgu.0.rcgu.o:(.text._ZN102_$LT$core..iter..adapters..map..Map$LT$I$C$F$GT$$u20$as$u20$core..iter..traits..iterator..Iterator$GT$9size_hint17hf600eeffaae11fe1E)
c0de000e c0de000e        0     1                 $t
c0de000f c0de000f       26     1                 _$LT$core..iter..adapters..map..Map$LT$I$C$F$GT$$u20$as$u20$core..iter..traits..iterator..Iterator$GT$::size_hint::hf600eeffaae11fe1
c0de0034 c0de0034       1c     2         /app/target/nanosplus/release/deps/legder_xelis-53a0edecdc8ef744.legder_xelis.24eea2af218bcfe3-cgu.0.rcgu.o:(.text._ZN106_$LT$core..ops..range..Range$LT$usize$GT$$u20$as$u20$core..slice..index..SliceIndex$LT$$u5b$T$u5d$$GT$$GT$9index_mut17hfea382c2f4a25d7fE)
c0de0034 c0de0034        0     1                 $t
c0de0035 c0de0035       1c     1                 _$LT$core..ops..range..Range$LT$usize$GT$$u20$as$u20$core..slice..index..SliceIndex$LT$$u5b$T$u5d$$GT$$GT$::index_mut::hfea382c2f4a25d7f
c0de0050 c0de0050        c     2         /app/target/nanosplus/release/deps/legder_xelis-53a0edecdc8ef744.legder_xelis.24eea2af218bcfe3-cgu.0.rcgu.o:(.text._ZN108_$LT$core..ops..range..RangeTo$LT$usize$GT$$u20$as$u20$core..slice..index..SliceIndex$LT$$u5b$T$u5d$$GT$$GT$9index_mut17hecd11f665b1904b5E)
c0de0050 c0de0050        0     1                 $t
c0de0051 c0de0051        c     1                 _$LT$core..ops..range..RangeTo$LT$usize$GT$$u20$as$u20$core..slice..index..SliceIndex$LT$$u5b$T$u5d$$GT$$GT$::index_mut::hecd11f665b1904b5
c0de005c c0de005c       16     2         /app/target/nanosplus/release/deps/legder_xelis-53a0edecdc8ef744.legder_xelis.24eea2af218bcfe3-cgu.0.rcgu.o:(.text._ZN110_$LT$core..ops..range..RangeFrom$LT$usize$GT$$u20$as$u20$core..slice..index..SliceIndex$LT$$u5b$T$u5d$$GT$$GT$5index17ha7715b10a27de07aE)
c0de005c c0de005c        0     1                 $t
c0de005d c0de005d       16     1                 _$LT$core..ops..range..RangeFrom$LT$usize$GT$$u20$as$u20$core..slice..index..SliceIndex$LT$$u5b$T$u5d$$GT$$GT$::index::ha7715b10a27de07a
c0de0072 c0de0072       2a     2         /app/target/nanosplus/release/deps/legder_xelis-53a0edecdc8ef744.legder_xelis.24eea2af218bcfe3-cgu.0.rcgu.o:(.text._ZN17ledger_device_sdk13exiting_panic17hb380d47c2999d9beE)
c0de0072 c0de0072        0     1                 $t
c0de0073 c0de0073       2a     1                 ledger_device_sdk::exiting_panic::hb380d47c2999d9be
c0de009c c0de009c       3e     2         /app/target/nanosplus/release/deps/legder_xelis-53a0edecdc8ef744.legder_xelis.24eea2af218bcfe3-cgu.0.rcgu.o:(.text._ZN17ledger_device_sdk2io4Comm5reply17h47389c8e0d505a39E)
c0de009c c0de009c        0     1                 $t
c0de009d c0de009d       3e     1                 ledger_device_sdk::io::Comm::reply::h47389c8e0d505a39
c0de00da c0de00da       1e     2         /app/target/nanosplus/release/deps/legder_xelis-53a0edecdc8ef744.legder_xelis.24eea2af218bcfe3-cgu.0.rcgu.o:(.text._ZN17ledger_device_sdk4hash8HashInit6update17hbd301b2915693e7aE)
c0de00da c0de00da        0     1                 $t
c0de00db c0de00db       1e     1                 ledger_device_sdk::hash::HashInit::update::hbd301b2915693e7a
c0de00f8 c0de00f8       30     2         /app/target/nanosplus/release/deps/legder_xelis-53a0edecdc8ef744.legder_xelis.24eea2af218bcfe3-cgu.0.rcgu.o:(.text._ZN17ledger_device_sdk4hash8HashInit8finalize17hac91020c6db69821E)
c0de00f8 c0de00f8        0     1                 $t
c0de00f9 c0de00f9       30     1                 ledger_device_sdk::hash::HashInit::finalize::hac91020c6db69821
c0de0128 c0de0128       c4     2         /app/target/nanosplus/release/deps/legder_xelis-53a0edecdc8ef744.legder_xelis.24eea2af218bcfe3-cgu.0.rcgu.o:(.text._ZN4core3num59_$LT$impl$u20$core..str..traits..FromStr$u20$for$u20$u8$GT$8from_str17h140d189f33bb5737E)
c0de0128 c0de0128        0     1                 $t
c0de0129 c0de0129       c4     1                 core::num::_$LT$impl$u20$core..str..traits..FromStr$u20$for$u20$u8$GT$::from_str::h140d189f33bb5737
c0de01ec c0de01ec        8     2         /app/target/nanosplus/release/deps/legder_xelis-53a0edecdc8ef744.legder_xelis.24eea2af218bcfe3-cgu.0.rcgu.o:(.text._ZN4core3ptr42drop_in_place$LT$alloc..string..String$GT$17h9cdf89c4d555bc76E)
c0de01ec c0de01ec        0     1                 $t
c0de01ed c0de01ed        8     1                 core::ptr::drop_in_place$LT$alloc..string..String$GT$::h9cdf89c4d555bc76
c0de01f4 c0de01f4       10     2         /app/target/nanosplus/release/deps/legder_xelis-53a0edecdc8ef744.legder_xelis.24eea2af218bcfe3-cgu.0.rcgu.o:(.text._ZN4core3ptr47drop_in_place$LT$alloc..ffi..c_str..CString$GT$17h4af76f9dd3e1e53cE)
c0de01f4 c0de01f4        0     1                 $t
c0de01f5 c0de01f5       10     1                 core::ptr::drop_in_place$LT$alloc..ffi..c_str..CString$GT$::h4af76f9dd3e1e53c
c0de0204 c0de0204        8     2         /app/target/nanosplus/release/deps/legder_xelis-53a0edecdc8ef744.legder_xelis.24eea2af218bcfe3-cgu.0.rcgu.o:(.text._ZN4core3ptr51drop_in_place$LT$legder_xelis..utils..Bip32Path$GT$17h67ebd7a748a0bb97E)
c0de0204 c0de0204        0     1                 $t
c0de0205 c0de0205        8     1                 core::ptr::drop_in_place$LT$legder_xelis..utils..Bip32Path$GT$::h67ebd7a748a0bb97
c0de020c c0de020c       3e     2         /app/target/nanosplus/release/deps/legder_xelis-53a0edecdc8ef744.legder_xelis.24eea2af218bcfe3-cgu.0.rcgu.o:(.text._ZN4core3ptr97drop_in_place$LT$alloc..vec..Vec$LT$$LP$alloc..string..String$C$alloc..string..String$RP$$GT$$GT$17h2351c18e1d9d66f5E)
c0de020c c0de020c        0     1                 $t
c0de020d c0de020d       3e     1                 core::ptr::drop_in_place$LT$alloc..vec..Vec$LT$$LP$alloc..string..String$C$alloc..string..String$RP$$GT$$GT$::h2351c18e1d9d66f5
c0de024a c0de024a       1a     2         /app/target/nanosplus/release/deps/legder_xelis-53a0edecdc8ef744.legder_xelis.24eea2af218bcfe3-cgu.0.rcgu.o:(.text._ZN4core3str6traits66_$LT$impl$u20$core..ops..index..Index$LT$I$GT$$u20$for$u20$str$GT$5index17h3134146b7fbbf013E)
c0de024a c0de024a        0     1                 $t
c0de024b c0de024b       1a     1                 core::str::traits::_$LT$impl$u20$core..ops..index..Index$LT$I$GT$$u20$for$u20$str$GT$::index::h3134146b7fbbf013
c0de0264 c0de0264       20     2         /app/target/nanosplus/release/deps/legder_xelis-53a0edecdc8ef744.legder_xelis.24eea2af218bcfe3-cgu.0.rcgu.o:(.text._ZN4core3str6traits66_$LT$impl$u20$core..ops..index..Index$LT$I$GT$$u20$for$u20$str$GT$5index17hf7db32d8eecd52e2E)
c0de0264 c0de0264        0     1                 $t
c0de0265 c0de0265       20     1                 core::str::traits::_$LT$impl$u20$core..ops..index..Index$LT$I$GT$$u20$for$u20$str$GT$::index::hf7db32d8eecd52e2
c0de0284 c0de0284       62     2         /app/target/nanosplus/release/deps/legder_xelis-53a0edecdc8ef744.legder_xelis.24eea2af218bcfe3-cgu.0.rcgu.o:(.text._ZN4core4char7methods22_$LT$impl$u20$char$GT$11encode_utf817h5598e6c4fb76442cE)
c0de0284 c0de0284        0     1                 $t
c0de0285 c0de0285       62     1                 core::char::methods::_$LT$impl$u20$char$GT$::encode_utf8::h5598e6c4fb76442c
c0de02e6 c0de02e6        c     2         /app/target/nanosplus/release/deps/legder_xelis-53a0edecdc8ef744.legder_xelis.24eea2af218bcfe3-cgu.0.rcgu.o:(.text._ZN4core5array85_$LT$impl$u20$core..ops..index..Index$LT$I$GT$$u20$for$u20$$u5b$T$u3b$$u20$N$u5d$$GT$5index17h0bcd32e4165fa521E)
c0de02e6 c0de02e6        0     1                 $t
c0de02e7 c0de02e7        c     1                 core::array::_$LT$impl$u20$core..ops..index..Index$LT$I$GT$$u20$for$u20$$u5b$T$u3b$$u20$N$u5d$$GT$::index::h0bcd32e4165fa521
c0de02f2 c0de02f2       12     2         /app/target/nanosplus/release/deps/legder_xelis-53a0edecdc8ef744.legder_xelis.24eea2af218bcfe3-cgu.0.rcgu.o:(.text._ZN4core5array85_$LT$impl$u20$core..ops..index..Index$LT$I$GT$$u20$for$u20$$u5b$T$u3b$$u20$N$u5d$$GT$5index17h11b1e0bd1958d967E)
c0de02f2 c0de02f2        0     1                 $t
c0de02f3 c0de02f3       12     1                 core::array::_$LT$impl$u20$core..ops..index..Index$LT$I$GT$$u20$for$u20$$u5b$T$u3b$$u20$N$u5d$$GT$::index::h11b1e0bd1958d967
c0de0304 c0de0304        e     2         /app/target/nanosplus/release/deps/legder_xelis-53a0edecdc8ef744.legder_xelis.24eea2af218bcfe3-cgu.0.rcgu.o:(.text._ZN4core5array88_$LT$impl$u20$core..ops..index..IndexMut$LT$I$GT$$u20$for$u20$$u5b$T$u3b$$u20$N$u5d$$GT$9index_mut17hc20ecba8fc4bc700E)
c0de0304 c0de0304        0     1                 $t
c0de0305 c0de0305        e     1                 core::array::_$LT$impl$u20$core..ops..index..IndexMut$LT$I$GT$$u20$for$u20$$u5b$T$u3b$$u20$N$u5d$$GT$::index_mut::hc20ecba8fc4bc700
c0de0312 c0de0312       10     2         /app/target/nanosplus/release/deps/legder_xelis-53a0edecdc8ef744.legder_xelis.24eea2af218bcfe3-cgu.0.rcgu.o:(.text._ZN4core5array88_$LT$impl$u20$core..ops..index..IndexMut$LT$I$GT$$u20$for$u20$$u5b$T$u3b$$u20$N$u5d$$GT$9index_mut17hf60ecbb0dbc669d2E)
c0de0312 c0de0312        0     1                 $t
c0de0313 c0de0313       10     1                 core::array::_$LT$impl$u20$core..ops..index..IndexMut$LT$I$GT$$u20$for$u20$$u5b$T$u3b$$u20$N$u5d$$GT$::index_mut::hf60ecbb0dbc669d2
c0de0322 c0de0322       62     2         /app/target/nanosplus/release/deps/legder_xelis-53a0edecdc8ef744.legder_xelis.24eea2af218bcfe3-cgu.0.rcgu.o:(.text._ZN4core5slice29_$LT$impl$u20$$u5b$T$u5d$$GT$7reverse17h4a08f924e0392fa7E)
c0de0322 c0de0322        0     1                 $t
c0de0323 c0de0323       62     1                 core::slice::_$LT$impl$u20$$u5b$T$u5d$$GT$::reverse::h4a08f924e0392fa7
c0de0384 c0de0384       20     4         /app/target/nanosplus/release/deps/legder_xelis-53a0edecdc8ef744.legder_xelis.24eea2af218bcfe3-cgu.0.rcgu.o:(.text._ZN4core6result19Result$LT$T$C$E$GT$6expect17h203bf820ca559b3cE)
c0de0384 c0de0384        0     1                 $t
c0de0385 c0de0385       20     1                 core::result::Result$LT$T$C$E$GT$::expect::h203bf820ca559b3c
c0de039c c0de039c        0     1                 $d
c0de03a4 c0de03a4       36     2         /app/target/nanosplus/release/deps/legder_xelis-53a0edecdc8ef744.legder_xelis.24eea2af218bcfe3-cgu.0.rcgu.o:(.text._ZN52_$LT$char$u20$as$u20$core..str..pattern..Pattern$GT$13into_searcher17he79afdc43853ffafE)
c0de03a4 c0de03a4        0     1                 $t
c0de03a5 c0de03a5       36     1                 _$LT$char$u20$as$u20$core..str..pattern..Pattern$GT$::into_searcher::he79afdc43853ffaf
c0de03dc c0de03dc       b0     4         /app/target/nanosplus/release/deps/legder_xelis-53a0edecdc8ef744.legder_xelis.24eea2af218bcfe3-cgu.0.rcgu.o:(.text._ZN53_$LT$T$u20$as$u20$core..convert..TryInto$LT$U$GT$$GT$8try_into17he80af0ace2b6b2e4E)
c0de03dc c0de03dc        0     1                 $t
c0de03dd c0de03dd       b0     1                 _$LT$T$u20$as$u20$core..convert..TryInto$LT$U$GT$$GT$::try_into::he80af0ace2b6b2e4
c0de0484 c0de0484        0     1                 $d
c0de048c c0de048c       14     4         /app/target/nanosplus/release/deps/legder_xelis-53a0edecdc8ef744.legder_xelis.24eea2af218bcfe3-cgu.0.rcgu.o:(.text._ZN53_$LT$core..fmt..Error$u20$as$u20$core..fmt..Debug$GT$3fmt17h001ea8bfe78df64fE)
c0de048c c0de048c        0     1                 $t
c0de048d c0de048d       14     1                 _$LT$core..fmt..Error$u20$as$u20$core..fmt..Debug$GT$::fmt::h001ea8bfe78df64f
c0de049c c0de049c        0     1                 $d
c0de04a0 c0de04a0       4c     2         /app/target/nanosplus/release/deps/legder_xelis-53a0edecdc8ef744.legder_xelis.24eea2af218bcfe3-cgu.0.rcgu.o:(.text._ZN58_$LT$alloc..string..String$u20$as$u20$core..fmt..Write$GT$10write_char17h54e22f85b9b75498E)
c0de04a0 c0de04a0        0     1                 $t
c0de04a1 c0de04a1       4c     1                 _$LT$alloc..string..String$u20$as$u20$core..fmt..Write$GT$::write_char::h54e22f85b9b75498
c0de04ec c0de04ec        e     2         /app/target/nanosplus/release/deps/legder_xelis-53a0edecdc8ef744.legder_xelis.24eea2af218bcfe3-cgu.0.rcgu.o:(.text._ZN58_$LT$alloc..string..String$u20$as$u20$core..fmt..Write$GT$9write_str17heb4cb39d5114e6e5E)
c0de04ec c0de04ec        0     1                 $t
c0de04ed c0de04ed        e     1                 _$LT$alloc..string..String$u20$as$u20$core..fmt..Write$GT$::write_str::heb4cb39d5114e6e5
c0de04fc c0de04fc       9c     4         /app/target/nanosplus/release/deps/legder_xelis-53a0edecdc8ef744.legder_xelis.24eea2af218bcfe3-cgu.0.rcgu.o:(.text._ZN5alloc3fmt6format17h63be608864c56853E)
c0de04fc c0de04fc        0     1                 $t
c0de04fd c0de04fd       9c     1                 alloc::fmt::format::h63be608864c56853
c0de0590 c0de0590        0     1                 $d
c0de0598 c0de0598       32     2         /app/target/nanosplus/release/deps/legder_xelis-53a0edecdc8ef744.legder_xelis.24eea2af218bcfe3-cgu.0.rcgu.o:(.text._ZN5alloc3vec16Vec$LT$T$C$A$GT$4push17h1c7a2ee835567ae5E)
c0de0598 c0de0598        0     1                 $t
c0de0599 c0de0599       32     1                 alloc::vec::Vec$LT$T$C$A$GT$::push::h1c7a2ee835567ae5
c0de05ca c0de05ca        8     2         /app/target/nanosplus/release/deps/legder_xelis-53a0edecdc8ef744.legder_xelis.24eea2af218bcfe3-cgu.0.rcgu.o:(.text._ZN5alloc7raw_vec19RawVec$LT$T$C$A$GT$8grow_one17h836a07c566d599b1E)
c0de05ca c0de05ca        0     1                 $t
c0de05cb c0de05cb        8     1                 alloc::raw_vec::RawVec$LT$T$C$A$GT$::grow_one::h836a07c566d599b1
c0de05d2 c0de05d2        8     2         /app/target/nanosplus/release/deps/legder_xelis-53a0edecdc8ef744.legder_xelis.24eea2af218bcfe3-cgu.0.rcgu.o:(.text._ZN5alloc7raw_vec19RawVec$LT$T$C$A$GT$8grow_one17hc395329555a066c3E)
c0de05d2 c0de05d2        0     1                 $t
c0de05d3 c0de05d3        8     1                 alloc::raw_vec::RawVec$LT$T$C$A$GT$::grow_one::hc395329555a066c3
c0de05dc c0de05dc       14     4         /app/target/nanosplus/release/deps/legder_xelis-53a0edecdc8ef744.legder_xelis.24eea2af218bcfe3-cgu.0.rcgu.o:(.text._ZN5alloc7raw_vec19RawVec$LT$T$C$A$GT$8grow_one17hd62f64171f82e1c0E)
c0de05dc c0de05dc        0     1                 $t
c0de05dd c0de05dd       14     1                 alloc::raw_vec::RawVec$LT$T$C$A$GT$::grow_one::hd62f64171f82e1c0
c0de05ec c0de05ec        0     1                 $d
c0de05f0 c0de05f0       22     2         /app/target/nanosplus/release/deps/legder_xelis-53a0edecdc8ef744.legder_xelis.24eea2af218bcfe3-cgu.0.rcgu.o:(.text._ZN5alloc7raw_vec20RawVecInner$LT$A$GT$16with_capacity_in17hec46672469db15cfE)
c0de05f0 c0de05f0        0     1                 $t
c0de05f1 c0de05f1       22     1                 alloc::raw_vec::RawVecInner$LT$A$GT$::with_capacity_in::hec46672469db15cf
c0de0612 c0de0612       24     2         /app/target/nanosplus/release/deps/legder_xelis-53a0edecdc8ef744.legder_xelis.24eea2af218bcfe3-cgu.0.rcgu.o:(.text._ZN5alloc7raw_vec20RawVecInner$LT$A$GT$23with_capacity_zeroed_in17h64ece80fa61b1ba5E)
c0de0612 c0de0612        0     1                 $t
c0de0613 c0de0613       24     1                 alloc::raw_vec::RawVecInner$LT$A$GT$::with_capacity_zeroed_in::h64ece80fa61b1ba5
c0de0636 c0de0636       1c     2         /app/target/nanosplus/release/deps/legder_xelis-53a0edecdc8ef744.legder_xelis.24eea2af218bcfe3-cgu.0.rcgu.o:(.text._ZN5alloc7raw_vec20RawVecInner$LT$A$GT$7reserve17h065cf6b9e1edc08bE)
c0de0636 c0de0636        0     1                 $t
c0de0637 c0de0637       1c     1                 alloc::raw_vec::RawVecInner$LT$A$GT$::reserve::h065cf6b9e1edc08b
c0de0654 c0de0654       20     4         /app/target/nanosplus/release/deps/legder_xelis-53a0edecdc8ef744.legder_xelis.24eea2af218bcfe3-cgu.0.rcgu.o:(.text._ZN5alloc7raw_vec20RawVecInner$LT$A$GT$8grow_one17hd48a5f46380daafaE)
c0de0654 c0de0654        0     1                 $t
c0de0655 c0de0655       20     1                 alloc::raw_vec::RawVecInner$LT$A$GT$::grow_one::hd48a5f46380daafa
c0de0670 c0de0670        0     1                 $d
c0de0674 c0de0674        c     2         /app/target/nanosplus/release/deps/legder_xelis-53a0edecdc8ef744.legder_xelis.24eea2af218bcfe3-cgu.0.rcgu.o:(.text._ZN60_$LT$alloc..string..String$u20$as$u20$core..fmt..Display$GT$3fmt17h78b242d328865670E)
c0de0674 c0de0674        0     1                 $t
c0de0675 c0de0675        c     1                 _$LT$alloc..string..String$u20$as$u20$core..fmt..Display$GT$::fmt::h78b242d328865670
c0de0680 c0de0680       40     4         /app/target/nanosplus/release/deps/legder_xelis-53a0edecdc8ef744.legder_xelis.24eea2af218bcfe3-cgu.0.rcgu.o:(.text._ZN67_$LT$core..array..TryFromSliceError$u20$as$u20$core..fmt..Debug$GT$3fmt17h6745f7e496feee7cE)
c0de0680 c0de0680        0     1                 $t
c0de0681 c0de0681       40     1                 _$LT$core..array..TryFromSliceError$u20$as$u20$core..fmt..Debug$GT$::fmt::h6745f7e496feee7c
c0de06b8 c0de06b8        0     1                 $d
c0de06c0 c0de06c0       24     4         /app/target/nanosplus/release/deps/legder_xelis-53a0edecdc8ef744.legder_xelis.24eea2af218bcfe3-cgu.0.rcgu.o:(.text._ZN81_$LT$alloc..vec..Vec$LT$T$C$A$GT$$u20$as$u20$core..ops..index..Index$LT$I$GT$$GT$5index17h50a64085f54df945E)
c0de06c0 c0de06c0        0     1                 $t
c0de06c1 c0de06c1       24     1                 _$LT$alloc..vec..Vec$LT$T$C$A$GT$$u20$as$u20$core..ops..index..Index$LT$I$GT$$GT$::index::h50a64085f54df945
c0de06e0 c0de06e0        0     1                 $d
c0de06e4 c0de06e4       14     2         /app/target/nanosplus/release/deps/legder_xelis-53a0edecdc8ef744.legder_xelis.24eea2af218bcfe3-cgu.0.rcgu.o:(.text._ZN81_$LT$alloc..vec..Vec$LT$T$C$A$GT$$u20$as$u20$core..ops..index..Index$LT$I$GT$$GT$5index17hd5f934cd8db861beE)
c0de06e4 c0de06e4        0     1                 $t
c0de06e5 c0de06e5       14     1                 _$LT$alloc..vec..Vec$LT$T$C$A$GT$$u20$as$u20$core..ops..index..Index$LT$I$GT$$GT$::index::hd5f934cd8db861be
c0de06f8 c0de06f8       c4     2         /app/target/nanosplus/release/deps/legder_xelis-53a0edecdc8ef744.legder_xelis.24eea2af218bcfe3-cgu.0.rcgu.o:(.text._ZN81_$LT$core..str..pattern..CharSearcher$u20$as$u20$core..str..pattern..Searcher$GT$10next_match17hffa8ba89a8328c8fE)
c0de06f8 c0de06f8        0     1                 $t
c0de06f9 c0de06f9       c4     1                 _$LT$core..str..pattern..CharSearcher$u20$as$u20$core..str..pattern..Searcher$GT$::next_match::hffa8ba89a8328c8f
c0de07bc c0de07bc       14     2         /app/target/nanosplus/release/deps/legder_xelis-53a0edecdc8ef744.legder_xelis.24eea2af218bcfe3-cgu.0.rcgu.o:(.text._ZN84_$LT$alloc..vec..Vec$LT$T$C$A$GT$$u20$as$u20$core..ops..index..IndexMut$LT$I$GT$$GT$9index_mut17h61d3dfb1e543bdeeE)
c0de07bc c0de07bc        0     1                 $t
c0de07bd c0de07bd       14     1                 _$LT$alloc..vec..Vec$LT$T$C$A$GT$$u20$as$u20$core..ops..index..IndexMut$LT$I$GT$$GT$::index_mut::h61d3dfb1e543bdee
c0de07d0 c0de07d0        a     2         /app/target/nanosplus/release/deps/legder_xelis-53a0edecdc8ef744.legder_xelis.24eea2af218bcfe3-cgu.0.rcgu.o:(.text._ZN84_$LT$alloc..vec..Vec$LT$T$C$A$GT$$u20$as$u20$core..ops..index..IndexMut$LT$I$GT$$GT$9index_mut17hb5ca6f096cbeb58cE)
c0de07d0 c0de07d0        0     1                 $t
c0de07d1 c0de07d1        a     1                 _$LT$alloc..vec..Vec$LT$T$C$A$GT$$u20$as$u20$core..ops..index..IndexMut$LT$I$GT$$GT$::index_mut::hb5ca6f096cbeb58c
c0de07da c0de07da       5a     2         /app/target/nanosplus/release/deps/legder_xelis-53a0edecdc8ef744.legder_xelis.24eea2af218bcfe3-cgu.0.rcgu.o:(.text._ZN90_$LT$core..str..iter..Split$LT$P$GT$$u20$as$u20$core..iter..traits..iterator..Iterator$GT$4next17hdcf7cf4a2c3f98f6E)
c0de07da c0de07da        0     1                 $t
c0de07db c0de07db       5a     1                 _$LT$core..str..iter..Split$LT$P$GT$$u20$as$u20$core..iter..traits..iterator..Iterator$GT$::next::hdcf7cf4a2c3f98f6
c0de0834 c0de0834       24     2         /app/target/nanosplus/release/deps/legder_xelis-53a0edecdc8ef744.legder_xelis.24eea2af218bcfe3-cgu.0.rcgu.o:(.text._ZN91_$LT$core..slice..iter..Iter$LT$T$GT$$u20$as$u20$core..iter..traits..iterator..Iterator$GT$3all17hbfe0df9bb05a929cE)
c0de0834 c0de0834        0     1                 $t
c0de0835 c0de0835       24     1                 _$LT$core..slice..iter..Iter$LT$T$GT$$u20$as$u20$core..iter..traits..iterator..Iterator$GT$::all::hbfe0df9bb05a929c
c0de0858 c0de0858      1fc     4         /app/target/nanosplus/release/deps/legder_xelis-53a0edecdc8ef744.legder_xelis.24eea2af218bcfe3-cgu.0.rcgu.o:(.text._ZN12legder_xelis6crypto7address7Address8to_bytes17h8fa55f66ee008f81E)
c0de0858 c0de0858        0     1                 $t
c0de0859 c0de0859      1fc     1                 legder_xelis::crypto::address::Address::to_bytes::h8fa55f66ee008f81
c0de0a44 c0de0a44        0     1                 $d
c0de0a54 c0de0a54       40     4         /app/target/nanosplus/release/deps/legder_xelis-53a0edecdc8ef744.legder_xelis.24eea2af218bcfe3-cgu.0.rcgu.o:(.text._ZN12legder_xelis6crypto7address12polymod_step17h814c2effa4d0d53bE)
c0de0a54 c0de0a54        0     1                 $t
c0de0a55 c0de0a55       40     1                 legder_xelis::crypto::address::polymod_step::h814c2effa4d0d53b
c0de0a8c c0de0a8c        0     1                 $d
c0de0a94 c0de0a94      3f0     4         /app/target/nanosplus/release/deps/legder_xelis-53a0edecdc8ef744.legder_xelis.24eea2af218bcfe3-cgu.0.rcgu.o:(.text._ZN12legder_xelis6crypto7address19format_address_safe17h9d82f972eb17084bE)
c0de0a94 c0de0a94        0     1                 $t
c0de0a95 c0de0a95      3f0     1                 legder_xelis::crypto::address::format_address_safe::h9d82f972eb17084b
c0de0e4c c0de0e4c        0     1                 $d
c0de0e84 c0de0e84       24     2         /app/target/nanosplus/release/deps/legder_xelis-53a0edecdc8ef744.legder_xelis.24eea2af218bcfe3-cgu.0.rcgu.o:(.text._ZN12legder_xelis6crypto9ristretto19CompressedRistretto11to_le_bytes17hbcfc542a5ba59e06E)
c0de0e84 c0de0e84        0     1                 $t
c0de0e85 c0de0e85       24     1                 legder_xelis::crypto::ristretto::CompressedRistretto::to_le_bytes::hbcfc542a5ba59e06
c0de0ea8 c0de0ea8       20     4         /app/target/nanosplus/release/deps/legder_xelis-53a0edecdc8ef744.legder_xelis.24eea2af218bcfe3-cgu.0.rcgu.o:(.text._ZN12legder_xelis6crypto9ristretto11fe25519_mul17h320d862f2e407a01E)
c0de0ea8 c0de0ea8        0     1                 $t
c0de0ea9 c0de0ea9       20     1                 legder_xelis::crypto::ristretto::fe25519_mul::h320d862f2e407a01
c0de0ec4 c0de0ec4        0     1                 $d
c0de0ec8 c0de0ec8       20     4         /app/target/nanosplus/release/deps/legder_xelis-53a0edecdc8ef744.legder_xelis.24eea2af218bcfe3-cgu.0.rcgu.o:(.text._ZN12legder_xelis6crypto9ristretto11fe25519_add17hdee45e1364b7c0e6E)
c0de0ec8 c0de0ec8        0     1                 $t
c0de0ec9 c0de0ec9       20     1                 legder_xelis::crypto::ristretto::fe25519_add::hdee45e1364b7c0e6
c0de0ee4 c0de0ee4        0     1                 $d
c0de0ee8 c0de0ee8       20     4         /app/target/nanosplus/release/deps/legder_xelis-53a0edecdc8ef744.legder_xelis.24eea2af218bcfe3-cgu.0.rcgu.o:(.text._ZN12legder_xelis6crypto9ristretto11fe25519_sub17h2c33ab69e67ecab7E)
c0de0ee8 c0de0ee8        0     1                 $t
c0de0ee9 c0de0ee9       20     1                 legder_xelis::crypto::ristretto::fe25519_sub::h2c33ab69e67ecab7
c0de0f04 c0de0f04        0     1                 $d
c0de0f08 c0de0f08       24     4         /app/target/nanosplus/release/deps/legder_xelis-53a0edecdc8ef744.legder_xelis.24eea2af218bcfe3-cgu.0.rcgu.o:(.text._ZN12legder_xelis6crypto9ristretto11fe25519_neg17h7ff8adee3d7e32d1E)
c0de0f08 c0de0f08        0     1                 $t
c0de0f09 c0de0f09       24     1                 legder_xelis::crypto::ristretto::fe25519_neg::h7ff8adee3d7e32d1
c0de0f28 c0de0f28        0     1                 $d
c0de0f2c c0de0f2c      404     4         /app/target/nanosplus/release/deps/legder_xelis-53a0edecdc8ef744.legder_xelis.24eea2af218bcfe3-cgu.0.rcgu.o:(.text._ZN12legder_xelis6crypto9ristretto14RistrettoPoint8compress17h5d254482cdbc76fcE)
c0de0f2c c0de0f2c        0     1                 $t
c0de0f2d c0de0f2d      404     1                 legder_xelis::crypto::ristretto::RistrettoPoint::compress::h5d254482cdbc76fc
c0de130c c0de130c        0     1                 $d
c0de1330 c0de1330       d0     4         /app/target/nanosplus/release/deps/legder_xelis-53a0edecdc8ef744.legder_xelis.24eea2af218bcfe3-cgu.0.rcgu.o:(.text._ZN12legder_xelis6crypto9ristretto21scalar_mult_ristretto17ha7234f330d8837fdE)
c0de1330 c0de1330        0     1                 $t
c0de1331 c0de1331       d0     1                 legder_xelis::crypto::ristretto::scalar_mult_ristretto::ha7234f330d8837fd
c0de13fc c0de13fc        0     1                 $d
c0de1400 c0de1400      200     4         /app/target/nanosplus/release/deps/legder_xelis-53a0edecdc8ef744.legder_xelis.24eea2af218bcfe3-cgu.0.rcgu.o:(.text._ZN12legder_xelis6crypto9ristretto11edwards_add17h128f4b4bb68a1e0fE)
c0de1400 c0de1400        0     1                 $t
c0de1401 c0de1401      200     1                 legder_xelis::crypto::ristretto::edwards_add::h128f4b4bb68a1e0f
c0de15fc c0de15fc        0     1                 $d
c0de1600 c0de1600       b8     4         /app/target/nanosplus/release/deps/legder_xelis-53a0edecdc8ef744.legder_xelis.24eea2af218bcfe3-cgu.0.rcgu.o:(.text._ZN12legder_xelis6crypto9ristretto25xelis_public_from_private17h6d7b7d5b190ef03dE)
c0de1600 c0de1600        0     1                 $t
c0de1601 c0de1601       b8     1                 legder_xelis::crypto::ristretto::xelis_public_from_private::h6d7b7d5b190ef03d
c0de16b4 c0de16b4        0     1                 $d
c0de16b8 c0de16b8       1c     2         /app/target/nanosplus/release/deps/legder_xelis-53a0edecdc8ef744.legder_xelis.24eea2af218bcfe3-cgu.0.rcgu.o:(.text._ZN12legder_xelis6crypto6scalar7is_zero17had06e2df0a105efcE)
c0de16b8 c0de16b8        0     1                 $t
c0de16b9 c0de16b9       1c     1                 legder_xelis::crypto::scalar::is_zero::had06e2df0a105efc
c0de16d4 c0de16d4       64     4         /app/target/nanosplus/release/deps/legder_xelis-53a0edecdc8ef744.legder_xelis.24eea2af218bcfe3-cgu.0.rcgu.o:(.text._ZN12legder_xelis6crypto6scalar13scalar_invert17h2a85986a077f9372E)
c0de16d4 c0de16d4        0     1                 $t
c0de16d5 c0de16d5       64     1                 legder_xelis::crypto::scalar::scalar_invert::h2a85986a077f9372
c0de172c c0de172c        0     1                 $d
c0de1738 c0de1738       1c     2         /app/target/nanosplus/release/deps/legder_xelis-53a0edecdc8ef744.legder_xelis.24eea2af218bcfe3-cgu.0.rcgu.o:(.text._ZN12legder_xelis6crypto6secure23SensitiveBytes$LT$_$GT$15copy_from_slice17hbb2ea38c76156cabE)
c0de1738 c0de1738        0     1                 $t
c0de1739 c0de1739       1c     1                 legder_xelis::crypto::secure::SensitiveBytes$LT$_$GT$::copy_from_slice::hbb2ea38c76156cab
c0de1754 c0de1754        6     2         /app/target/nanosplus/release/deps/legder_xelis-53a0edecdc8ef744.legder_xelis.24eea2af218bcfe3-cgu.0.rcgu.o:(.text._ZN95_$LT$legder_xelis..crypto..secure..SensitiveBytes$LT$_$GT$$u20$as$u20$core..ops..drop..Drop$GT$4drop17h823b72db9f0e8515E)
c0de1754 c0de1754        0     1                 $t
c0de1755 c0de1755        6     1                 _$LT$legder_xelis..crypto..secure..SensitiveBytes$LT$_$GT$$u20$as$u20$core..ops..drop..Drop$GT$::drop::h823b72db9f0e8515
c0de175a c0de175a        6     2         /app/target/nanosplus/release/deps/legder_xelis-53a0edecdc8ef744.legder_xelis.24eea2af218bcfe3-cgu.0.rcgu.o:(.text._ZN95_$LT$legder_xelis..crypto..secure..SensitiveBytes$LT$_$GT$$u20$as$u20$core..ops..drop..Drop$GT$4drop17hc38014b3a4dcb853E)
c0de175a c0de175a        0     1                 $t
c0de175b c0de175b        6     1                 _$LT$legder_xelis..crypto..secure..SensitiveBytes$LT$_$GT$$u20$as$u20$core..ops..drop..Drop$GT$::drop::hc38014b3a4dcb853
c0de1760 c0de1760        e     2         /app/target/nanosplus/release/deps/legder_xelis-53a0edecdc8ef744.legder_xelis.24eea2af218bcfe3-cgu.0.rcgu.o:(.text._ZN12legder_xelis6crypto6secure11secure_wipe17hee456566634868e3E)
c0de1760 c0de1760        0     1                 $t
c0de1761 c0de1761        e     1                 legder_xelis::crypto::secure::secure_wipe::hee456566634868e3
c0de176e c0de176e       66     2         /app/target/nanosplus/release/deps/legder_xelis-53a0edecdc8ef744.legder_xelis.24eea2af218bcfe3-cgu.0.rcgu.o:(.text._ZN12legder_xelis6crypto3sha4sha38sha3_51217hf4ad30e67c2a5408E)
c0de176e c0de176e        0     1                 $t
c0de176f c0de176f       66     1                 legder_xelis::crypto::sha::sha3::sha3_512::hf4ad30e67c2a5408
c0de17d4 c0de17d4       48     4         /app/target/nanosplus/release/deps/legder_xelis-53a0edecdc8ef744.legder_xelis.24eea2af218bcfe3-cgu.0.rcgu.o:(.text._ZN12legder_xelis6crypto9signature26reduce_mod_l_wide_le_to_be17h5a926759bff8bc1eE)
c0de17d4 c0de17d4        0     1                 $t
c0de17d5 c0de17d5       48     1                 legder_xelis::crypto::signature::reduce_mod_l_wide_le_to_be::h5a926759bff8bc1e
c0de1818 c0de1818        0     1                 $d
c0de181c c0de181c       70     4         /app/target/nanosplus/release/deps/legder_xelis-53a0edecdc8ef744.legder_xelis.24eea2af218bcfe3-cgu.0.rcgu.o:(.text._ZN12legder_xelis5utils13to_hex_string17h1c68428b40059386E)
c0de181c c0de181c        0     1                 $t
c0de181d c0de181d       70     1                 legder_xelis::utils::to_hex_string::h1c68428b40059386
c0de1888 c0de1888        0     1                 $d
c0de188c c0de188c       28     4         /app/target/nanosplus/release/deps/legder_xelis-53a0edecdc8ef744.legder_xelis.24eea2af218bcfe3-cgu.0.rcgu.o:(.text._ZN12legder_xelis3xlb11memo_ws_mut17h4732ab960eeb0426E)
c0de188c c0de188c        0     1                 $t
c0de188d c0de188d       28     1                 legder_xelis::xlb::memo_ws_mut::h4732ab960eeb0426
c0de18b0 c0de18b0        0     1                 $d
c0de18b4 c0de18b4       64     4         /app/target/nanosplus/release/deps/legder_xelis-53a0edecdc8ef744.legder_xelis.24eea2af218bcfe3-cgu.0.rcgu.o:(.text._ZN12legder_xelis3xlb11read_leb12817h6bea377bba4674d9E)
c0de18b4 c0de18b4        0     1                 $t
c0de18b5 c0de18b5       64     1                 legder_xelis::xlb::read_leb128::h6bea377bba4674d9
c0de1914 c0de1914        0     1                 $d
c0de1918 c0de1918       a8     4         /app/target/nanosplus/release/deps/legder_xelis-53a0edecdc8ef744.legder_xelis.24eea2af218bcfe3-cgu.0.rcgu.o:(.text._ZN12legder_xelis6app_ui4sign13format_amount17hbea2e4f2daf97837E)
c0de1918 c0de1918        0     1                 $t
c0de1919 c0de1919       a8     1                 legder_xelis::app_ui::sign::format_amount::hbea2e4f2daf97837
c0de19b0 c0de19b0        0     1                 $d
c0de19c0 c0de19c0       64     2         /app/target/nanosplus/release/deps/legder_xelis-53a0edecdc8ef744.legder_xelis.24eea2af218bcfe3-cgu.0.rcgu.o:(.text._ZN12legder_xelis8handlers7sign_tx9TxContext5reset17h3a74307600c1a930E)
c0de19c0 c0de19c0        0     1                 $t
c0de19c1 c0de19c1       64     1                 legder_xelis::handlers::sign_tx::TxContext::reset::h3a74307600c1a930
c0de1a24 c0de1a24       24     4         /app/target/nanosplus/release/deps/legder_xelis-53a0edecdc8ef744.legder_xelis.24eea2af218bcfe3-cgu.0.rcgu.o:(.text._ZN12legder_xelis8settings8Settings7get_mut17h92553feef478df5cE)
c0de1a24 c0de1a24        0     1                 $t
c0de1a25 c0de1a25       24     1                 legder_xelis::settings::Settings::get_mut::h92553feef478df5c
c0de1a40 c0de1a40        0     1                 $d
c0de1a48 c0de1a48     25f0     4         /app/target/nanosplus/release/deps/legder_xelis-53a0edecdc8ef744.legder_xelis.24eea2af218bcfe3-cgu.0.rcgu.o:(.text.sample_main)
c0de1a48 c0de1a48        0     1                 $t
c0de1a49 c0de1a49     25f0     1                 sample_main
c0de1ec4 c0de1ec4        0     1                 $d
c0de1ef0 c0de1ef0        0     1                 $t
c0de1f3a c0de1f3a        0     1                 $d
c0de1f3e c0de1f3e        0     1                 $t
c0de202c c0de202c        0     1                 $d
c0de2030 c0de2030        0     1                 $t
c0de20ba c0de20ba        0     1                 $d
c0de20c0 c0de20c0        0     1                 $t
c0de2448 c0de2448        0     1                 $d
c0de2458 c0de2458        0     1                 $t
c0de266c c0de266c        0     1                 $d
c0de2670 c0de2670        0     1                 $t
c0de294c c0de294c        0     1                 $d
c0de2958 c0de2958        0     1                 $t
c0de29f8 c0de29f8        0     1                 $d
c0de29fc c0de29fc        0     1                 $t
c0de2ba2 c0de2ba2        0     1                 $d
c0de2bac c0de2bac        0     1                 $t
c0de2f04 c0de2f04        0     1                 $d
c0de2f50 c0de2f50        0     1                 $t
c0de3380 c0de3380        0     1                 $d
c0de339c c0de339c        0     1                 $t
c0de380a c0de380a        0     1                 $d
c0de380e c0de380e        0     1                 $t
c0de3a48 c0de3a48        0     1                 $d
c0de3a54 c0de3a54        0     1                 $t
c0de3ff8 c0de3ff8        0     1                 $d
c0de4038 c0de4038        8     2         /app/target/nanosplus/release/deps/legder_xelis-53a0edecdc8ef744.legder_xelis.24eea2af218bcfe3-cgu.0.rcgu.o:(.text.rust_begin_unwind)
c0de4038 c0de4038        0     1                 $t
c0de4039 c0de4039        8     1                 rust_begin_unwind
c0de4040 c0de4040        4     2         /app/target/nanosplus/release/deps/legder_xelis-53a0edecdc8ef744.legder_xelis.24eea2af218bcfe3-cgu.0.rcgu.o:(.text.__rust_alloc_error_handler)
c0de4040 c0de4040        0     1                 $t
c0de4041 c0de4041        4     1                 __rust_alloc_error_handler
c0de4044 c0de4044       28     2         /app/target/nanosplus/release/deps/legder_xelis-53a0edecdc8ef744.legder_xelis.24eea2af218bcfe3-cgu.0.rcgu.o:(.text._ZN5alloc3vec16Vec$LT$T$C$A$GT$4push17h81fad76c68e1062aE)
c0de4044 c0de4044        0     1                 $t
c0de4045 c0de4045       28     1                 alloc::vec::Vec$LT$T$C$A$GT$::push::h81fad76c68e1062a
c0de406c c0de406c       46     2         /app/target/nanosplus/release/deps/legder_xelis-53a0edecdc8ef744.legder_xelis.24eea2af218bcfe3-cgu.0.rcgu.o:(.text._ZN132_$LT$alloc..vec..Vec$LT$T$C$A$GT$$u20$as$u20$alloc..vec..spec_extend..SpecExtend$LT$$RF$T$C$core..slice..iter..Iter$LT$T$GT$$GT$$GT$11spec_extend17h291ec4a92d8b1fc3E)
c0de406c c0de406c        0     1                 $t
c0de406d c0de406d       46     1                 _$LT$alloc..vec..Vec$LT$T$C$A$GT$$u20$as$u20$alloc..vec..spec_extend..SpecExtend$LT$$RF$T$C$core..slice..iter..Iter$LT$T$GT$$GT$$GT$::spec_extend::h291ec4a92d8b1fc3
c0de40b4 c0de40b4       1c     4         /app/target/nanosplus/release/deps/legder_xelis-53a0edecdc8ef744.legder_xelis.24eea2af218bcfe3-cgu.0.rcgu.o:(.text.unlikely._ZN5alloc7raw_vec20RawVecInner$LT$A$GT$7reserve21do_reserve_and_handle17hbd53bfc4dac0369dE)
c0de40b4 c0de40b4        0     1                 $t
c0de40b5 c0de40b5       1c     1                 alloc::raw_vec::RawVecInner$LT$A$GT$::reserve::do_reserve_and_handle::hbd53bfc4dac0369d
c0de40cc c0de40cc        0     1                 $d
c0de40d0 c0de40d0       94     4         /app/target/nanosplus/release/deps/legder_xelis-53a0edecdc8ef744.legder_xelis.24eea2af218bcfe3-cgu.0.rcgu.o:(.text._ZN5alloc7raw_vec20RawVecInner$LT$A$GT$14grow_amortized17h51d7e6154e21cc47E)
c0de40d0 c0de40d0        0     1                 $t
c0de40d1 c0de40d1       94     1                 alloc::raw_vec::RawVecInner$LT$A$GT$::grow_amortized::h51d7e6154e21cc47
c0de4160 c0de4160        0     1                 $d
c0de4164 c0de4164       10     2         /app/target/nanosplus/release/deps/legder_xelis-53a0edecdc8ef744.legder_xelis.24eea2af218bcfe3-cgu.0.rcgu.o:(.text.unlikely._ZN5alloc7raw_vec12handle_error17hc7fdd822ef9ed6cbE)
c0de4164 c0de4164        0     1                 $t
c0de4165 c0de4165       10     1                 alloc::raw_vec::handle_error::hc7fdd822ef9ed6cb
c0de4174 c0de4174        8     2         /app/target/nanosplus/release/deps/legder_xelis-53a0edecdc8ef744.legder_xelis.24eea2af218bcfe3-cgu.0.rcgu.o:(.text._ZN5alloc7raw_vec17capacity_overflow17h882466dfad2cd630E)
c0de4174 c0de4174        0     1                 $t
c0de4175 c0de4175        8     1                 alloc::raw_vec::capacity_overflow::h882466dfad2cd630
c0de417c c0de417c        8     2         /app/target/nanosplus/release/deps/legder_xelis-53a0edecdc8ef744.legder_xelis.24eea2af218bcfe3-cgu.0.rcgu.o:(.text.unlikely._ZN5alloc5alloc18handle_alloc_error17hd4ed90cbd42cc1c2E)
c0de417c c0de417c        0     1                 $t
c0de417d c0de417d        8     1                 alloc::alloc::handle_alloc_error::hd4ed90cbd42cc1c2
c0de4184 c0de4184        8     2         /app/target/nanosplus/release/deps/legder_xelis-53a0edecdc8ef744.legder_xelis.24eea2af218bcfe3-cgu.0.rcgu.o:(.text._ZN5alloc5alloc18handle_alloc_error8rt_error17h9f9682acc5a52fb0E)
c0de4184 c0de4184        0     1                 $t
c0de4185 c0de4185        8     1                 alloc::alloc::handle_alloc_error::rt_error::h9f9682acc5a52fb0
c0de418c c0de418c       58     2         /app/target/nanosplus/release/deps/legder_xelis-53a0edecdc8ef744.legder_xelis.24eea2af218bcfe3-cgu.0.rcgu.o:(.text.unlikely._ZN5alloc7raw_vec11finish_grow17h1bae8b109ac631edE)
c0de418c c0de418c        0     1                 $t
c0de418d c0de418d       58     1                 alloc::raw_vec::finish_grow::h1bae8b109ac631ed
c0de41e4 c0de41e4       40     4         /app/target/nanosplus/release/deps/legder_xelis-53a0edecdc8ef744.legder_xelis.24eea2af218bcfe3-cgu.0.rcgu.o:(.text._ZN5alloc5alloc6Global10alloc_impl17hea64d796aae0eacbE)
c0de41e4 c0de41e4        0     1                 $t
c0de41e5 c0de41e5       40     1                 alloc::alloc::Global::alloc_impl::hea64d796aae0eacb
c0de4220 c0de4220        0     1                 $d
c0de4224 c0de4224        6     2         /app/target/nanosplus/release/deps/legder_xelis-53a0edecdc8ef744.legder_xelis.24eea2af218bcfe3-cgu.0.rcgu.o:(.text._ZN63_$LT$alloc..alloc..Global$u20$as$u20$core..alloc..Allocator$GT$8allocate17he9c12d751ea52f53E)
c0de4224 c0de4224        0     1                 $t
c0de4225 c0de4225        6     1                 _$LT$alloc..alloc..Global$u20$as$u20$core..alloc..Allocator$GT$::allocate::he9c12d751ea52f53
c0de422c c0de422c       20     4         /app/target/nanosplus/release/deps/legder_xelis-53a0edecdc8ef744.legder_xelis.24eea2af218bcfe3-cgu.0.rcgu.o:(.text._ZN5alloc7raw_vec19RawVec$LT$T$C$A$GT$8grow_one17h9d8179aeec86b2e6E)
c0de422c c0de422c        0     1                 $t
c0de422d c0de422d       20     1                 alloc::raw_vec::RawVec$LT$T$C$A$GT$::grow_one::h9d8179aeec86b2e6
c0de4248 c0de4248        0     1                 $d
c0de424c c0de424c       14     4         /app/target/nanosplus/release/deps/legder_xelis-53a0edecdc8ef744.legder_xelis.24eea2af218bcfe3-cgu.0.rcgu.o:(.text._ZN4core3fmt5Write9write_fmt17hd85b6fa056ecdbe8E)
c0de424c c0de424c        0     1                 $t
c0de424d c0de424d       14     1                 core::fmt::Write::write_fmt::hd85b6fa056ecdbe8
c0de425c c0de425c        0     1                 $d
c0de4260 c0de4260       84     2         /app/target/nanosplus/release/deps/legder_xelis-53a0edecdc8ef744.legder_xelis.24eea2af218bcfe3-cgu.0.rcgu.o:(.text._ZN58_$LT$alloc..string..String$u20$as$u20$core..fmt..Write$GT$10write_char17h54e22f85b9b75498E.12)
c0de4260 c0de4260        0     1                 $t
c0de4261 c0de4261       84     1                 _$LT$alloc..string..String$u20$as$u20$core..fmt..Write$GT$::write_char::h54e22f85b9b75498 (.12)
c0de42e4 c0de42e4        8     2         /app/target/nanosplus/release/deps/legder_xelis-53a0edecdc8ef744.legder_xelis.24eea2af218bcfe3-cgu.0.rcgu.o:(.text._ZN77_$LT$alloc..raw_vec..RawVec$LT$T$C$A$GT$$u20$as$u20$core..ops..drop..Drop$GT$4drop17h0abeb57adce07278E)
c0de42e4 c0de42e4        0     1                 $t
c0de42e5 c0de42e5        8     1                 _$LT$alloc..raw_vec..RawVec$LT$T$C$A$GT$$u20$as$u20$core..ops..drop..Drop$GT$::drop::h0abeb57adce07278
c0de42ec c0de42ec       26     2         /app/target/nanosplus/release/deps/legder_xelis-53a0edecdc8ef744.legder_xelis.24eea2af218bcfe3-cgu.0.rcgu.o:(.text._ZN5alloc7raw_vec20RawVecInner$LT$A$GT$10deallocate17h37e47151dd2982d7E)
c0de42ec c0de42ec        0     1                 $t
c0de42ed c0de42ed       26     1                 alloc::raw_vec::RawVecInner$LT$A$GT$::deallocate::h37e47151dd2982d7
c0de4312 c0de4312        8     2         /app/target/nanosplus/release/deps/legder_xelis-53a0edecdc8ef744.legder_xelis.24eea2af218bcfe3-cgu.0.rcgu.o:(.text._ZN63_$LT$alloc..alloc..Global$u20$as$u20$core..alloc..Allocator$GT$10deallocate17h8838a9711ef750adE)
c0de4312 c0de4312        0     1                 $t
c0de4313 c0de4313        8     1                 _$LT$alloc..alloc..Global$u20$as$u20$core..alloc..Allocator$GT$::deallocate::h8838a9711ef750ad
c0de431a c0de431a       60     2         /app/target/nanosplus/release/deps/legder_xelis-53a0edecdc8ef744.legder_xelis.24eea2af218bcfe3-cgu.0.rcgu.o:(.text._ZN5alloc7raw_vec20RawVecInner$LT$A$GT$15try_allocate_in17h7114d0fb80dd1c75E)
c0de431a c0de431a        0     1                 $t
c0de431b c0de431b       60     1                 alloc::raw_vec::RawVecInner$LT$A$GT$::try_allocate_in::h7114d0fb80dd1c75
c0de437a c0de437a        8     2         /app/target/nanosplus/release/deps/legder_xelis-53a0edecdc8ef744.legder_xelis.24eea2af218bcfe3-cgu.0.rcgu.o:(.text.__rdl_oom)
c0de437a c0de437a        0     1                 $t
c0de437b c0de437b        8     1                 __rdl_oom
c0de4382 c0de4382       28     2         /app/target/nanosplus/release/deps/legder_xelis-53a0edecdc8ef744.legder_xelis.24eea2af218bcfe3-cgu.0.rcgu.o:(.text._ZN5alloc3vec16Vec$LT$T$C$A$GT$16with_capacity_in17hc736ede785de68a6E)
c0de4382 c0de4382        0     1                 $t
c0de4383 c0de4383       28     1                 alloc::vec::Vec$LT$T$C$A$GT$::with_capacity_in::hc736ede785de68a6
c0de43ac c0de43ac      100     4         /app/target/nanosplus/release/deps/legder_xelis-53a0edecdc8ef744.legder_xelis.24eea2af218bcfe3-cgu.0.rcgu.o:(.text._ZN72_$LT$$RF$str$u20$as$u20$alloc..ffi..c_str..CString..new..SpecNewImpl$GT$13spec_new_impl17hd2f440c1cd931c23E)
c0de43ac c0de43ac        0     1                 $t
c0de43ad c0de43ad      100     1                 _$LT$$RF$str$u20$as$u20$alloc..ffi..c_str..CString..new..SpecNewImpl$GT$::spec_new_impl::hd2f440c1cd931c23
c0de44a8 c0de44a8        0     1                 $d
c0de44ac c0de44ac       1c     2         /app/target/nanosplus/release/deps/legder_xelis-53a0edecdc8ef744.legder_xelis.24eea2af218bcfe3-cgu.0.rcgu.o:(.text._ZN69_$LT$alloc..ffi..c_str..CString$u20$as$u20$core..default..Default$GT$7default17ha10cd83c3e37cf3dE)
c0de44ac c0de44ac        0     1                 $t
c0de44ad c0de44ad       1c     1                 _$LT$alloc..ffi..c_str..CString$u20$as$u20$core..default..Default$GT$::default::ha10cd83c3e37cf3d
c0de44c8 c0de44c8       34     2         /app/target/nanosplus/release/deps/legder_xelis-53a0edecdc8ef744.legder_xelis.24eea2af218bcfe3-cgu.0.rcgu.o:(.text._ZN5alloc5slice64_$LT$impl$u20$alloc..borrow..ToOwned$u20$for$u20$$u5b$T$u5d$$GT$8to_owned17h00b0797bb480f080E)
c0de44c8 c0de44c8        0     1                 $t
c0de44c9 c0de44c9       34     1                 alloc::slice::_$LT$impl$u20$alloc..borrow..ToOwned$u20$for$u20$$u5b$T$u5d$$GT$::to_owned::h00b0797bb480f080
c0de44fc c0de44fc       c0     4         /app/target/nanosplus/release/deps/legder_xelis-53a0edecdc8ef744.legder_xelis.24eea2af218bcfe3-cgu.0.rcgu.o:(.text._ZN4core3fmt3num3imp54_$LT$impl$u20$core..fmt..Display$u20$for$u20$usize$GT$3fmt17hedd684a81fc099d6E)
c0de44fc c0de44fc        0     1                 $t
c0de44fd c0de44fd       c0     1                 core::fmt::num::imp::_$LT$impl$u20$core..fmt..Display$u20$for$u20$usize$GT$::fmt::hedd684a81fc099d6
c0de45b4 c0de45b4        0     1                 $d
c0de45bc c0de45bc      146     2         /app/target/nanosplus/release/deps/legder_xelis-53a0edecdc8ef744.legder_xelis.24eea2af218bcfe3-cgu.0.rcgu.o:(.text._ZN4core3fmt9Formatter12pad_integral17h4ee28442901cb8eeE)
c0de45bc c0de45bc        0     1                 $t
c0de45bd c0de45bd      146     1                 core::fmt::Formatter::pad_integral::h4ee28442901cb8ee
c0de4702 c0de4702       e4     2         /app/target/nanosplus/release/deps/legder_xelis-53a0edecdc8ef744.legder_xelis.24eea2af218bcfe3-cgu.0.rcgu.o:(.text._ZN81_$LT$core..str..iter..Chars$u20$as$u20$core..iter..traits..iterator..Iterator$GT$5count17ha904057f49d7d435E)
c0de4702 c0de4702        0     1                 $t
c0de4703 c0de4703       e4     1                 _$LT$core..str..iter..Chars$u20$as$u20$core..iter..traits..iterator..Iterator$GT$::count::ha904057f49d7d435
c0de47e6 c0de47e6       42     2         /app/target/nanosplus/release/deps/legder_xelis-53a0edecdc8ef744.legder_xelis.24eea2af218bcfe3-cgu.0.rcgu.o:(.text._ZN4core3fmt9Formatter12pad_integral12write_prefix17hea9ada8dcb4eec2fE)
c0de47e6 c0de47e6        0     1                 $t
c0de47e7 c0de47e7       42     1                 core::fmt::Formatter::pad_integral::write_prefix::hea9ada8dcb4eec2f
c0de4828 c0de4828       58     4         /app/target/nanosplus/release/deps/legder_xelis-53a0edecdc8ef744.legder_xelis.24eea2af218bcfe3-cgu.0.rcgu.o:(.text._ZN4core3fmt9Formatter7padding17h1953f43711777458E)
c0de4828 c0de4828        0     1                 $t
c0de4829 c0de4829       58     1                 core::fmt::Formatter::padding::h1953f43711777458
c0de483a c0de483a        0     1                 $d
c0de483e c0de483e        0     1                 $t
c0de4880 c0de4880       38     2         /app/target/nanosplus/release/deps/legder_xelis-53a0edecdc8ef744.legder_xelis.24eea2af218bcfe3-cgu.0.rcgu.o:(.text._ZN4core3fmt11PostPadding5write17he5283145b4049661E)
c0de4880 c0de4880        0     1                 $t
c0de4881 c0de4881       38     1                 core::fmt::PostPadding::write::he5283145b4049661
c0de48b8 c0de48b8       20     2         /app/target/nanosplus/release/deps/legder_xelis-53a0edecdc8ef744.legder_xelis.24eea2af218bcfe3-cgu.0.rcgu.o:(.text._ZN56_$LT$usize$u20$as$u20$core..iter..traits..accum..Sum$GT$3sum17h94e9f58f7b9960baE)
c0de48b8 c0de48b8        0     1                 $t
c0de48b9 c0de48b9       20     1                 _$LT$usize$u20$as$u20$core..iter..traits..accum..Sum$GT$::sum::h94e9f58f7b9960ba
c0de48d8 c0de48d8       1e     2         /app/target/nanosplus/release/deps/legder_xelis-53a0edecdc8ef744.legder_xelis.24eea2af218bcfe3-cgu.0.rcgu.o:(.text._ZN4core5slice29_$LT$impl$u20$$u5b$T$u5d$$GT$15copy_from_slice17h488438e61ed3b373E)
c0de48d8 c0de48d8        0     1                 $t
c0de48d9 c0de48d9       1e     1                 core::slice::_$LT$impl$u20$$u5b$T$u5d$$GT$::copy_from_slice::h488438e61ed3b373
c0de48f6 c0de48f6        8     2         /app/target/nanosplus/release/deps/legder_xelis-53a0edecdc8ef744.legder_xelis.24eea2af218bcfe3-cgu.0.rcgu.o:(.text.unlikely._ZN4core5slice29_$LT$impl$u20$$u5b$T$u5d$$GT$15copy_from_slice17len_mismatch_fail17hf32c1a918f7963caE)
c0de48f6 c0de48f6        0     1                 $t
c0de48f7 c0de48f7        8     1                 core::slice::_$LT$impl$u20$$u5b$T$u5d$$GT$::copy_from_slice::len_mismatch_fail::hf32c1a918f7963ca
c0de48fe c0de48fe       e8     2         /app/target/nanosplus/release/deps/legder_xelis-53a0edecdc8ef744.legder_xelis.24eea2af218bcfe3-cgu.0.rcgu.o:(.text._ZN4core3fmt9Formatter3pad17h625f016dc2ab4916E)
c0de48fe c0de48fe        0     1                 $t
c0de48ff c0de48ff       e8     1                 core::fmt::Formatter::pad::h625f016dc2ab4916
c0de49e6 c0de49e6       30     2         /app/target/nanosplus/release/deps/legder_xelis-53a0edecdc8ef744.legder_xelis.24eea2af218bcfe3-cgu.0.rcgu.o:(.text._ZN87_$LT$core..str..iter..CharIndices$u20$as$u20$core..iter..traits..iterator..Iterator$GT$4next17h3fcdcb19dadd6711E)
c0de49e6 c0de49e6        0     1                 $t
c0de49e7 c0de49e7       30     1                 _$LT$core..str..iter..CharIndices$u20$as$u20$core..iter..traits..iterator..Iterator$GT$::next::h3fcdcb19dadd6711
c0de4a16 c0de4a16       1c     2         /app/target/nanosplus/release/deps/legder_xelis-53a0edecdc8ef744.legder_xelis.24eea2af218bcfe3-cgu.0.rcgu.o:(.text._ZN4core3str6traits110_$LT$impl$u20$core..slice..index..SliceIndex$LT$str$GT$$u20$for$u20$core..ops..range..RangeTo$LT$usize$GT$$GT$3get17hbdc7cdc6c7405ac5E)
c0de4a16 c0de4a16        0     1                 $t
c0de4a17 c0de4a17       1c     1                 core::str::traits::_$LT$impl$u20$core..slice..index..SliceIndex$LT$str$GT$$u20$for$u20$core..ops..range..RangeTo$LT$usize$GT$$GT$::get::hbdc7cdc6c7405ac5
c0de4a32 c0de4a32       6e     2         /app/target/nanosplus/release/deps/legder_xelis-53a0edecdc8ef744.legder_xelis.24eea2af218bcfe3-cgu.0.rcgu.o:(.text._ZN81_$LT$core..str..iter..Chars$u20$as$u20$core..iter..traits..iterator..Iterator$GT$4next17haf42089ae3e28495E.46)
c0de4a32 c0de4a32        0     1                 $t
c0de4a33 c0de4a33       6e     1                 _$LT$core..str..iter..Chars$u20$as$u20$core..iter..traits..iterator..Iterator$GT$::next::haf42089ae3e28495 (.46)
c0de4aa0 c0de4aa0        8     2         /app/target/nanosplus/release/deps/legder_xelis-53a0edecdc8ef744.legder_xelis.24eea2af218bcfe3-cgu.0.rcgu.o:(.text.unlikely._ZN4core9panicking5panic17hf8da2ad9a2e63b4aE)
c0de4aa0 c0de4aa0        0     1                 $t
c0de4aa1 c0de4aa1        8     1                 core::panicking::panic::hf8da2ad9a2e63b4a
c0de4aa8 c0de4aa8        8     2         /app/target/nanosplus/release/deps/legder_xelis-53a0edecdc8ef744.legder_xelis.24eea2af218bcfe3-cgu.0.rcgu.o:(.text.unlikely._ZN4core9panicking19assert_failed_inner17h497bbe59bc18eeb5E)
c0de4aa8 c0de4aa8        0     1                 $t
c0de4aa9 c0de4aa9        8     1                 core::panicking::assert_failed_inner::h497bbe59bc18eeb5
c0de4ab0 c0de4ab0        c     2         /app/target/nanosplus/release/deps/legder_xelis-53a0edecdc8ef744.legder_xelis.24eea2af218bcfe3-cgu.0.rcgu.o:(.text._ZN44_$LT$$RF$T$u20$as$u20$core..fmt..Display$GT$3fmt17h071c21c59cb6152dE)
c0de4ab0 c0de4ab0        0     1                 $t
c0de4ab1 c0de4ab1        c     1                 _$LT$$RF$T$u20$as$u20$core..fmt..Display$GT$::fmt::h071c21c59cb6152d
c0de4abc c0de4abc      136     2         /app/target/nanosplus/release/deps/legder_xelis-53a0edecdc8ef744.legder_xelis.24eea2af218bcfe3-cgu.0.rcgu.o:(.text._ZN4core3fmt5write17h2276077147cd1485E)
c0de4abc c0de4abc        0     1                 $t
c0de4abd c0de4abd      136     1                 core::fmt::write::h2276077147cd1485
c0de4bf2 c0de4bf2       24     2         /app/target/nanosplus/release/deps/legder_xelis-53a0edecdc8ef744.legder_xelis.24eea2af218bcfe3-cgu.0.rcgu.o:(.text._ZN4core3fmt8getcount17h4cfd513ce942c73cE)
c0de4bf2 c0de4bf2        0     1                 $t
c0de4bf3 c0de4bf3       24     1                 core::fmt::getcount::h4cfd513ce942c73c
c0de4c18 c0de4c18       e0     4         /app/target/nanosplus/release/deps/legder_xelis-53a0edecdc8ef744.legder_xelis.24eea2af218bcfe3-cgu.0.rcgu.o:(.text._ZN4core3fmt3num3imp52_$LT$impl$u20$core..fmt..Display$u20$for$u20$u64$GT$3fmt17h2dd46a595e71a414E)
c0de4c18 c0de4c18        0     1                 $t
c0de4c19 c0de4c19       e0     1                 core::fmt::num::imp::_$LT$impl$u20$core..fmt..Display$u20$for$u20$u64$GT$::fmt::h2dd46a595e71a414
c0de4cf0 c0de4cf0        0     1                 $d
c0de4cf8 c0de4cf8        8     2         /app/target/nanosplus/release/deps/legder_xelis-53a0edecdc8ef744.legder_xelis.24eea2af218bcfe3-cgu.0.rcgu.o:(.text.unlikely._ZN4core5slice5index22slice_index_order_fail17ha533745be2d5d054E)
c0de4cf8 c0de4cf8        0     1                 $t
c0de4cf9 c0de4cf9        8     1                 core::slice::index::slice_index_order_fail::ha533745be2d5d054
c0de4d00 c0de4d00        8     2         /app/target/nanosplus/release/deps/legder_xelis-53a0edecdc8ef744.legder_xelis.24eea2af218bcfe3-cgu.0.rcgu.o:(.text._ZN4core5slice5index22slice_index_order_fail8do_panic7runtime17hcd79df322e5c2350E)
c0de4d00 c0de4d00        0     1                 $t
c0de4d01 c0de4d01        8     1                 core::slice::index::slice_index_order_fail::do_panic::runtime::hcd79df322e5c2350
c0de4d08 c0de4d08       1c     2         /app/target/nanosplus/release/deps/legder_xelis-53a0edecdc8ef744.legder_xelis.24eea2af218bcfe3-cgu.0.rcgu.o:(.text._ZN4core3fmt9Arguments23as_statically_known_str17hb8343e5011a79ee9E.62)
c0de4d08 c0de4d08        0     1                 $t
c0de4d09 c0de4d09       1c     1                 core::fmt::Arguments::as_statically_known_str::hb8343e5011a79ee9 (.62)
c0de4d24 c0de4d24       44     4         /app/target/nanosplus/release/deps/legder_xelis-53a0edecdc8ef744.legder_xelis.24eea2af218bcfe3-cgu.0.rcgu.o:(.text._ZN4core3fmt3num55_$LT$impl$u20$core..fmt..LowerHex$u20$for$u20$usize$GT$3fmt17h795dc19ac3e95fe1E)
c0de4d24 c0de4d24        0     1                 $t
c0de4d25 c0de4d25       44     1                 core::fmt::num::_$LT$impl$u20$core..fmt..LowerHex$u20$for$u20$usize$GT$::fmt::h795dc19ac3e95fe1
c0de4d64 c0de4d64        0     1                 $d
c0de4d68 c0de4d68       44     4         /app/target/nanosplus/release/deps/legder_xelis-53a0edecdc8ef744.legder_xelis.24eea2af218bcfe3-cgu.0.rcgu.o:(.text._ZN4core3fmt3num55_$LT$impl$u20$core..fmt..UpperHex$u20$for$u20$usize$GT$3fmt17h45f3417b4ee03250E)
c0de4d68 c0de4d68        0     1                 $t
c0de4d69 c0de4d69       44     1                 core::fmt::num::_$LT$impl$u20$core..fmt..UpperHex$u20$for$u20$usize$GT$::fmt::h45f3417b4ee03250
c0de4da8 c0de4da8        0     1                 $d
c0de4dac c0de4dac      13c     4         /app/target/nanosplus/release/deps/legder_xelis-53a0edecdc8ef744.legder_xelis.24eea2af218bcfe3-cgu.0.rcgu.o:(.text._ZN68_$LT$core..fmt..builders..PadAdapter$u20$as$u20$core..fmt..Write$GT$9write_str17h2ffe822380d84e7dE)
c0de4dac c0de4dac        0     1                 $t
c0de4dad c0de4dad      13c     1                 _$LT$core..fmt..builders..PadAdapter$u20$as$u20$core..fmt..Write$GT$::write_str::h2ffe822380d84e7d
c0de4ee4 c0de4ee4        0     1                 $d
c0de4ee8 c0de4ee8        4     2         /app/target/nanosplus/release/deps/legder_xelis-53a0edecdc8ef744.legder_xelis.24eea2af218bcfe3-cgu.0.rcgu.o:(.text._ZN4core3cmp5impls69_$LT$impl$u20$core..cmp..PartialEq$LT$$RF$B$GT$$u20$for$u20$$RF$A$GT$2eq17h981c27d8bd960054E)
c0de4ee8 c0de4ee8        0     1                 $t
c0de4ee9 c0de4ee9        4     1                 core::cmp::impls::_$LT$impl$u20$core..cmp..PartialEq$LT$$RF$B$GT$$u20$for$u20$$RF$A$GT$::eq::h981c27d8bd960054
c0de4eec c0de4eec       1e     2         /app/target/nanosplus/release/deps/legder_xelis-53a0edecdc8ef744.legder_xelis.24eea2af218bcfe3-cgu.0.rcgu.o:(.text._ZN73_$LT$$u5b$A$u5d$$u20$as$u20$core..slice..cmp..SlicePartialEq$LT$B$GT$$GT$5equal17hb7b5a37985138661E)
c0de4eec c0de4eec        0     1                 $t
c0de4eed c0de4eed       1e     1                 _$LT$$u5b$A$u5d$$u20$as$u20$core..slice..cmp..SlicePartialEq$LT$B$GT$$GT$::equal::hb7b5a37985138661
c0de4f0c c0de4f0c       8c     4         /app/target/nanosplus/release/deps/legder_xelis-53a0edecdc8ef744.legder_xelis.24eea2af218bcfe3-cgu.0.rcgu.o:(.text._ZN4core5slice6memchr14memchr_aligned17h1835a9bae932372eE)
c0de4f0c c0de4f0c        0     1                 $t
c0de4f0d c0de4f0d       8c     1                 core::slice::memchr::memchr_aligned::h1835a9bae932372e
c0de4f94 c0de4f94        0     1                 $d
c0de4f98 c0de4f98       22     2         /app/target/nanosplus/release/deps/legder_xelis-53a0edecdc8ef744.legder_xelis.24eea2af218bcfe3-cgu.0.rcgu.o:(.text._ZN4core5slice6memchr12memchr_naive17h245d302a43bd39bfE)
c0de4f98 c0de4f98        0     1                 $t
c0de4f99 c0de4f99       22     1                 core::slice::memchr::memchr_naive::h245d302a43bd39bf
c0de4fba c0de4fba        8     2         /app/target/nanosplus/release/deps/legder_xelis-53a0edecdc8ef744.legder_xelis.24eea2af218bcfe3-cgu.0.rcgu.o:(.text.unlikely._ZN4core4cell22panic_already_borrowed17h14110f611f3bf771E)
c0de4fba c0de4fba        0     1                 $t
c0de4fbb c0de4fbb        8     1                 core::cell::panic_already_borrowed::h14110f611f3bf771
c0de4fc4 c0de4fc4       4c     4         /app/target/nanosplus/release/deps/legder_xelis-53a0edecdc8ef744.legder_xelis.24eea2af218bcfe3-cgu.0.rcgu.o:(.text._ZN68_$LT$core..fmt..builders..PadAdapter$u20$as$u20$core..fmt..Write$GT$10write_char17hf917504149708b11E)
c0de4fc4 c0de4fc4        0     1                 $t
c0de4fc5 c0de4fc5       4c     1                 _$LT$core..fmt..builders..PadAdapter$u20$as$u20$core..fmt..Write$GT$::write_char::hf917504149708b11
c0de500c c0de500c        0     1                 $d
c0de5010 c0de5010       34     4         /app/target/nanosplus/release/deps/legder_xelis-53a0edecdc8ef744.legder_xelis.24eea2af218bcfe3-cgu.0.rcgu.o:(.text._ZN4core3fmt5Write9write_fmt17h443c5a0ebfb64c11E)
c0de5010 c0de5010        0     1                 $t
c0de5011 c0de5011       34     1                 core::fmt::Write::write_fmt::h443c5a0ebfb64c11
c0de5040 c0de5040        0     1                 $d
c0de5044 c0de5044       14     4         /app/target/nanosplus/release/deps/legder_xelis-53a0edecdc8ef744.legder_xelis.24eea2af218bcfe3-cgu.0.rcgu.o:(.text.unlikely._ZN4core6option13unwrap_failed17h047360c91be041adE)
c0de5044 c0de5044        0     1                 $t
c0de5045 c0de5045       14     1                 core::option::unwrap_failed::h047360c91be041ad
c0de5054 c0de5054        0     1                 $d
c0de5058 c0de5058        8     2         /app/target/nanosplus/release/deps/legder_xelis-53a0edecdc8ef744.legder_xelis.24eea2af218bcfe3-cgu.0.rcgu.o:(.text.unlikely._ZN4core6result13unwrap_failed17hd664c74235147e64E)
c0de5058 c0de5058        0     1                 $t
c0de5059 c0de5059        8     1                 core::result::unwrap_failed::hd664c74235147e64
c0de5060 c0de5060        8     2         /app/target/nanosplus/release/deps/legder_xelis-53a0edecdc8ef744.legder_xelis.24eea2af218bcfe3-cgu.0.rcgu.o:(.text.unlikely._ZN4core9panicking18panic_nounwind_fmt17h139e7cef88d473d1E)
c0de5060 c0de5060        0     1                 $t
c0de5061 c0de5061        8     1                 core::panicking::panic_nounwind_fmt::h139e7cef88d473d1
c0de5068 c0de5068       cc     4         /app/target/nanosplus/release/deps/legder_xelis-53a0edecdc8ef744.legder_xelis.24eea2af218bcfe3-cgu.0.rcgu.o:(.text._ZN4core3fmt8builders10DebugTuple10field_with17h80f717c6f56bd72cE)
c0de5068 c0de5068        0     1                 $t
c0de5069 c0de5069       cc     1                 core::fmt::builders::DebugTuple::field_with::h80f717c6f56bd72c
c0de5120 c0de5120        0     1                 $d
c0de5134 c0de5134       58     4         /app/target/nanosplus/release/deps/legder_xelis-53a0edecdc8ef744.legder_xelis.24eea2af218bcfe3-cgu.0.rcgu.o:(.text._ZN4core3fmt8builders10DebugTuple6finish17h3b6b54e029910633E)
c0de5134 c0de5134        0     1                 $t
c0de5135 c0de5135       58     1                 core::fmt::builders::DebugTuple::finish::h3b6b54e029910633
c0de5184 c0de5184        0     1                 $d
c0de518c c0de518c        c     2         /app/target/nanosplus/release/deps/legder_xelis-53a0edecdc8ef744.legder_xelis.24eea2af218bcfe3-cgu.0.rcgu.o:(.text.unlikely._ZN4core3str16slice_error_fail17hbc56068ba0bc111dE)
c0de518c c0de518c        0     1                 $t
c0de518d c0de518d        c     1                 core::str::slice_error_fail::hbc56068ba0bc111d
c0de5198 c0de5198       98     2         /app/target/nanosplus/release/deps/legder_xelis-53a0edecdc8ef744.legder_xelis.24eea2af218bcfe3-cgu.0.rcgu.o:(.text._ZN4core3str19slice_error_fail_rt17h3978e6c12548ec4dE)
c0de5198 c0de5198        0     1                 $t
c0de5199 c0de5199       98     1                 core::str::slice_error_fail_rt::h3978e6c12548ec4d
c0de5230 c0de5230       32     2         /app/target/nanosplus/release/deps/legder_xelis-53a0edecdc8ef744.legder_xelis.24eea2af218bcfe3-cgu.0.rcgu.o:(.text._ZN4core3str21_$LT$impl$u20$str$GT$19floor_char_boundary17h515bb750f4bc5d88E)
c0de5230 c0de5230        0     1                 $t
c0de5231 c0de5231       32     1                 core::str::_$LT$impl$u20$str$GT$::floor_char_boundary::h515bb750f4bc5d88
c0de5264 c0de5264       10     4         /app/target/nanosplus/release/deps/legder_xelis-53a0edecdc8ef744.legder_xelis.24eea2af218bcfe3-cgu.0.rcgu.o:(.text._ZN42_$LT$$RF$T$u20$as$u20$core..fmt..Debug$GT$3fmt17h67dfb30e2cf1d554E)
c0de5264 c0de5264        0     1                 $t
c0de5265 c0de5265       10     1                 _$LT$$RF$T$u20$as$u20$core..fmt..Debug$GT$::fmt::h67dfb30e2cf1d554
c0de5270 c0de5270        0     1                 $d
c0de5274 c0de5274       20     4         /app/target/nanosplus/release/deps/legder_xelis-53a0edecdc8ef744.legder_xelis.24eea2af218bcfe3-cgu.0.rcgu.o:(.text._ZN4core4cell16RefCell$LT$T$GT$10borrow_mut17he788f9a58ea9b1eaE)
c0de5274 c0de5274        0     1                 $t
c0de5275 c0de5275       20     1                 core::cell::RefCell$LT$T$GT$::borrow_mut::he788f9a58ea9b1ea
c0de5290 c0de5290        0     1                 $d
c0de5294 c0de5294      108     4         /app/target/nanosplus/release/deps/legder_xelis-53a0edecdc8ef744.legder_xelis.24eea2af218bcfe3-cgu.0.rcgu.o:(.text._ZN73_$LT$embedded_alloc..Heap$u20$as$u20$core..alloc..global..GlobalAlloc$GT$5alloc17hf27227034d5f4042E)
c0de5294 c0de5294        0     1                 $t
c0de5295 c0de5295      108     1                 _$LT$embedded_alloc..Heap$u20$as$u20$core..alloc..global..GlobalAlloc$GT$::alloc::hf27227034d5f4042
c0de5398 c0de5398        0     1                 $d
c0de539c c0de539c      11c     4         /app/target/nanosplus/release/deps/legder_xelis-53a0edecdc8ef744.legder_xelis.24eea2af218bcfe3-cgu.0.rcgu.o:(.text._ZN73_$LT$embedded_alloc..Heap$u20$as$u20$core..alloc..global..GlobalAlloc$GT$7dealloc17h4dc32580b39691beE)
c0de539c c0de539c        0     1                 $t
c0de539d c0de539d      11c     1                 _$LT$embedded_alloc..Heap$u20$as$u20$core..alloc..global..GlobalAlloc$GT$::dealloc::h4dc32580b39691be
c0de54b0 c0de54b0        0     1                 $d
c0de54b8 c0de54b8        8     2         /app/target/nanosplus/release/deps/legder_xelis-53a0edecdc8ef744.legder_xelis.24eea2af218bcfe3-cgu.0.rcgu.o:(.text._ZN4core3ptr48drop_in_place$LT$alloc..ffi..c_str..NulError$GT$17h332772dcc1978d2eE)
c0de54b8 c0de54b8        0     1                 $t
c0de54b9 c0de54b9        8     1                 core::ptr::drop_in_place$LT$alloc..ffi..c_str..NulError$GT$::h332772dcc1978d2e
c0de54c0 c0de54c0       54     4         /app/target/nanosplus/release/deps/legder_xelis-53a0edecdc8ef744.legder_xelis.24eea2af218bcfe3-cgu.0.rcgu.o:(.text._ZN64_$LT$alloc..ffi..c_str..NulError$u20$as$u20$core..fmt..Debug$GT$3fmt17hc650f3db248ec53aE)
c0de54c0 c0de54c0        0     1                 $t
c0de54c1 c0de54c1       54     1                 _$LT$alloc..ffi..c_str..NulError$u20$as$u20$core..fmt..Debug$GT$::fmt::hc650f3db248ec53a
c0de5508 c0de5508        0     1                 $d
c0de5514 c0de5514      108     4         /app/target/nanosplus/release/deps/legder_xelis-53a0edecdc8ef744.legder_xelis.24eea2af218bcfe3-cgu.0.rcgu.o:(.text._ZN42_$LT$$RF$T$u20$as$u20$core..fmt..Debug$GT$3fmt17h076fde650b19347dE)
c0de5514 c0de5514        0     1                 $t
c0de5515 c0de5515      108     1                 _$LT$$RF$T$u20$as$u20$core..fmt..Debug$GT$::fmt::h076fde650b19347d
c0de5604 c0de5604        0     1                 $d
c0de561c c0de561c       d0     4         /app/target/nanosplus/release/deps/legder_xelis-53a0edecdc8ef744.legder_xelis.24eea2af218bcfe3-cgu.0.rcgu.o:(.text._ZN42_$LT$$RF$T$u20$as$u20$core..fmt..Debug$GT$3fmt17h074819073196147cE)
c0de561c c0de561c        0     1                 $t
c0de561d c0de561d       d0     1                 _$LT$$RF$T$u20$as$u20$core..fmt..Debug$GT$::fmt::h074819073196147c
c0de56e0 c0de56e0        0     1                 $d
c0de56ec c0de56ec       1a     2         /app/target/nanosplus/release/deps/legder_xelis-53a0edecdc8ef744.legder_xelis.24eea2af218bcfe3-cgu.0.rcgu.o:(.text._ZN4core3fmt3num52_$LT$impl$u20$core..fmt..Debug$u20$for$u20$usize$GT$3fmt17h371af73bdd3b16bfE.124)
c0de56ec c0de56ec        0     1                 $t
c0de56ed c0de56ed       1a     1                 core::fmt::num::_$LT$impl$u20$core..fmt..Debug$u20$for$u20$usize$GT$::fmt::h371af73bdd3b16bf (.124)
c0de5706 c0de5706       24     2         /app/target/nanosplus/release/deps/legder_xelis-53a0edecdc8ef744.legder_xelis.24eea2af218bcfe3-cgu.0.rcgu.o:(.text._ZN5alloc7raw_vec20RawVecInner$LT$A$GT$16with_capacity_in17h641e4ecd4581db87E)
c0de5706 c0de5706        0     1                 $t
c0de5707 c0de5707       24     1                 alloc::raw_vec::RawVecInner$LT$A$GT$::with_capacity_in::h641e4ecd4581db87
c0de572a c0de572a       18     2         /app/target/nanosplus/release/deps/legder_xelis-53a0edecdc8ef744.legder_xelis.24eea2af218bcfe3-cgu.0.rcgu.o:(.text._ZN5alloc7raw_vec20RawVecInner$LT$A$GT$7reserve17h3ca65c3e3f9cdb17E)
c0de572a c0de572a        0     1                 $t
c0de572b c0de572b       18     1                 alloc::raw_vec::RawVecInner$LT$A$GT$::reserve::h3ca65c3e3f9cdb17
c0de5742 c0de5742        e     2         /app/target/nanosplus/release/deps/legder_xelis-53a0edecdc8ef744.legder_xelis.24eea2af218bcfe3-cgu.0.rcgu.o:(.text.unlikely._ZN4core9panicking13assert_failed17hcdd565a4cf09ae96E)
c0de5742 c0de5742        0     1                 $t
c0de5743 c0de5743        e     1                 core::panicking::assert_failed::hcdd565a4cf09ae96
c0de5750 c0de5750       24     4         /app/target/nanosplus/release/deps/legder_xelis-53a0edecdc8ef744.legder_xelis.24eea2af218bcfe3-cgu.0.rcgu.o:(.text._ZN5alloc7raw_vec19RawVec$LT$T$C$A$GT$8grow_one17he3865c2527960aeaE)
c0de5750 c0de5750        0     1                 $t
c0de5751 c0de5751       24     1                 alloc::raw_vec::RawVec$LT$T$C$A$GT$::grow_one::he3865c2527960aea
c0de5770 c0de5770        0     1                 $d
c0de5774 c0de5774       12     2         /app/target/nanosplus/release/deps/legder_xelis-53a0edecdc8ef744.legder_xelis.24eea2af218bcfe3-cgu.0.rcgu.o:(.text._ZN69_$LT$T$u20$as$u20$core..array..equality..SpecArrayEq$LT$U$C$_$GT$$GT$7spec_eq17hb513b46f39bc054eE)
c0de5774 c0de5774        0     1                 $t
c0de5775 c0de5775       12     1                 _$LT$T$u20$as$u20$core..array..equality..SpecArrayEq$LT$U$C$_$GT$$GT$::spec_eq::hb513b46f39bc054e
c0de5786 c0de5786       1e     2         /app/target/nanosplus/release/deps/legder_xelis-53a0edecdc8ef744.legder_xelis.24eea2af218bcfe3-cgu.0.rcgu.o:(.text._ZN17ledger_device_sdk3ecc12bip32_derive17hea48d836f9390347E)
c0de5786 c0de5786        0     1                 $t
c0de5787 c0de5787       1e     1                 ledger_device_sdk::ecc::bip32_derive::hea48d836f9390347
c0de57a4 c0de57a4       70     2         /app/target/nanosplus/release/deps/legder_xelis-53a0edecdc8ef744.legder_xelis.24eea2af218bcfe3-cgu.0.rcgu.o:(.text._ZN17ledger_device_sdk2io4Comm9apdu_send17h7c75d19cd2562d16E)
c0de57a4 c0de57a4        0     1                 $t
c0de57a5 c0de57a5       70     1                 ledger_device_sdk::io::Comm::apdu_send::h7c75d19cd2562d16
c0de5814 c0de5814       20     2         /app/target/nanosplus/release/deps/legder_xelis-53a0edecdc8ef744.legder_xelis.24eea2af218bcfe3-cgu.0.rcgu.o:(.text._ZN86_$LT$ledger_device_sdk..seph..PacketTypes$u20$as$u20$core..convert..From$LT$u8$GT$$GT$4from17h01e03f41ef62cf15E)
c0de5814 c0de5814        0     1                 $t
c0de5815 c0de5815       20     1                 _$LT$ledger_device_sdk..seph..PacketTypes$u20$as$u20$core..convert..From$LT$u8$GT$$GT$::from::h01e03f41ef62cf15
c0de5834 c0de5834       18     2         /app/target/nanosplus/release/deps/legder_xelis-53a0edecdc8ef744.legder_xelis.24eea2af218bcfe3-cgu.0.rcgu.o:(.text._ZN81_$LT$ledger_device_sdk..seph..Events$u20$as$u20$core..convert..From$LT$u8$GT$$GT$4from17h1d4220eca98cfe70E)
c0de5834 c0de5834        0     1                 $t
c0de5835 c0de5835       18     1                 _$LT$ledger_device_sdk..seph..Events$u20$as$u20$core..convert..From$LT$u8$GT$$GT$::from::h1d4220eca98cfe70
c0de584c c0de584c      194     4         /app/target/nanosplus/release/deps/legder_xelis-53a0edecdc8ef744.legder_xelis.24eea2af218bcfe3-cgu.0.rcgu.o:(.text._ZN17ledger_device_sdk2io4Comm16next_event_ahead17h7c67538bc32c5b1eE)
c0de584c c0de584c        0     1                 $t
c0de584d c0de584d      194     1                 ledger_device_sdk::io::Comm::next_event_ahead::h7c67538bc32c5b1e
c0de59dc c0de59dc        0     1                 $d
c0de59e0 c0de59e0       3e     2         /app/target/nanosplus/release/deps/legder_xelis-53a0edecdc8ef744.legder_xelis.24eea2af218bcfe3-cgu.0.rcgu.o:(.text._ZN17ledger_device_sdk2io4Comm5reply17h45ea8ba1b93842b2E)
c0de59e0 c0de59e0        0     1                 $t
c0de59e1 c0de59e1       3e     1                 ledger_device_sdk::io::Comm::reply::h45ea8ba1b93842b2
c0de5a1e c0de5a1e       3a     2         /app/target/nanosplus/release/deps/legder_xelis-53a0edecdc8ef744.legder_xelis.24eea2af218bcfe3-cgu.0.rcgu.o:(.text._ZN17ledger_device_sdk2io4Comm8get_data17h5b0847bc6a4a115fE)
c0de5a1e c0de5a1e        0     1                 $t
c0de5a1f c0de5a1f       3a     1                 ledger_device_sdk::io::Comm::get_data::h5b0847bc6a4a115f
c0de5a58 c0de5a58       c0     2         /app/target/nanosplus/release/deps/legder_xelis-53a0edecdc8ef744.legder_xelis.24eea2af218bcfe3-cgu.0.rcgu.o:(.text._ZN17ledger_device_sdk2io17handle_bolos_apdu17hf0a7d25910c19250E)
c0de5a58 c0de5a58        0     1                 $t
c0de5a59 c0de5a59       c0     1                 ledger_device_sdk::io::handle_bolos_apdu::hf0a7d25910c19250
c0de5b18 c0de5b18        8     2         /app/target/nanosplus/release/deps/legder_xelis-53a0edecdc8ef744.legder_xelis.24eea2af218bcfe3-cgu.0.rcgu.o:(.text._ZN17ledger_device_sdk2io4Comm8reply_ok17hb1e6881c729172efE)
c0de5b18 c0de5b18        0     1                 $t
c0de5b19 c0de5b19        8     1                 ledger_device_sdk::io::Comm::reply_ok::hb1e6881c729172ef
c0de5b20 c0de5b20       34     2         /app/target/nanosplus/release/deps/legder_xelis-53a0edecdc8ef744.legder_xelis.24eea2af218bcfe3-cgu.0.rcgu.o:(.text._ZN17ledger_device_sdk2io4Comm8get_data28_$u7b$$u7b$closure$u7d$$u7d$17h9ac651ea71406235E)
c0de5b20 c0de5b20        0     1                 $t
c0de5b21 c0de5b21       34     1                 ledger_device_sdk::io::Comm::get_data::_$u7b$$u7b$closure$u7d$$u7d$::h9ac651ea71406235
c0de5b54 c0de5b54       3c     2         /app/target/nanosplus/release/deps/legder_xelis-53a0edecdc8ef744.legder_xelis.24eea2af218bcfe3-cgu.0.rcgu.o:(.text._ZN17ledger_device_sdk2io4Comm6append17h050eed4b704b6446E)
c0de5b54 c0de5b54        0     1                 $t
c0de5b55 c0de5b55       3c     1                 ledger_device_sdk::io::Comm::append::h050eed4b704b6446
c0de5b90 c0de5b90        6     2         /app/target/nanosplus/release/deps/legder_xelis-53a0edecdc8ef744.legder_xelis.24eea2af218bcfe3-cgu.0.rcgu.o:(.text._ZN114_$LT$ledger_device_sdk..nvm..AlignedStorage$LT$T$GT$$u20$as$u20$ledger_device_sdk..nvm..SingleStorage$LT$T$GT$$GT$6update17h314057aff6020936E)
c0de5b90 c0de5b90        0     1                 $t
c0de5b91 c0de5b91        6     1                 _$LT$ledger_device_sdk..nvm..AlignedStorage$LT$T$GT$$u20$as$u20$ledger_device_sdk..nvm..SingleStorage$LT$T$GT$$GT$::update::h314057aff6020936
c0de5b98 c0de5b98       34     4         /app/target/nanosplus/release/deps/legder_xelis-53a0edecdc8ef744.legder_xelis.24eea2af218bcfe3-cgu.0.rcgu.o:(.text._ZN111_$LT$ledger_device_sdk..nvm..SafeStorage$LT$T$GT$$u20$as$u20$ledger_device_sdk..nvm..SingleStorage$LT$T$GT$$GT$6update17h0fcb236bda685166E)
c0de5b98 c0de5b98        0     1                 $t
c0de5b99 c0de5b99       34     1                 _$LT$ledger_device_sdk..nvm..SafeStorage$LT$T$GT$$u20$as$u20$ledger_device_sdk..nvm..SingleStorage$LT$T$GT$$GT$::update::h0fcb236bda685166
c0de5bc4 c0de5bc4        0     1                 $d
c0de5bcc c0de5bcc       1c     2         /app/target/nanosplus/release/deps/legder_xelis-53a0edecdc8ef744.legder_xelis.24eea2af218bcfe3-cgu.0.rcgu.o:(.text._ZN17ledger_device_sdk3nvm22AtomicStorage$LT$T$GT$5which17h05f94ce09e3220c0E)
c0de5bcc c0de5bcc        0     1                 $t
c0de5bcd c0de5bcd       1c     1                 ledger_device_sdk::nvm::AtomicStorage$LT$T$GT$::which::h05f94ce09e3220c0
c0de5be8 c0de5be8       34     2         /app/target/nanosplus/release/deps/legder_xelis-53a0edecdc8ef744.legder_xelis.24eea2af218bcfe3-cgu.0.rcgu.o:(.text._ZN113_$LT$ledger_device_sdk..nvm..AtomicStorage$LT$T$GT$$u20$as$u20$ledger_device_sdk..nvm..SingleStorage$LT$T$GT$$GT$7get_ref17h909fbefbc2ccc1faE)
c0de5be8 c0de5be8        0     1                 $t
c0de5be9 c0de5be9       34     1                 _$LT$ledger_device_sdk..nvm..AtomicStorage$LT$T$GT$$u20$as$u20$ledger_device_sdk..nvm..SingleStorage$LT$T$GT$$GT$::get_ref::h909fbefbc2ccc1fa
c0de5c1c c0de5c1c       32     2         /app/target/nanosplus/release/deps/legder_xelis-53a0edecdc8ef744.legder_xelis.24eea2af218bcfe3-cgu.0.rcgu.o:(.text._ZN128_$LT$$RF$ledger_device_sdk..nbgl..NbglGlyph$u20$as$u20$core..convert..Into$LT$ledger_secure_sdk_sys..nbgl_icon_details_s$GT$$GT$4into17h09942e77cfe830daE)
c0de5c1c c0de5c1c        0     1                 $t
c0de5c1d c0de5c1d       32     1                 _$LT$$RF$ledger_device_sdk..nbgl..NbglGlyph$u20$as$u20$core..convert..Into$LT$ledger_secure_sdk_sys..nbgl_icon_details_s$GT$$GT$::into::h09942e77cfe830da
c0de5c50 c0de5c50       14     4         /app/target/nanosplus/release/deps/legder_xelis-53a0edecdc8ef744.legder_xelis.24eea2af218bcfe3-cgu.0.rcgu.o:(.text._ZN17ledger_device_sdk4nbgl15choice_callback17h4598a5eaaee274b0E)
c0de5c50 c0de5c50        0     1                 $t
c0de5c51 c0de5c51       14     1                 ledger_device_sdk::nbgl::choice_callback::h4598a5eaaee274b0
c0de5c60 c0de5c60        0     1                 $d
c0de5c64 c0de5c64        c     2         /app/target/nanosplus/release/deps/legder_xelis-53a0edecdc8ef744.legder_xelis.24eea2af218bcfe3-cgu.0.rcgu.o:(.text._ZN50_$LT$T$u20$as$u20$core..convert..Into$LT$U$GT$$GT$4into17hc392350fbafc0b5cE)
c0de5c64 c0de5c64        0     1                 $t
c0de5c65 c0de5c65        c     1                 _$LT$T$u20$as$u20$core..convert..Into$LT$U$GT$$GT$::into::hc392350fbafc0b5c
c0de5c70 c0de5c70       a4     4         /app/target/nanosplus/release/deps/legder_xelis-53a0edecdc8ef744.legder_xelis.24eea2af218bcfe3-cgu.0.rcgu.o:(.text._ZN17ledger_device_sdk4nbgl22nbgl_home_and_settings17settings_callback17h0368868e02c1b94dE)
c0de5c70 c0de5c70        0     1                 $t
c0de5c71 c0de5c71       a4     1                 ledger_device_sdk::nbgl::nbgl_home_and_settings::settings_callback::h0368868e02c1b94d
c0de5d08 c0de5d08        0     1                 $d
c0de5d14 c0de5d14      14c     4         /app/target/nanosplus/release/deps/legder_xelis-53a0edecdc8ef744.legder_xelis.24eea2af218bcfe3-cgu.0.rcgu.o:(.text._ZN17ledger_device_sdk4nbgl22nbgl_home_and_settings19NbglHomeAndSettings15show_and_return17h81ca24c8332f76deE)
c0de5d14 c0de5d14        0     1                 $t
c0de5d15 c0de5d15      14c     1                 ledger_device_sdk::nbgl::nbgl_home_and_settings::NbglHomeAndSettings::show_and_return::h81ca24c8332f76de
c0de5e4c c0de5e4c        0     1                 $d
c0de5e60 c0de5e60        a     2         /app/target/nanosplus/release/deps/legder_xelis-53a0edecdc8ef744.legder_xelis.24eea2af218bcfe3-cgu.0.rcgu.o:(.text._ZN17ledger_device_sdk4nbgl22nbgl_home_and_settings7quit_cb17h6703984cb119039eE)
c0de5e60 c0de5e60        0     1                 $t
c0de5e61 c0de5e61        a     1                 ledger_device_sdk::nbgl::nbgl_home_and_settings::quit_cb::h6703984cb119039e
c0de5e6c c0de5e6c       68     4         /app/target/nanosplus/release/deps/legder_xelis-53a0edecdc8ef744.legder_xelis.24eea2af218bcfe3-cgu.0.rcgu.o:(.text._ZN17ledger_device_sdk4nbgl18nbgl_review_status16NbglReviewStatus4show17h2e3917498b343fc5E)
c0de5e6c c0de5e6c        0     1                 $t
c0de5e6d c0de5e6d       68     1                 ledger_device_sdk::nbgl::nbgl_review_status::NbglReviewStatus::show::h2e3917498b343fc5
c0de5e80 c0de5e80        0     1                 $d
c0de5e84 c0de5e84        0     1                 $t
c0de5ecc c0de5ecc        0     1                 $d
c0de5ed4 c0de5ed4       10     4         /app/target/nanosplus/release/deps/legder_xelis-53a0edecdc8ef744.legder_xelis.24eea2af218bcfe3-cgu.0.rcgu.o:(.text._ZN17ledger_device_sdk4nbgl13quit_callback17ha379ba0fe9a902f1E)
c0de5ed4 c0de5ed4        0     1                 $t
c0de5ed5 c0de5ed5       10     1                 ledger_device_sdk::nbgl::quit_callback::ha379ba0fe9a902f1
c0de5ee0 c0de5ee0        0     1                 $d
c0de5ee4 c0de5ee4       2a     2         /app/target/nanosplus/release/deps/legder_xelis-53a0edecdc8ef744.legder_xelis.24eea2af218bcfe3-cgu.0.rcgu.o:(.text._ZN93_$LT$ledger_device_sdk..hash..sha3..Sha3_512$u20$as$u20$ledger_device_sdk..hash..HashInit$GT$3new17hfd9e3c009e5fb161E)
c0de5ee4 c0de5ee4        0     1                 $t
c0de5ee5 c0de5ee5       2a     1                 _$LT$ledger_device_sdk..hash..sha3..Sha3_512$u20$as$u20$ledger_device_sdk..hash..HashInit$GT$::new::hfd9e3c009e5fb161
c0de5f0e c0de5f0e        c     2         /app/target/nanosplus/release/deps/legder_xelis-53a0edecdc8ef744.legder_xelis.24eea2af218bcfe3-cgu.0.rcgu.o:(.text._ZN21ledger_secure_sdk_sys4seph5io_rx17h88f65c0acba6d54fE)
c0de5f0e c0de5f0e        0     1                 $t
c0de5f0f c0de5f0f        c     1                 ledger_secure_sdk_sys::seph::io_rx::h88f65c0acba6d54f
c0de5f1a c0de5f1a        a     2         /app/target/nanosplus/release/deps/legder_xelis-53a0edecdc8ef744.legder_xelis.24eea2af218bcfe3-cgu.0.rcgu.o:(.text._ZN21ledger_secure_sdk_sys4seph5io_tx17hd7b3d836181561b0E)
c0de5f1a c0de5f1a        0     1                 $t
c0de5f1b c0de5f1b        a     1                 ledger_secure_sdk_sys::seph::io_tx::hd7b3d836181561b0
c0de5f24 c0de5f24        a     2         /app/target/nanosplus/release/deps/legder_xelis-53a0edecdc8ef744.legder_xelis.24eea2af218bcfe3-cgu.0.rcgu.o:(.text._ZN21ledger_secure_sdk_sys8exit_app17he65949cfb92e48f3E)
c0de5f24 c0de5f24        0     1                 $t
[...]
    2c40     2c40       10     4         /tmp/rustcF3LqcJ/libledger_secure_sdk_sys-bd0b62138df877e8.rlib(196e657857525104-nbgl_step.o):(.rel.text.menuListActionCallback)
    2c50     2c50        8     4         /tmp/rustcF3LqcJ/libledger_secure_sdk_sys-bd0b62138df877e8.rlib(196e657857525104-nbgl_step.o):(.rel.text.OUTLINED_FUNCTION_2)
    2c58     2c58        8     4         /tmp/rustcF3LqcJ/libledger_secure_sdk_sys-bd0b62138df877e8.rlib(196e657857525104-nbgl_step.o):(.rel.text.OUTLINED_FUNCTION_3)
    2c60     2c60        8     4         /tmp/rustcF3LqcJ/libledger_secure_sdk_sys-bd0b62138df877e8.rlib(196e657857525104-nbgl_step.o):(.rel.text.OUTLINED_FUNCTION_4)
    2c68     2c68       28     4         /tmp/rustcF3LqcJ/libledger_secure_sdk_sys-bd0b62138df877e8.rlib(196e657857525104-nbgl_layout_nanos.o):(.rel.text.nbgl_layoutGet)
    2c90     2c90        8     4         /tmp/rustcF3LqcJ/libledger_secure_sdk_sys-bd0b62138df877e8.rlib(196e657857525104-nbgl_layout_nanos.o):(.rel.text.buttonCallback)
    2c98     2c98       30     4         /tmp/rustcF3LqcJ/libledger_secure_sdk_sys-bd0b62138df877e8.rlib(196e657857525104-nbgl_layout_nanos.o):(.rel.text.nbgl_layoutAddNavigation)
    2cc8     2cc8       c8     4         /tmp/rustcF3LqcJ/libledger_secure_sdk_sys-bd0b62138df877e8.rlib(196e657857525104-nbgl_layout_nanos.o):(.rel.text.nbgl_layoutAddText)
    2d90     2d90       10     4         /tmp/rustcF3LqcJ/libledger_secure_sdk_sys-bd0b62138df877e8.rlib(196e657857525104-nbgl_layout_nanos.o):(.rel.text.nbgl_layoutAddMenuList)
    2da0     2da0       88     4         /tmp/rustcF3LqcJ/libledger_secure_sdk_sys-bd0b62138df877e8.rlib(196e657857525104-nbgl_layout_nanos.o):(.rel.text.nbgl_layoutAddCenteredInfo)
    2e28     2e28       70     4         /tmp/rustcF3LqcJ/libledger_secure_sdk_sys-bd0b62138df877e8.rlib(196e657857525104-nbgl_layout_nanos.o):(.rel.text.nbgl_layoutAddSwitch)
    2e98     2e98       10     4         /tmp/rustcF3LqcJ/libledger_secure_sdk_sys-bd0b62138df877e8.rlib(196e657857525104-nbgl_layout_nanos.o):(.rel.text.nbgl_layoutDraw)
    2ea8     2ea8       10     4         /tmp/rustcF3LqcJ/libledger_secure_sdk_sys-bd0b62138df877e8.rlib(196e657857525104-nbgl_layout_nanos.o):(.rel.text.nbgl_layoutRelease)
    2eb8     2eb8        8     4         /tmp/rustcF3LqcJ/libledger_secure_sdk_sys-bd0b62138df877e8.rlib(196e657857525104-nbgl_layout_nanos.o):(.rel.text.OUTLINED_FUNCTION_1)
    2ec0     2ec0        8     4         /tmp/rustcF3LqcJ/libledger_secure_sdk_sys-bd0b62138df877e8.rlib(196e657857525104-nbgl_layout_nanos.o):(.rel.text.OUTLINED_FUNCTION_3)
    2ec8     2ec8        8     4         /tmp/rustcF3LqcJ/libledger_secure_sdk_sys-bd0b62138df877e8.rlib(196e657857525104-nbgl_layout_nanos.o):(.rel.text.OUTLINED_FUNCTION_4)
    2ed0     2ed0        8     4         /tmp/rustcF3LqcJ/libledger_secure_sdk_sys-bd0b62138df877e8.rlib(196e657857525104-nbgl_layout_nanos.o):(.rel.text.OUTLINED_FUNCTION_5)
    2ed8     2ed8        8     4         /tmp/rustcF3LqcJ/libledger_secure_sdk_sys-bd0b62138df877e8.rlib(196e657857525104-nbgl_layout_nanos.o):(.rel.text.OUTLINED_FUNCTION_6)
    2ee0     2ee0       58     4         /tmp/rustcF3LqcJ/libledger_secure_sdk_sys-bd0b62138df877e8.rlib(dbe27254336b5a6c-os_printf.o):(.rel.text.snprintf)
    2f38     2f38        8     4         /tmp/rustcF3LqcJ/libledger_secure_sdk_sys-bd0b62138df877e8.rlib(a8c7b1d3d0023354-nbgl_stubs.o):(.rel.text.nbgl_refresh)
    2f40     2f40        8     4         /tmp/rustcF3LqcJ/libledger_secure_sdk_sys-bd0b62138df877e8.rlib(a8c7b1d3d0023354-nbgl_stubs.o):(.rel.text.nbgl_objAllowDrawing)
    2f48     2f48        8     4         /tmp/rustcF3LqcJ/libledger_secure_sdk_sys-bd0b62138df877e8.rlib(a8c7b1d3d0023354-nbgl_stubs.o):(.rel.text.nbgl_screenSet)
    2f50     2f50        8     4         /tmp/rustcF3LqcJ/libledger_secure_sdk_sys-bd0b62138df877e8.rlib(a8c7b1d3d0023354-nbgl_stubs.o):(.rel.text.nbgl_screenPush)
    2f58     2f58        8     4         /tmp/rustcF3LqcJ/libledger_secure_sdk_sys-bd0b62138df877e8.rlib(a8c7b1d3d0023354-nbgl_stubs.o):(.rel.text.nbgl_screenRedraw)
    2f60     2f60        8     4         /tmp/rustcF3LqcJ/libledger_secure_sdk_sys-bd0b62138df877e8.rlib(a8c7b1d3d0023354-nbgl_stubs.o):(.rel.text.nbgl_screenPop)
    2f68     2f68        8     4         /tmp/rustcF3LqcJ/libledger_secure_sdk_sys-bd0b62138df877e8.rlib(a8c7b1d3d0023354-nbgl_stubs.o):(.rel.text.nbgl_screenHandler)
    2f70     2f70        8     4         /tmp/rustcF3LqcJ/libledger_secure_sdk_sys-bd0b62138df877e8.rlib(a8c7b1d3d0023354-nbgl_stubs.o):(.rel.text.nbgl_objPoolGet)
    2f78     2f78        8     4         /tmp/rustcF3LqcJ/libledger_secure_sdk_sys-bd0b62138df877e8.rlib(a8c7b1d3d0023354-nbgl_stubs.o):(.rel.text.nbgl_containerPoolGet)
    2f80     2f80        8     4         /tmp/rustcF3LqcJ/libledger_secure_sdk_sys-bd0b62138df877e8.rlib(a8c7b1d3d0023354-nbgl_stubs.o):(.rel.text.nbgl_getFont)
    2f88     2f88        8     4         /tmp/rustcF3LqcJ/libledger_secure_sdk_sys-bd0b62138df877e8.rlib(a8c7b1d3d0023354-nbgl_stubs.o):(.rel.text.nbgl_getFontLineHeight)
    2f90     2f90        8     4         /tmp/rustcF3LqcJ/libledger_secure_sdk_sys-bd0b62138df877e8.rlib(a8c7b1d3d0023354-nbgl_stubs.o):(.rel.text.nbgl_getTextMaxLenAndWidth)
    2f98     2f98        8     4         /tmp/rustcF3LqcJ/libledger_secure_sdk_sys-bd0b62138df877e8.rlib(a8c7b1d3d0023354-nbgl_stubs.o):(.rel.text.nbgl_getTextNbLinesInWidth)
    2fa0     2fa0        8     4         /tmp/rustcF3LqcJ/libledger_secure_sdk_sys-bd0b62138df877e8.rlib(a8c7b1d3d0023354-nbgl_stubs.o):(.rel.text.nbgl_getTextNbPagesInWidth)
    2fa8     2fa8        8     4         /tmp/rustcF3LqcJ/libledger_secure_sdk_sys-bd0b62138df877e8.rlib(a8c7b1d3d0023354-nbgl_stubs.o):(.rel.text.nbgl_getTextWidth)
    2fb0     2fb0        8     4         /tmp/rustcF3LqcJ/libledger_secure_sdk_sys-bd0b62138df877e8.rlib(a8c7b1d3d0023354-nbgl_stubs.o):(.rel.text.nbgl_getTextMaxLenInNbLines)
    2fb8     2fb8        8     4         /tmp/rustcF3LqcJ/libledger_secure_sdk_sys-bd0b62138df877e8.rlib(a8c7b1d3d0023354-nbgl_stubs.o):(.rel.text.nbgl_textReduceOnNbLines)
    2fc0     2fc0        8     4         /tmp/rustcF3LqcJ/libledger_secure_sdk_sys-bd0b62138df877e8.rlib(a8c7b1d3d0023354-nbgl_stubs.o):(.rel.text.nbgl_buttonsHandler)
    2fc8     2fc8       18     4         /app/target/nanosplus/release/deps/libcompiler_builtins-4940a827e696cbf2.rlib(compiler_builtins-4940a827e696cbf2.compiler_builtins.f3144e1f1c0dd2b9-cgu.0.rcgu.o):(.rel.text._ZN17compiler_builtins3int19specialized_div_rem11u64_div_rem17he58a75b8275aabc3E)
    2fe0     2fe0        8     4         /app/target/nanosplus/release/deps/libcompiler_builtins-4940a827e696cbf2.rlib(compiler_builtins-4940a827e696cbf2.compiler_builtins.f3144e1f1c0dd2b9-cgu.0.rcgu.o):(.rel.text.__aeabi_llsl)
    2fe8     2fe8       10     4         /app/target/nanosplus/release/deps/libcompiler_builtins-4940a827e696cbf2.rlib(compiler_builtins-4940a827e696cbf2.compiler_builtins.f3144e1f1c0dd2b9-cgu.0.rcgu.o):(.rel.text._ZN17compiler_builtins3int4udiv12__udivmoddi417h6aa0ccaada3a2452E)
    2ff8     2ff8        8     4         /app/target/nanosplus/release/deps/libcompiler_builtins-4940a827e696cbf2.rlib(compiler_builtins-4940a827e696cbf2.compiler_builtins.f3144e1f1c0dd2b9-cgu.0.rcgu.o):(.rel.text.__udivmoddi4)
    3000     3000       10     4         /app/target/nanosplus/release/deps/libcompiler_builtins-4940a827e696cbf2.rlib(compiler_builtins-4940a827e696cbf2.compiler_builtins.f3144e1f1c0dd2b9-cgu.0.rcgu.o):(.rel.text._ZN17compiler_builtins3mem6memcpy17hb578bac52ed7c954E)
    3010     3010        8     4         /app/target/nanosplus/release/deps/libcompiler_builtins-4940a827e696cbf2.rlib(compiler_builtins-4940a827e696cbf2.compiler_builtins.f3144e1f1c0dd2b9-cgu.0.rcgu.o):(.rel.text._ZN17compiler_builtins3mem7memmove17h06e18dfb47e8a651E)
    3018     3018        8     4         /app/target/nanosplus/release/deps/libcompiler_builtins-4940a827e696cbf2.rlib(compiler_builtins-4940a827e696cbf2.compiler_builtins.f3144e1f1c0dd2b9-cgu.0.rcgu.o):(.rel.text._ZN17compiler_builtins3mem6memset17h242821867b7e004fE)
    3020     3020        8     4         /app/target/nanosplus/release/deps/libcompiler_builtins-4940a827e696cbf2.rlib(compiler_builtins-4940a827e696cbf2.compiler_builtins.f3144e1f1c0dd2b9-cgu.0.rcgu.o):(.rel.text.memcmp)
    3028     3028        8     4         /app/target/nanosplus/release/deps/libcompiler_builtins-4940a827e696cbf2.rlib(compiler_builtins-4940a827e696cbf2.compiler_builtins.f3144e1f1c0dd2b9-cgu.0.rcgu.o):(.rel.text.__aeabi_uldivmod)
    3030     3030        8     4         /app/target/nanosplus/release/deps/libcompiler_builtins-4940a827e696cbf2.rlib(compiler_builtins-4940a827e696cbf2.compiler_builtins.f3144e1f1c0dd2b9-cgu.0.rcgu.o):(.rel.text.__aeabi_memcpy)
    3038     3038        8     4         /app/target/nanosplus/release/deps/libcompiler_builtins-4940a827e696cbf2.rlib(compiler_builtins-4940a827e696cbf2.compiler_builtins.f3144e1f1c0dd2b9-cgu.0.rcgu.o):(.rel.text._ZN17compiler_builtins3arm15__aeabi_memcpy417h3c1a197e159b48cdE)
    3040     3040        8     4         /app/target/nanosplus/release/deps/libcompiler_builtins-4940a827e696cbf2.rlib(compiler_builtins-4940a827e696cbf2.compiler_builtins.f3144e1f1c0dd2b9-cgu.0.rcgu.o):(.rel.text.__aeabi_memcpy4)
    3048     3048        8     4         /app/target/nanosplus/release/deps/libcompiler_builtins-4940a827e696cbf2.rlib(compiler_builtins-4940a827e696cbf2.compiler_builtins.f3144e1f1c0dd2b9-cgu.0.rcgu.o):(.rel.text.__aeabi_memcpy8)
    3050     3050        8     4         /app/target/nanosplus/release/deps/libcompiler_builtins-4940a827e696cbf2.rlib(compiler_builtins-4940a827e696cbf2.compiler_builtins.f3144e1f1c0dd2b9-cgu.0.rcgu.o):(.rel.text.__aeabi_memmove)
    3058     3058        8     4         /app/target/nanosplus/release/deps/libcompiler_builtins-4940a827e696cbf2.rlib(compiler_builtins-4940a827e696cbf2.compiler_builtins.f3144e1f1c0dd2b9-cgu.0.rcgu.o):(.rel.text.__aeabi_memset)
    3060     3060        8     4         /app/target/nanosplus/release/deps/libcompiler_builtins-4940a827e696cbf2.rlib(compiler_builtins-4940a827e696cbf2.compiler_builtins.f3144e1f1c0dd2b9-cgu.0.rcgu.o):(.rel.text._ZN17compiler_builtins3arm15__aeabi_memset417h96f1f143d8c0b540E)
    3068     3068        8     4         /app/target/nanosplus/release/deps/libcompiler_builtins-4940a827e696cbf2.rlib(compiler_builtins-4940a827e696cbf2.compiler_builtins.f3144e1f1c0dd2b9-cgu.0.rcgu.o):(.rel.text._ZN17compiler_builtins3arm14__aeabi_memclr17h95e9f47a7ccf557eE)
    3070     3070        8     4         /app/target/nanosplus/release/deps/libcompiler_builtins-4940a827e696cbf2.rlib(compiler_builtins-4940a827e696cbf2.compiler_builtins.f3144e1f1c0dd2b9-cgu.0.rcgu.o):(.rel.text.__aeabi_memclr)
    3078     3078        8     4         /app/target/nanosplus/release/deps/libcompiler_builtins-4940a827e696cbf2.rlib(compiler_builtins-4940a827e696cbf2.compiler_builtins.f3144e1f1c0dd2b9-cgu.0.rcgu.o):(.rel.text._ZN17compiler_builtins3arm15__aeabi_memclr417h9e62f46eb2ededf9E)
    3080     3080        8     4         /app/target/nanosplus/release/deps/libcompiler_builtins-4940a827e696cbf2.rlib(compiler_builtins-4940a827e696cbf2.compiler_builtins.f3144e1f1c0dd2b9-cgu.0.rcgu.o):(.rel.text.__aeabi_memclr4)
    3088     3088        8     4         /app/target/nanosplus/release/deps/libcompiler_builtins-4940a827e696cbf2.rlib(compiler_builtins-4940a827e696cbf2.compiler_builtins.f3144e1f1c0dd2b9-cgu.0.rcgu.o):(.rel.text._ZN17compiler_builtins3arm15__aeabi_memclr817ha134f57356b58ac8E)
    3090     3090        8     4         /app/target/nanosplus/release/deps/libcompiler_builtins-4940a827e696cbf2.rlib(compiler_builtins-4940a827e696cbf2.compiler_builtins.f3144e1f1c0dd2b9-cgu.0.rcgu.o):(.rel.text.__aeabi_memclr8)
    3098     3098        8     4         /app/target/nanosplus/release/deps/libcompiler_builtins-4940a827e696cbf2.rlib(compiler_builtins-4940a827e696cbf2.compiler_builtins.f3144e1f1c0dd2b9-cgu.0.rcgu.o):(.rel.text.OUTLINED_FUNCTION_189)
    30a0     30a0        8     4         /app/target/nanosplus/release/deps/libcompiler_builtins-4940a827e696cbf2.rlib(compiler_builtins-4940a827e696cbf2.compiler_builtins.f3144e1f1c0dd2b9-cgu.0.rcgu.o):(.rel.text.OUTLINED_FUNCTION_269)
    30a8     30a8        8     4         /app/target/nanosplus/release/deps/libcompiler_builtins-4940a827e696cbf2.rlib(compiler_builtins-4940a827e696cbf2.compiler_builtins.f3144e1f1c0dd2b9-cgu.0.rcgu.o):(.rel.text.OUTLINED_FUNCTION_303)
       0        0      188     4 .rel.rodata
       0        0       20     4         /app/target/nanosplus/release/deps/legder_xelis-53a0edecdc8ef744.legder_xelis.24eea2af218bcfe3-cgu.0.rcgu.o:(.rel.rodata..Lanon.6b014ad84d8302ab455e1b726636eb9c.7)
      20       20        8     4         /app/target/nanosplus/release/deps/legder_xelis-53a0edecdc8ef744.legder_xelis.24eea2af218bcfe3-cgu.0.rcgu.o:(.rel.rodata..Lanon.6b014ad84d8302ab455e1b726636eb9c.12)
      28       28        8     4         /app/target/nanosplus/release/deps/legder_xelis-53a0edecdc8ef744.legder_xelis.24eea2af218bcfe3-cgu.0.rcgu.o:(.rel.rodata..Lanon.6b014ad84d8302ab455e1b726636eb9c.20)
      30       30        8     4         /app/target/nanosplus/release/deps/legder_xelis-53a0edecdc8ef744.legder_xelis.24eea2af218bcfe3-cgu.0.rcgu.o:(.rel.rodata..Lanon.6b014ad84d8302ab455e1b726636eb9c.23)
      38       38       10     4         /app/target/nanosplus/release/deps/legder_xelis-53a0edecdc8ef744.legder_xelis.24eea2af218bcfe3-cgu.0.rcgu.o:(.rel.rodata..Lanon.6b014ad84d8302ab455e1b726636eb9c.57)
      48       48       10     4         /app/target/nanosplus/release/deps/legder_xelis-53a0edecdc8ef744.legder_xelis.24eea2af218bcfe3-cgu.0.rcgu.o:(.rel.rodata..Lanon.6b014ad84d8302ab455e1b726636eb9c.60)
      58       58        8     4         /app/target/nanosplus/release/deps/legder_xelis-53a0edecdc8ef744.legder_xelis.24eea2af218bcfe3-cgu.0.rcgu.o:(.rel.rodata..Lanon.6b014ad84d8302ab455e1b726636eb9c.61)
      60       60        8     4         /app/target/nanosplus/release/deps/legder_xelis-53a0edecdc8ef744.legder_xelis.24eea2af218bcfe3-cgu.0.rcgu.o:(.rel.rodata..Lanon.6b014ad84d8302ab455e1b726636eb9c.62)
      68       68        8     4         /app/target/nanosplus/release/deps/legder_xelis-53a0edecdc8ef744.legder_xelis.24eea2af218bcfe3-cgu.0.rcgu.o:(.rel.rodata..Lanon.6b014ad84d8302ab455e1b726636eb9c.63)
      70       70        8     4         /app/target/nanosplus/release/deps/legder_xelis-53a0edecdc8ef744.legder_xelis.24eea2af218bcfe3-cgu.0.rcgu.o:(.rel.rodata..Lanon.6b014ad84d8302ab455e1b726636eb9c.64)
      78       78        8     4         /app/target/nanosplus/release/deps/legder_xelis-53a0edecdc8ef744.legder_xelis.24eea2af218bcfe3-cgu.0.rcgu.o:(.rel.rodata..Lanon.6b014ad84d8302ab455e1b726636eb9c.65)
      80       80        8     4         /app/target/nanosplus/release/deps/legder_xelis-53a0edecdc8ef744.legder_xelis.24eea2af218bcfe3-cgu.0.rcgu.o:(.rel.rodata..Lanon.6b014ad84d8302ab455e1b726636eb9c.66)
      88       88        8     4         /app/target/nanosplus/release/deps/legder_xelis-53a0edecdc8ef744.legder_xelis.24eea2af218bcfe3-cgu.0.rcgu.o:(.rel.rodata..Lanon.6b014ad84d8302ab455e1b726636eb9c.133)
      90       90       10     4         /app/target/nanosplus/release/deps/legder_xelis-53a0edecdc8ef744.legder_xelis.24eea2af218bcfe3-cgu.0.rcgu.o:(.rel.rodata..Lanon.6b014ad84d8302ab455e1b726636eb9c.146)
      a0       a0        8     4         /app/target/nanosplus/release/deps/legder_xelis-53a0edecdc8ef744.legder_xelis.24eea2af218bcfe3-cgu.0.rcgu.o:(.rel.rodata..Lanon.6b014ad84d8302ab455e1b726636eb9c.155)
      a8       a8       10     4         /app/target/nanosplus/release/deps/legder_xelis-53a0edecdc8ef744.legder_xelis.24eea2af218bcfe3-cgu.0.rcgu.o:(.rel.rodata..Lanon.6b014ad84d8302ab455e1b726636eb9c.157)
      b8       b8        8     4         /app/target/nanosplus/release/deps/legder_xelis-53a0edecdc8ef744.legder_xelis.24eea2af218bcfe3-cgu.0.rcgu.o:(.rel.rodata..Lanon.6b014ad84d8302ab455e1b726636eb9c.166)
      c0       c0        8     4         /app/target/nanosplus/release/deps/legder_xelis-53a0edecdc8ef744.legder_xelis.24eea2af218bcfe3-cgu.0.rcgu.o:(.rel.rodata..Lanon.1acdd78f31c699cde19e92f6aea44462.0)
      c8       c8       20     4         /app/target/nanosplus/release/deps/legder_xelis-53a0edecdc8ef744.legder_xelis.24eea2af218bcfe3-cgu.0.rcgu.o:(.rel.rodata..Lanon.1acdd78f31c699cde19e92f6aea44462.6)
      e8       e8       18     4         /app/target/nanosplus/release/deps/legder_xelis-53a0edecdc8ef744.legder_xelis.24eea2af218bcfe3-cgu.0.rcgu.o:(.rel.rodata..Lanon.9c59b2d54c2fc7f68cdfefb9927b5521.288)
     100      100       10     4         /app/target/nanosplus/release/deps/legder_xelis-53a0edecdc8ef744.legder_xelis.24eea2af218bcfe3-cgu.0.rcgu.o:(.rel.rodata..Lanon.290bfdce3d219b63c182839b60026522.12)
     110      110       10     4         /app/target/nanosplus/release/deps/legder_xelis-53a0edecdc8ef744.legder_xelis.24eea2af218bcfe3-cgu.0.rcgu.o:(.rel.rodata..Lanon.290bfdce3d219b63c182839b60026522.104)
     120      120        8     4         /app/target/nanosplus/release/deps/legder_xelis-53a0edecdc8ef744.legder_xelis.24eea2af218bcfe3-cgu.0.rcgu.o:(.rel.rodata..Lanon.0744f3929c562ab7b4ff64019a058b73.4)
     128      128        8     4         /tmp/rustcF3LqcJ/libledger_secure_sdk_sys-bd0b62138df877e8.rlib(8f3ff09fca89963b-glyphs.o):(.rel.rodata.C_icon_validate_14)
     130      130        8     4         /tmp/rustcF3LqcJ/libledger_secure_sdk_sys-bd0b62138df877e8.rlib(8f3ff09fca89963b-glyphs.o):(.rel.rodata.C_icon_right)
     138      138        8     4         /tmp/rustcF3LqcJ/libledger_secure_sdk_sys-bd0b62138df877e8.rlib(8f3ff09fca89963b-glyphs.o):(.rel.rodata.C_icon_back_x)
     140      140        8     4         /tmp/rustcF3LqcJ/libledger_secure_sdk_sys-bd0b62138df877e8.rlib(8f3ff09fca89963b-glyphs.o):(.rel.rodata.C_Information_circle_14px)
     148      148        8     4         /tmp/rustcF3LqcJ/libledger_secure_sdk_sys-bd0b62138df877e8.rlib(8f3ff09fca89963b-glyphs.o):(.rel.rodata.C_Quit_14px)
     150      150        8     4         /tmp/rustcF3LqcJ/libledger_secure_sdk_sys-bd0b62138df877e8.rlib(8f3ff09fca89963b-glyphs.o):(.rel.rodata.C_icon_crossmark)
     158      158        8     4         /tmp/rustcF3LqcJ/libledger_secure_sdk_sys-bd0b62138df877e8.rlib(8f3ff09fca89963b-glyphs.o):(.rel.rodata.C_Switch_On_8px)
     160      160        8     4         /tmp/rustcF3LqcJ/libledger_secure_sdk_sys-bd0b62138df877e8.rlib(8f3ff09fca89963b-glyphs.o):(.rel.rodata.C_icon_down)
     168      168        8     4         /tmp/rustcF3LqcJ/libledger_secure_sdk_sys-bd0b62138df877e8.rlib(8f3ff09fca89963b-glyphs.o):(.rel.rodata.C_Switch_Off_8px)
     170      170        8     4         /tmp/rustcF3LqcJ/libledger_secure_sdk_sys-bd0b62138df877e8.rlib(8f3ff09fca89963b-glyphs.o):(.rel.rodata.C_icon_up)
     178      178        8     4         /tmp/rustcF3LqcJ/libledger_secure_sdk_sys-bd0b62138df877e8.rlib(8f3ff09fca89963b-glyphs.o):(.rel.rodata.C_icon_left)
     180      180        8     4         /tmp/rustcF3LqcJ/libledger_secure_sdk_sys-bd0b62138df877e8.rlib(8f3ff09fca89963b-glyphs.o):(.rel.rodata.C_icon_coggle)
       0        0       af     1 .comment
       0        0       af     1         <internal>:(.comment)
       0        0       34     1 .ARM.attributes
       0        0       34     1         /app/target/nanosplus/release/deps/legder_xelis-53a0edecdc8ef744.legder_xelis.24eea2af218bcfe3-cgu.0.rcgu.o:(.ARM.attributes)
       0        0     49d0     4 .symtab
       0        0     49d0     4         <internal>:(.symtab)
       0        0      12f     1 .shstrtab
       0        0      12f     1         <internal>:(.shstrtab)
       0        0     6eb4     1 .strtab
       0        0     6eb4     1         <internal>:(.strtab)
