     VMA      LMA     Size Align Out     In      Symbol
       0        0        0     1 PAGE_SIZE = 512
       0        0        0     1 STACK_SIZE = 1500
       0        0        0     1 END_STACK = ORIGIN ( SRAM ) + LENGTH ( SRAM )
c0de0000 c0de0000     9200     4 .text
c0de0000 c0de0000        0     1         _text = .
c0de0000 c0de0000        0     1         _nvram_start = .
c0de0000 c0de0000        e     2         /app/target/nanosplus/release/deps/legder_xelis-6779a5bdf0fc7a68.legder_xelis.87959d3019b9c6da-cgu.0.rcgu.o:(.boot)
c0de0000 c0de0000        0     1                 $t
c0de0001 c0de0001        e     1                 _start
c0de000e c0de000e       26     2         /app/target/nanosplus/release/deps/legder_xelis-6779a5bdf0fc7a68.legder_xelis.87959d3019b9c6da-cgu.0.rcgu.o:(.text._ZN102_$LT$core..iter..adapters..map..Map$LT$I$C$F$GT$$u20$as$u20$core..iter..traits..iterator..Iterator$GT$9size_hint17h422c991e00ebecd4E)
c0de000e c0de000e        0     1                 $t
c0de000f c0de000f       26     1                 _$LT$core..iter..adapters..map..Map$LT$I$C$F$GT$$u20$as$u20$core..iter..traits..iterator..Iterator$GT$::size_hint::h422c991e00ebecd4
c0de0034 c0de0034       1c     2         /app/target/nanosplus/release/deps/legder_xelis-6779a5bdf0fc7a68.legder_xelis.87959d3019b9c6da-cgu.0.rcgu.o:(.text._ZN106_$LT$core..ops..range..Range$LT$usize$GT$$u20$as$u20$core..slice..index..SliceIndex$LT$$u5b$T$u5d$$GT$$GT$9index_mut17h5295dd5996d14c3bE)
c0de0034 c0de0034        0     1                 $t
c0de0035 c0de0035       1c     1                 _$LT$core..ops..range..Range$LT$usize$GT$$u20$as$u20$core..slice..index..SliceIndex$LT$$u5b$T$u5d$$GT$$GT$::index_mut::h5295dd5996d14c3b
c0de0050 c0de0050        c     2         /app/target/nanosplus/release/deps/legder_xelis-6779a5bdf0fc7a68.legder_xelis.87959d3019b9c6da-cgu.0.rcgu.o:(.text._ZN108_$LT$core..ops..range..RangeTo$LT$usize$GT$$u20$as$u20$core..slice..index..SliceIndex$LT$$u5b$T$u5d$$GT$$GT$9index_mut17hd0e9e26fdf7af36dE)
c0de0050 c0de0050        0     1                 $t
c0de0051 c0de0051        c     1                 _$LT$core..ops..range..RangeTo$LT$usize$GT$$u20$as$u20$core..slice..index..SliceIndex$LT$$u5b$T$u5d$$GT$$GT$::index_mut::hd0e9e26fdf7af36d
c0de005c c0de005c       16     2         /app/target/nanosplus/release/deps/legder_xelis-6779a5bdf0fc7a68.legder_xelis.87959d3019b9c6da-cgu.0.rcgu.o:(.text._ZN110_$LT$core..ops..range..RangeFrom$LT$usize$GT$$u20$as$u20$core..slice..index..SliceIndex$LT$$u5b$T$u5d$$GT$$GT$5index17hef9d362f99a084e9E)
c0de005c c0de005c        0     1                 $t
c0de005d c0de005d       16     1                 _$LT$core..ops..range..RangeFrom$LT$usize$GT$$u20$as$u20$core..slice..index..SliceIndex$LT$$u5b$T$u5d$$GT$$GT$::index::hef9d362f99a084e9
c0de0072 c0de0072       2a     2         /app/target/nanosplus/release/deps/legder_xelis-6779a5bdf0fc7a68.legder_xelis.87959d3019b9c6da-cgu.0.rcgu.o:(.text._ZN17ledger_device_sdk13exiting_panic17h246d599ce3ce731dE)
c0de0072 c0de0072        0     1                 $t
c0de0073 c0de0073       2a     1                 ledger_device_sdk::exiting_panic::h246d599ce3ce731d
c0de009c c0de009c       3e     2         /app/target/nanosplus/release/deps/legder_xelis-6779a5bdf0fc7a68.legder_xelis.87959d3019b9c6da-cgu.0.rcgu.o:(.text._ZN17ledger_device_sdk2io4Comm5reply17h055d1750a703ce1eE)
c0de009c c0de009c        0     1                 $t
c0de009d c0de009d       3e     1                 ledger_device_sdk::io::Comm::reply::h055d1750a703ce1e
c0de00da c0de00da       1e     2         /app/target/nanosplus/release/deps/legder_xelis-6779a5bdf0fc7a68.legder_xelis.87959d3019b9c6da-cgu.0.rcgu.o:(.text._ZN17ledger_device_sdk4hash8HashInit6update17he4f70ad810b3a66aE)
c0de00da c0de00da        0     1                 $t
c0de00db c0de00db       1e     1                 ledger_device_sdk::hash::HashInit::update::he4f70ad810b3a66a
c0de00f8 c0de00f8       30     2         /app/target/nanosplus/release/deps/legder_xelis-6779a5bdf0fc7a68.legder_xelis.87959d3019b9c6da-cgu.0.rcgu.o:(.text._ZN17ledger_device_sdk4hash8HashInit8finalize17h85a072d2ab907efaE)
c0de00f8 c0de00f8        0     1                 $t
c0de00f9 c0de00f9       30     1                 ledger_device_sdk::hash::HashInit::finalize::h85a072d2ab907efa
c0de0128 c0de0128       c4     2         /app/target/nanosplus/release/deps/legder_xelis-6779a5bdf0fc7a68.legder_xelis.87959d3019b9c6da-cgu.0.rcgu.o:(.text._ZN4core3num59_$LT$impl$u20$core..str..traits..FromStr$u20$for$u20$u8$GT$8from_str17h624f39c354e15253E)
c0de0128 c0de0128        0     1                 $t
c0de0129 c0de0129       c4     1                 core::num::_$LT$impl$u20$core..str..traits..FromStr$u20$for$u20$u8$GT$::from_str::h624f39c354e15253
c0de01ec c0de01ec        8     2         /app/target/nanosplus/release/deps/legder_xelis-6779a5bdf0fc7a68.legder_xelis.87959d3019b9c6da-cgu.0.rcgu.o:(.text._ZN4core3ptr42drop_in_place$LT$alloc..string..String$GT$17h3b5019da32e2cdb5E)
c0de01ec c0de01ec        0     1                 $t
c0de01ed c0de01ed        8     1                 core::ptr::drop_in_place$LT$alloc..string..String$GT$::h3b5019da32e2cdb5
c0de01f4 c0de01f4        8     2         /app/target/nanosplus/release/deps/legder_xelis-6779a5bdf0fc7a68.legder_xelis.87959d3019b9c6da-cgu.0.rcgu.o:(.text._ZN4core3ptr51drop_in_place$LT$legder_xelis..utils..Bip32Path$GT$17h145ce82181dd244cE)
c0de01f4 c0de01f4        0     1                 $t
c0de01f5 c0de01f5        8     1                 core::ptr::drop_in_place$LT$legder_xelis..utils..Bip32Path$GT$::h145ce82181dd244c
c0de01fc c0de01fc       12     2         /app/target/nanosplus/release/deps/legder_xelis-6779a5bdf0fc7a68.legder_xelis.87959d3019b9c6da-cgu.0.rcgu.o:(.text._ZN4core3ptr62drop_in_place$LT$legder_xelis..tx_types..ParsedTransaction$GT$17h09edf9430277b35aE)
c0de01fc c0de01fc        0     1                 $t
c0de01fd c0de01fd       12     1                 core::ptr::drop_in_place$LT$legder_xelis..tx_types..ParsedTransaction$GT$::h09edf9430277b35a
c0de020e c0de020e        8     2         /app/target/nanosplus/release/deps/legder_xelis-6779a5bdf0fc7a68.legder_xelis.87959d3019b9c6da-cgu.0.rcgu.o:(.text._ZN4core3ptr68drop_in_place$LT$alloc..vec..Vec$LT$$u5b$u8$u3b$$u20$32$u5d$$GT$$GT$17h84ca77476cf25df8E)
c0de020e c0de020e        0     1                 $t
c0de020f c0de020f        8     1                 core::ptr::drop_in_place$LT$alloc..vec..Vec$LT$$u5b$u8$u3b$$u20$32$u5d$$GT$$GT$::h84ca77476cf25df8
c0de0216 c0de0216       36     2         /app/target/nanosplus/release/deps/legder_xelis-6779a5bdf0fc7a68.legder_xelis.87959d3019b9c6da-cgu.0.rcgu.o:(.text._ZN4core3ptr70drop_in_place$LT$alloc..vec..Vec$LT$legder_xelis..xlb..MemoOut$GT$$GT$17hb9a163b9b6867415E)
c0de0216 c0de0216        0     1                 $t
c0de0217 c0de0217       36     1                 core::ptr::drop_in_place$LT$alloc..vec..Vec$LT$legder_xelis..xlb..MemoOut$GT$$GT$::hb9a163b9b6867415
c0de024c c0de024c       10     2         /app/target/nanosplus/release/deps/legder_xelis-6779a5bdf0fc7a68.legder_xelis.87959d3019b9c6da-cgu.0.rcgu.o:(.text._ZN4core3ptr79drop_in_place$LT$core..option..Option$LT$legder_xelis..xlb..MemoPreview$GT$$GT$17h7050d7697a535e39E)
c0de024c c0de024c        0     1                 $t
c0de024d c0de024d       10     1                 core::ptr::drop_in_place$LT$core..option..Option$LT$legder_xelis..xlb..MemoPreview$GT$$GT$::h7050d7697a535e39
c0de025c c0de025c       20     2         /app/target/nanosplus/release/deps/legder_xelis-6779a5bdf0fc7a68.legder_xelis.87959d3019b9c6da-cgu.0.rcgu.o:(.text._ZN4core3str6traits66_$LT$impl$u20$core..ops..index..Index$LT$I$GT$$u20$for$u20$str$GT$5index17hd4ba2cc62416d308E)
c0de025c c0de025c        0     1                 $t
c0de025d c0de025d       20     1                 core::str::traits::_$LT$impl$u20$core..ops..index..Index$LT$I$GT$$u20$for$u20$str$GT$::index::hd4ba2cc62416d308
c0de027c c0de027c       1a     2         /app/target/nanosplus/release/deps/legder_xelis-6779a5bdf0fc7a68.legder_xelis.87959d3019b9c6da-cgu.0.rcgu.o:(.text._ZN4core3str6traits66_$LT$impl$u20$core..ops..index..Index$LT$I$GT$$u20$for$u20$str$GT$5index17he90e12399aba73f3E)
c0de027c c0de027c        0     1                 $t
c0de027d c0de027d       1a     1                 core::str::traits::_$LT$impl$u20$core..ops..index..Index$LT$I$GT$$u20$for$u20$str$GT$::index::he90e12399aba73f3
c0de0296 c0de0296       62     2         /app/target/nanosplus/release/deps/legder_xelis-6779a5bdf0fc7a68.legder_xelis.87959d3019b9c6da-cgu.0.rcgu.o:(.text._ZN4core4char7methods22_$LT$impl$u20$char$GT$11encode_utf817hfad48d540ae58677E)
c0de0296 c0de0296        0     1                 $t
c0de0297 c0de0297       62     1                 core::char::methods::_$LT$impl$u20$char$GT$::encode_utf8::hfad48d540ae58677
c0de02f8 c0de02f8       12     2         /app/target/nanosplus/release/deps/legder_xelis-6779a5bdf0fc7a68.legder_xelis.87959d3019b9c6da-cgu.0.rcgu.o:(.text._ZN4core5array85_$LT$impl$u20$core..ops..index..Index$LT$I$GT$$u20$for$u20$$u5b$T$u3b$$u20$N$u5d$$GT$5index17h1a7c71c1a5482c92E)
c0de02f8 c0de02f8        0     1                 $t
c0de02f9 c0de02f9       12     1                 core::array::_$LT$impl$u20$core..ops..index..Index$LT$I$GT$$u20$for$u20$$u5b$T$u3b$$u20$N$u5d$$GT$::index::h1a7c71c1a5482c92
c0de030a c0de030a        c     2         /app/target/nanosplus/release/deps/legder_xelis-6779a5bdf0fc7a68.legder_xelis.87959d3019b9c6da-cgu.0.rcgu.o:(.text._ZN4core5array85_$LT$impl$u20$core..ops..index..Index$LT$I$GT$$u20$for$u20$$u5b$T$u3b$$u20$N$u5d$$GT$5index17h4d42509405861fc3E)
c0de030a c0de030a        0     1                 $t
c0de030b c0de030b        c     1                 core::array::_$LT$impl$u20$core..ops..index..Index$LT$I$GT$$u20$for$u20$$u5b$T$u3b$$u20$N$u5d$$GT$::index::h4d42509405861fc3
c0de0316 c0de0316        e     2         /app/target/nanosplus/release/deps/legder_xelis-6779a5bdf0fc7a68.legder_xelis.87959d3019b9c6da-cgu.0.rcgu.o:(.text._ZN4core5array88_$LT$impl$u20$core..ops..index..IndexMut$LT$I$GT$$u20$for$u20$$u5b$T$u3b$$u20$N$u5d$$GT$9index_mut17he82e393085f7189fE)
c0de0316 c0de0316        0     1                 $t
c0de0317 c0de0317        e     1                 core::array::_$LT$impl$u20$core..ops..index..IndexMut$LT$I$GT$$u20$for$u20$$u5b$T$u3b$$u20$N$u5d$$GT$::index_mut::he82e393085f7189f
c0de0324 c0de0324       62     2         /app/target/nanosplus/release/deps/legder_xelis-6779a5bdf0fc7a68.legder_xelis.87959d3019b9c6da-cgu.0.rcgu.o:(.text._ZN4core5slice29_$LT$impl$u20$$u5b$T$u5d$$GT$7reverse17h4f5cec56bf641aabE)
c0de0324 c0de0324        0     1                 $t
c0de0325 c0de0325       62     1                 core::slice::_$LT$impl$u20$$u5b$T$u5d$$GT$::reverse::h4f5cec56bf641aab
c0de0386 c0de0386       36     2         /app/target/nanosplus/release/deps/legder_xelis-6779a5bdf0fc7a68.legder_xelis.87959d3019b9c6da-cgu.0.rcgu.o:(.text._ZN52_$LT$char$u20$as$u20$core..str..pattern..Pattern$GT$13into_searcher17ha9bad4dfd18170e8E)
c0de0386 c0de0386        0     1                 $t
c0de0387 c0de0387       36     1                 _$LT$char$u20$as$u20$core..str..pattern..Pattern$GT$::into_searcher::ha9bad4dfd18170e8
c0de03bc c0de03bc       b0     4         /app/target/nanosplus/release/deps/legder_xelis-6779a5bdf0fc7a68.legder_xelis.87959d3019b9c6da-cgu.0.rcgu.o:(.text._ZN53_$LT$T$u20$as$u20$core..convert..TryInto$LT$U$GT$$GT$8try_into17ha03f55450c83468cE)
c0de03bc c0de03bc        0     1                 $t
c0de03bd c0de03bd       b0     1                 _$LT$T$u20$as$u20$core..convert..TryInto$LT$U$GT$$GT$::try_into::ha03f55450c83468c
c0de0464 c0de0464        0     1                 $d
c0de046c c0de046c       14     4         /app/target/nanosplus/release/deps/legder_xelis-6779a5bdf0fc7a68.legder_xelis.87959d3019b9c6da-cgu.0.rcgu.o:(.text._ZN53_$LT$core..fmt..Error$u20$as$u20$core..fmt..Debug$GT$3fmt17hd1bb17ebccb067ddE)
c0de046c c0de046c        0     1                 $t
c0de046d c0de046d       14     1                 _$LT$core..fmt..Error$u20$as$u20$core..fmt..Debug$GT$::fmt::hd1bb17ebccb067dd
c0de047c c0de047c        0     1                 $d
c0de0480 c0de0480        c     2         /app/target/nanosplus/release/deps/legder_xelis-6779a5bdf0fc7a68.legder_xelis.87959d3019b9c6da-cgu.0.rcgu.o:(.text._ZN58_$LT$alloc..string..String$u20$as$u20$core..fmt..Write$GT$10write_char17h2ec308d821429d40E)
c0de0480 c0de0480        0     1                 $t
c0de0481 c0de0481        c     1                 _$LT$alloc..string..String$u20$as$u20$core..fmt..Write$GT$::write_char::h2ec308d821429d40
c0de048c c0de048c        e     2         /app/target/nanosplus/release/deps/legder_xelis-6779a5bdf0fc7a68.legder_xelis.87959d3019b9c6da-cgu.0.rcgu.o:(.text._ZN58_$LT$alloc..string..String$u20$as$u20$core..fmt..Write$GT$9write_str17hf0d2662fb50886eeE)
c0de048c c0de048c        0     1                 $t
c0de048d c0de048d        e     1                 _$LT$alloc..string..String$u20$as$u20$core..fmt..Write$GT$::write_str::hf0d2662fb50886ee
c0de049c c0de049c       9c     4         /app/target/nanosplus/release/deps/legder_xelis-6779a5bdf0fc7a68.legder_xelis.87959d3019b9c6da-cgu.0.rcgu.o:(.text._ZN5alloc3fmt6format17h6fbc09d9ebee31fbE)
c0de049c c0de049c        0     1                 $t
c0de049d c0de049d       9c     1                 alloc::fmt::format::h6fbc09d9ebee31fb
c0de0530 c0de0530        0     1                 $d
c0de0538 c0de0538       16     2         /app/target/nanosplus/release/deps/legder_xelis-6779a5bdf0fc7a68.legder_xelis.87959d3019b9c6da-cgu.0.rcgu.o:(.text._ZN5alloc3vec16Vec$LT$T$C$A$GT$16with_capacity_in17h45da9776e1b2285dE)
c0de0538 c0de0538        0     1                 $t
c0de0539 c0de0539       16     1                 alloc::vec::Vec$LT$T$C$A$GT$::with_capacity_in::h45da9776e1b2285d
c0de054e c0de054e       3c     2         /app/target/nanosplus/release/deps/legder_xelis-6779a5bdf0fc7a68.legder_xelis.87959d3019b9c6da-cgu.0.rcgu.o:(.text._ZN5alloc3vec16Vec$LT$T$C$A$GT$4push17h64368fb31a8a26d3E)
c0de054e c0de054e        0     1                 $t
c0de054f c0de054f       3c     1                 alloc::vec::Vec$LT$T$C$A$GT$::push::h64368fb31a8a26d3
c0de058a c0de058a       4a     2         /app/target/nanosplus/release/deps/legder_xelis-6779a5bdf0fc7a68.legder_xelis.87959d3019b9c6da-cgu.0.rcgu.o:(.text._ZN5alloc6string6String4push17h93e196e3539715baE)
c0de058a c0de058a        0     1                 $t
c0de058b c0de058b       4a     1                 alloc::string::String::push::h93e196e3539715ba
c0de05d4 c0de05d4        8     2         /app/target/nanosplus/release/deps/legder_xelis-6779a5bdf0fc7a68.legder_xelis.87959d3019b9c6da-cgu.0.rcgu.o:(.text._ZN5alloc7raw_vec19RawVec$LT$T$C$A$GT$8grow_one17h742e1ceb56cc2fd3E)
c0de05d4 c0de05d4        0     1                 $t
c0de05d5 c0de05d5        8     1                 alloc::raw_vec::RawVec$LT$T$C$A$GT$::grow_one::h742e1ceb56cc2fd3
c0de05dc c0de05dc        8     2         /app/target/nanosplus/release/deps/legder_xelis-6779a5bdf0fc7a68.legder_xelis.87959d3019b9c6da-cgu.0.rcgu.o:(.text._ZN5alloc7raw_vec19RawVec$LT$T$C$A$GT$8grow_one17h7684f3e7e1c7603eE)
c0de05dc c0de05dc        0     1                 $t
c0de05dd c0de05dd        8     1                 alloc::raw_vec::RawVec$LT$T$C$A$GT$::grow_one::h7684f3e7e1c7603e
c0de05e4 c0de05e4        8     2         /app/target/nanosplus/release/deps/legder_xelis-6779a5bdf0fc7a68.legder_xelis.87959d3019b9c6da-cgu.0.rcgu.o:(.text._ZN5alloc7raw_vec19RawVec$LT$T$C$A$GT$8grow_one17h7eb641c621d7ad35E)
c0de05e4 c0de05e4        0     1                 $t
c0de05e5 c0de05e5        8     1                 alloc::raw_vec::RawVec$LT$T$C$A$GT$::grow_one::h7eb641c621d7ad35
c0de05ec c0de05ec        8     2         /app/target/nanosplus/release/deps/legder_xelis-6779a5bdf0fc7a68.legder_xelis.87959d3019b9c6da-cgu.0.rcgu.o:(.text._ZN5alloc7raw_vec19RawVec$LT$T$C$A$GT$8grow_one17hf220f24c112481feE)
c0de05ec c0de05ec        0     1                 $t
c0de05ed c0de05ed        8     1                 alloc::raw_vec::RawVec$LT$T$C$A$GT$::grow_one::hf220f24c112481fe
c0de05f4 c0de05f4       22     2         /app/target/nanosplus/release/deps/legder_xelis-6779a5bdf0fc7a68.legder_xelis.87959d3019b9c6da-cgu.0.rcgu.o:(.text._ZN5alloc7raw_vec20RawVecInner$LT$A$GT$16with_capacity_in17hca9c9a6bc5f8fd65E)
c0de05f4 c0de05f4        0     1                 $t
c0de05f5 c0de05f5       22     1                 alloc::raw_vec::RawVecInner$LT$A$GT$::with_capacity_in::hca9c9a6bc5f8fd65
c0de0616 c0de0616       24     2         /app/target/nanosplus/release/deps/legder_xelis-6779a5bdf0fc7a68.legder_xelis.87959d3019b9c6da-cgu.0.rcgu.o:(.text._ZN5alloc7raw_vec20RawVecInner$LT$A$GT$23with_capacity_zeroed_in17hfba2b4cf0b94c197E)
c0de0616 c0de0616        0     1                 $t
c0de0617 c0de0617       24     1                 alloc::raw_vec::RawVecInner$LT$A$GT$::with_capacity_zeroed_in::hfba2b4cf0b94c197
c0de063a c0de063a       1c     2         /app/target/nanosplus/release/deps/legder_xelis-6779a5bdf0fc7a68.legder_xelis.87959d3019b9c6da-cgu.0.rcgu.o:(.text._ZN5alloc7raw_vec20RawVecInner$LT$A$GT$7reserve17h1b115c12da75593cE)
c0de063a c0de063a        0     1                 $t
c0de063b c0de063b       1c     1                 alloc::raw_vec::RawVecInner$LT$A$GT$::reserve::h1b115c12da75593c
c0de0658 c0de0658       20     4         /app/target/nanosplus/release/deps/legder_xelis-6779a5bdf0fc7a68.legder_xelis.87959d3019b9c6da-cgu.0.rcgu.o:(.text._ZN5alloc7raw_vec20RawVecInner$LT$A$GT$8grow_one17h90170e54352f8686E)
c0de0658 c0de0658        0     1                 $t
c0de0659 c0de0659       20     1                 alloc::raw_vec::RawVecInner$LT$A$GT$::grow_one::h90170e54352f8686
c0de0674 c0de0674        0     1                 $d
c0de0678 c0de0678        c     2         /app/target/nanosplus/release/deps/legder_xelis-6779a5bdf0fc7a68.legder_xelis.87959d3019b9c6da-cgu.0.rcgu.o:(.text._ZN60_$LT$alloc..string..String$u20$as$u20$core..fmt..Display$GT$3fmt17h2c0b1d9dc9d3083dE)
c0de0678 c0de0678        0     1                 $t
c0de0679 c0de0679        c     1                 _$LT$alloc..string..String$u20$as$u20$core..fmt..Display$GT$::fmt::h2c0b1d9dc9d3083d
c0de0684 c0de0684       40     4         /app/target/nanosplus/release/deps/legder_xelis-6779a5bdf0fc7a68.legder_xelis.87959d3019b9c6da-cgu.0.rcgu.o:(.text._ZN67_$LT$core..array..TryFromSliceError$u20$as$u20$core..fmt..Debug$GT$3fmt17h3c0350c48893f4e3E)
c0de0684 c0de0684        0     1                 $t
c0de0685 c0de0685       40     1                 _$LT$core..array..TryFromSliceError$u20$as$u20$core..fmt..Debug$GT$::fmt::h3c0350c48893f4e3
c0de06bc c0de06bc        0     1                 $d
c0de06c4 c0de06c4       18     2         /app/target/nanosplus/release/deps/legder_xelis-6779a5bdf0fc7a68.legder_xelis.87959d3019b9c6da-cgu.0.rcgu.o:(.text._ZN81_$LT$alloc..vec..Vec$LT$T$C$A$GT$$u20$as$u20$core..ops..index..Index$LT$I$GT$$GT$5index17h80b26229b8a08133E)
c0de06c4 c0de06c4        0     1                 $t
c0de06c5 c0de06c5       18     1                 _$LT$alloc..vec..Vec$LT$T$C$A$GT$$u20$as$u20$core..ops..index..Index$LT$I$GT$$GT$::index::h80b26229b8a08133
c0de06dc c0de06dc       c4     2         /app/target/nanosplus/release/deps/legder_xelis-6779a5bdf0fc7a68.legder_xelis.87959d3019b9c6da-cgu.0.rcgu.o:(.text._ZN81_$LT$core..str..pattern..CharSearcher$u20$as$u20$core..str..pattern..Searcher$GT$10next_match17h9f4421d4c75335f4E)
c0de06dc c0de06dc        0     1                 $t
c0de06dd c0de06dd       c4     1                 _$LT$core..str..pattern..CharSearcher$u20$as$u20$core..str..pattern..Searcher$GT$::next_match::h9f4421d4c75335f4
c0de07a0 c0de07a0        a     2         /app/target/nanosplus/release/deps/legder_xelis-6779a5bdf0fc7a68.legder_xelis.87959d3019b9c6da-cgu.0.rcgu.o:(.text._ZN84_$LT$alloc..vec..Vec$LT$T$C$A$GT$$u20$as$u20$core..ops..index..IndexMut$LT$I$GT$$GT$9index_mut17h62193ba49b59a73cE)
c0de07a0 c0de07a0        0     1                 $t
c0de07a1 c0de07a1        a     1                 _$LT$alloc..vec..Vec$LT$T$C$A$GT$$u20$as$u20$core..ops..index..IndexMut$LT$I$GT$$GT$::index_mut::h62193ba49b59a73c
c0de07aa c0de07aa       14     2         /app/target/nanosplus/release/deps/legder_xelis-6779a5bdf0fc7a68.legder_xelis.87959d3019b9c6da-cgu.0.rcgu.o:(.text._ZN84_$LT$alloc..vec..Vec$LT$T$C$A$GT$$u20$as$u20$core..ops..index..IndexMut$LT$I$GT$$GT$9index_mut17ha5bbd50d46148a18E)
c0de07aa c0de07aa        0     1                 $t
c0de07ab c0de07ab       14     1                 _$LT$alloc..vec..Vec$LT$T$C$A$GT$$u20$as$u20$core..ops..index..IndexMut$LT$I$GT$$GT$::index_mut::ha5bbd50d46148a18
c0de07be c0de07be       5a     2         /app/target/nanosplus/release/deps/legder_xelis-6779a5bdf0fc7a68.legder_xelis.87959d3019b9c6da-cgu.0.rcgu.o:(.text._ZN90_$LT$core..str..iter..Split$LT$P$GT$$u20$as$u20$core..iter..traits..iterator..Iterator$GT$4next17hbeb9ca436bda76b8E)
c0de07be c0de07be        0     1                 $t
c0de07bf c0de07bf       5a     1                 _$LT$core..str..iter..Split$LT$P$GT$$u20$as$u20$core..iter..traits..iterator..Iterator$GT$::next::hbeb9ca436bda76b8
c0de0818 c0de0818       24     2         /app/target/nanosplus/release/deps/legder_xelis-6779a5bdf0fc7a68.legder_xelis.87959d3019b9c6da-cgu.0.rcgu.o:(.text._ZN91_$LT$core..slice..iter..Iter$LT$T$GT$$u20$as$u20$core..iter..traits..iterator..Iterator$GT$3all17hb1927efeeb1ceb8aE)
c0de0818 c0de0818        0     1                 $t
c0de0819 c0de0819       24     1                 _$LT$core..slice..iter..Iter$LT$T$GT$$u20$as$u20$core..iter..traits..iterator..Iterator$GT$::all::hb1927efeeb1ceb8a
c0de083c c0de083c      1fc     4         /app/target/nanosplus/release/deps/legder_xelis-6779a5bdf0fc7a68.legder_xelis.87959d3019b9c6da-cgu.0.rcgu.o:(.text._ZN12legder_xelis6crypto7address7Address8to_bytes17h8dc1226262ea8875E)
c0de083c c0de083c        0     1                 $t
c0de083d c0de083d      1fc     1                 legder_xelis::crypto::address::Address::to_bytes::h8dc1226262ea8875
c0de0a28 c0de0a28        0     1                 $d
c0de0a38 c0de0a38       40     4         /app/target/nanosplus/release/deps/legder_xelis-6779a5bdf0fc7a68.legder_xelis.87959d3019b9c6da-cgu.0.rcgu.o:(.text._ZN12legder_xelis6crypto7address12polymod_step17h778cb90b9821e87bE)
c0de0a38 c0de0a38        0     1                 $t
c0de0a39 c0de0a39       40     1                 legder_xelis::crypto::address::polymod_step::h778cb90b9821e87b
c0de0a70 c0de0a70        0     1                 $d
c0de0a78 c0de0a78      3f0     4         /app/target/nanosplus/release/deps/legder_xelis-6779a5bdf0fc7a68.legder_xelis.87959d3019b9c6da-cgu.0.rcgu.o:(.text._ZN12legder_xelis6crypto7address19format_address_safe17h7cfd984023b0b31cE)
c0de0a78 c0de0a78        0     1                 $t
c0de0a79 c0de0a79      3f0     1                 legder_xelis::crypto::address::format_address_safe::h7cfd984023b0b31c
c0de0e30 c0de0e30        0     1                 $d
c0de0e68 c0de0e68       24     2         /app/target/nanosplus/release/deps/legder_xelis-6779a5bdf0fc7a68.legder_xelis.87959d3019b9c6da-cgu.0.rcgu.o:(.text._ZN12legder_xelis6crypto9ristretto19CompressedRistretto11to_le_bytes17hdf30ec89682d1200E)
c0de0e68 c0de0e68        0     1                 $t
c0de0e69 c0de0e69       24     1                 legder_xelis::crypto::ristretto::CompressedRistretto::to_le_bytes::hdf30ec89682d1200
c0de0e8c c0de0e8c       20     4         /app/target/nanosplus/release/deps/legder_xelis-6779a5bdf0fc7a68.legder_xelis.87959d3019b9c6da-cgu.0.rcgu.o:(.text._ZN12legder_xelis6crypto9ristretto11fe25519_mul17h686c6d0b34a0a634E)
c0de0e8c c0de0e8c        0     1                 $t
c0de0e8d c0de0e8d       20     1                 legder_xelis::crypto::ristretto::fe25519_mul::h686c6d0b34a0a634
c0de0ea8 c0de0ea8        0     1                 $d
c0de0eac c0de0eac       20     4         /app/target/nanosplus/release/deps/legder_xelis-6779a5bdf0fc7a68.legder_xelis.87959d3019b9c6da-cgu.0.rcgu.o:(.text._ZN12legder_xelis6crypto9ristretto11fe25519_add17h4a8b618c2af3b567E)
c0de0eac c0de0eac        0     1                 $t
c0de0ead c0de0ead       20     1                 legder_xelis::crypto::ristretto::fe25519_add::h4a8b618c2af3b567
c0de0ec8 c0de0ec8        0     1                 $d
c0de0ecc c0de0ecc       20     4         /app/target/nanosplus/release/deps/legder_xelis-6779a5bdf0fc7a68.legder_xelis.87959d3019b9c6da-cgu.0.rcgu.o:(.text._ZN12legder_xelis6crypto9ristretto11fe25519_sub17h471e2a68f11f632fE)
c0de0ecc c0de0ecc        0     1                 $t
c0de0ecd c0de0ecd       20     1                 legder_xelis::crypto::ristretto::fe25519_sub::h471e2a68f11f632f
c0de0ee8 c0de0ee8        0     1                 $d
c0de0eec c0de0eec       24     4         /app/target/nanosplus/release/deps/legder_xelis-6779a5bdf0fc7a68.legder_xelis.87959d3019b9c6da-cgu.0.rcgu.o:(.text._ZN12legder_xelis6crypto9ristretto11fe25519_neg17hf8dc5fb1b882b3bcE)
c0de0eec c0de0eec        0     1                 $t
c0de0eed c0de0eed       24     1                 legder_xelis::crypto::ristretto::fe25519_neg::hf8dc5fb1b882b3bc
c0de0f0c c0de0f0c        0     1                 $d
c0de0f10 c0de0f10      400     4         /app/target/nanosplus/release/deps/legder_xelis-6779a5bdf0fc7a68.legder_xelis.87959d3019b9c6da-cgu.0.rcgu.o:(.text._ZN12legder_xelis6crypto9ristretto14RistrettoPoint8compress17h5ceec8b1b347b61fE)
c0de0f10 c0de0f10        0     1                 $t
c0de0f11 c0de0f11      400     1                 legder_xelis::crypto::ristretto::RistrettoPoint::compress::h5ceec8b1b347b61f
c0de12ec c0de12ec        0     1                 $d
c0de1310 c0de1310       d4     4         /app/target/nanosplus/release/deps/legder_xelis-6779a5bdf0fc7a68.legder_xelis.87959d3019b9c6da-cgu.0.rcgu.o:(.text._ZN12legder_xelis6crypto9ristretto21scalar_mult_ristretto17he7da3a942b57e4c7E)
c0de1310 c0de1310        0     1                 $t
c0de1311 c0de1311       d4     1                 legder_xelis::crypto::ristretto::scalar_mult_ristretto::he7da3a942b57e4c7
c0de13e0 c0de13e0        0     1                 $d
c0de13e4 c0de13e4      1fc     4         /app/target/nanosplus/release/deps/legder_xelis-6779a5bdf0fc7a68.legder_xelis.87959d3019b9c6da-cgu.0.rcgu.o:(.text._ZN12legder_xelis6crypto9ristretto11edwards_add17hd46e50815eb67aa2E)
c0de13e4 c0de13e4        0     1                 $t
c0de13e5 c0de13e5      1fc     1                 legder_xelis::crypto::ristretto::edwards_add::hd46e50815eb67aa2
c0de15dc c0de15dc        0     1                 $d
c0de15e0 c0de15e0       b8     4         /app/target/nanosplus/release/deps/legder_xelis-6779a5bdf0fc7a68.legder_xelis.87959d3019b9c6da-cgu.0.rcgu.o:(.text._ZN12legder_xelis6crypto9ristretto25xelis_public_from_private17h960dbf7cd5f87583E)
c0de15e0 c0de15e0        0     1                 $t
c0de15e1 c0de15e1       b8     1                 legder_xelis::crypto::ristretto::xelis_public_from_private::h960dbf7cd5f87583
c0de1694 c0de1694        0     1                 $d
c0de1698 c0de1698       1c     2         /app/target/nanosplus/release/deps/legder_xelis-6779a5bdf0fc7a68.legder_xelis.87959d3019b9c6da-cgu.0.rcgu.o:(.text._ZN12legder_xelis6crypto6scalar7is_zero17h56dde765fba25628E)
c0de1698 c0de1698        0     1                 $t
c0de1699 c0de1699       1c     1                 legder_xelis::crypto::scalar::is_zero::h56dde765fba25628
c0de16b4 c0de16b4       64     4         /app/target/nanosplus/release/deps/legder_xelis-6779a5bdf0fc7a68.legder_xelis.87959d3019b9c6da-cgu.0.rcgu.o:(.text._ZN12legder_xelis6crypto6scalar13scalar_invert17h6d3c4ca4b7fdd8dbE)
c0de16b4 c0de16b4        0     1                 $t
c0de16b5 c0de16b5       64     1                 legder_xelis::crypto::scalar::scalar_invert::h6d3c4ca4b7fdd8db
c0de170c c0de170c        0     1                 $d
c0de1718 c0de1718       1c     2         /app/target/nanosplus/release/deps/legder_xelis-6779a5bdf0fc7a68.legder_xelis.87959d3019b9c6da-cgu.0.rcgu.o:(.text._ZN12legder_xelis6crypto6secure23SensitiveBytes$LT$_$GT$15copy_from_slice17h4c5f74a8ce168e9fE)
c0de1718 c0de1718        0     1                 $t
c0de1719 c0de1719       1c     1                 legder_xelis::crypto::secure::SensitiveBytes$LT$_$GT$::copy_from_slice::h4c5f74a8ce168e9f
c0de1734 c0de1734        6     2         /app/target/nanosplus/release/deps/legder_xelis-6779a5bdf0fc7a68.legder_xelis.87959d3019b9c6da-cgu.0.rcgu.o:(.text._ZN95_$LT$legder_xelis..crypto..secure..SensitiveBytes$LT$_$GT$$u20$as$u20$core..ops..drop..Drop$GT$4drop17h8320b73233371635E)
c0de1734 c0de1734        0     1                 $t
c0de1735 c0de1735        6     1                 _$LT$legder_xelis..crypto..secure..SensitiveBytes$LT$_$GT$$u20$as$u20$core..ops..drop..Drop$GT$::drop::h8320b73233371635
c0de173a c0de173a        6     2         /app/target/nanosplus/release/deps/legder_xelis-6779a5bdf0fc7a68.legder_xelis.87959d3019b9c6da-cgu.0.rcgu.o:(.text._ZN95_$LT$legder_xelis..crypto..secure..SensitiveBytes$LT$_$GT$$u20$as$u20$core..ops..drop..Drop$GT$4drop17hc9057dc5719af286E)
c0de173a c0de173a        0     1                 $t
c0de173b c0de173b        6     1                 _$LT$legder_xelis..crypto..secure..SensitiveBytes$LT$_$GT$$u20$as$u20$core..ops..drop..Drop$GT$::drop::hc9057dc5719af286
c0de1740 c0de1740        e     2         /app/target/nanosplus/release/deps/legder_xelis-6779a5bdf0fc7a68.legder_xelis.87959d3019b9c6da-cgu.0.rcgu.o:(.text._ZN12legder_xelis6crypto6secure11secure_wipe17h11fe69e1da993d71E)
c0de1740 c0de1740        0     1                 $t
c0de1741 c0de1741        e     1                 legder_xelis::crypto::secure::secure_wipe::h11fe69e1da993d71
c0de174e c0de174e       66     2         /app/target/nanosplus/release/deps/legder_xelis-6779a5bdf0fc7a68.legder_xelis.87959d3019b9c6da-cgu.0.rcgu.o:(.text._ZN12legder_xelis6crypto3sha4sha38sha3_51217h994c2a92dfa5036aE)
c0de174e c0de174e        0     1                 $t
c0de174f c0de174f       66     1                 legder_xelis::crypto::sha::sha3::sha3_512::h994c2a92dfa5036a
c0de17b4 c0de17b4       48     4         /app/target/nanosplus/release/deps/legder_xelis-6779a5bdf0fc7a68.legder_xelis.87959d3019b9c6da-cgu.0.rcgu.o:(.text._ZN12legder_xelis6crypto9signature26reduce_mod_l_wide_le_to_be17ha7c81b318815d875E)
c0de17b4 c0de17b4        0     1                 $t
c0de17b5 c0de17b5       48     1                 legder_xelis::crypto::signature::reduce_mod_l_wide_le_to_be::ha7c81b318815d875
c0de17f8 c0de17f8        0     1                 $d
c0de17fc c0de17fc       70     4         /app/target/nanosplus/release/deps/legder_xelis-6779a5bdf0fc7a68.legder_xelis.87959d3019b9c6da-cgu.0.rcgu.o:(.text._ZN12legder_xelis5utils13to_hex_string17ha926ca1a10aa2dadE)
c0de17fc c0de17fc        0     1                 $t
c0de17fd c0de17fd       70     1                 legder_xelis::utils::to_hex_string::ha926ca1a10aa2dad
c0de1868 c0de1868        0     1                 $d
c0de186c c0de186c       64     4         /app/target/nanosplus/release/deps/legder_xelis-6779a5bdf0fc7a68.legder_xelis.87959d3019b9c6da-cgu.0.rcgu.o:(.text._ZN12legder_xelis3xlb11read_leb12817hcd206ecbc00175e7E)
c0de186c c0de186c        0     1                 $t
c0de186d c0de186d       64     1                 legder_xelis::xlb::read_leb128::hcd206ecbc00175e7
c0de18cc c0de18cc        0     1                 $d
c0de18d0 c0de18d0       a4     4         /app/target/nanosplus/release/deps/legder_xelis-6779a5bdf0fc7a68.legder_xelis.87959d3019b9c6da-cgu.0.rcgu.o:(.text._ZN12legder_xelis6app_ui4sign12format_asset17h0e56ba4215956d37E)
c0de18d0 c0de18d0        0     1                 $t
c0de18d1 c0de18d1       a4     1                 legder_xelis::app_ui::sign::format_asset::h0e56ba4215956d37
c0de1964 c0de1964        0     1                 $d
c0de1974 c0de1974       a8     4         /app/target/nanosplus/release/deps/legder_xelis-6779a5bdf0fc7a68.legder_xelis.87959d3019b9c6da-cgu.0.rcgu.o:(.text._ZN12legder_xelis6app_ui4sign13format_amount17h4e26920bad626700E)
c0de1974 c0de1974        0     1                 $t
c0de1975 c0de1975       a8     1                 legder_xelis::app_ui::sign::format_amount::h4e26920bad626700
c0de1a0c c0de1a0c        0     1                 $d
c0de1a1c c0de1a1c       68     2         /app/target/nanosplus/release/deps/legder_xelis-6779a5bdf0fc7a68.legder_xelis.87959d3019b9c6da-cgu.0.rcgu.o:(.text._ZN12legder_xelis8handlers7sign_tx9TxContext5reset17h9db25b27d2668c76E)
c0de1a1c c0de1a1c        0     1                 $t
c0de1a1d c0de1a1d       68     1                 legder_xelis::handlers::sign_tx::TxContext::reset::h9db25b27d2668c76
c0de1a84 c0de1a84       24     4         /app/target/nanosplus/release/deps/legder_xelis-6779a5bdf0fc7a68.legder_xelis.87959d3019b9c6da-cgu.0.rcgu.o:(.text._ZN12legder_xelis8settings8Settings7get_mut17h1b6cf140dc215954E)
c0de1a84 c0de1a84        0     1                 $t
c0de1a85 c0de1a85       24     1                 legder_xelis::settings::Settings::get_mut::h1b6cf140dc215954
c0de1aa0 c0de1aa0        0     1                 $d
c0de1aa8 c0de1aa8     2290     4         /app/target/nanosplus/release/deps/legder_xelis-6779a5bdf0fc7a68.legder_xelis.87959d3019b9c6da-cgu.0.rcgu.o:(.text.sample_main)
c0de1aa8 c0de1aa8        0     1                 $t
c0de1aa9 c0de1aa9     2290     1                 sample_main
c0de1f1c c0de1f1c        0     1                 $d
c0de1f48 c0de1f48        0     1                 $t
c0de2010 c0de2010        0     1                 $d
c0de2014 c0de2014        0     1                 $t
c0de207a c0de207a        0     1                 $d
c0de207e c0de207e        0     1                 $t
c0de211c c0de211c        0     1                 $d
c0de2128 c0de2128        0     1                 $t
c0de24bc c0de24bc        0     1                 $d
c0de24cc c0de24cc        0     1                 $t
c0de29b0 c0de29b0        0     1                 $d
c0de29bc c0de29bc        0     1                 $t
c0de29fc c0de29fc        0     1                 $d
c0de2a00 c0de2a00        0     1                 $t
c0de2ce0 c0de2ce0        0     1                 $d
c0de2ce8 c0de2ce8        0     1                 $t
c0de31a8 c0de31a8        0     1                 $d
c0de31d0 c0de31d0        0     1                 $t
c0de364c c0de364c        0     1                 $d
c0de367c c0de367c        0     1                 $t
c0de3cf0 c0de3cf0        0     1                 $d
c0de3d38 c0de3d38        8     2         /app/target/nanosplus/release/deps/legder_xelis-6779a5bdf0fc7a68.legder_xelis.87959d3019b9c6da-cgu.0.rcgu.o:(.text.rust_begin_unwind)
c0de3d38 c0de3d38        0     1                 $t
c0de3d39 c0de3d39        8     1                 rust_begin_unwind
c0de3d40 c0de3d40        4     2         /app/target/nanosplus/release/deps/legder_xelis-6779a5bdf0fc7a68.legder_xelis.87959d3019b9c6da-cgu.0.rcgu.o:(.text.__rust_alloc_error_handler)
c0de3d40 c0de3d40        0     1                 $t
c0de3d41 c0de3d41        4     1                 __rust_alloc_error_handler
c0de3d44 c0de3d44       28     2         /app/target/nanosplus/release/deps/legder_xelis-6779a5bdf0fc7a68.legder_xelis.87959d3019b9c6da-cgu.0.rcgu.o:(.text._ZN5alloc3vec16Vec$LT$T$C$A$GT$4push17hc838e89bf913b41dE)
c0de3d44 c0de3d44        0     1                 $t
c0de3d45 c0de3d45       28     1                 alloc::vec::Vec$LT$T$C$A$GT$::push::hc838e89bf913b41d
c0de3d6c c0de3d6c       46     2         /app/target/nanosplus/release/deps/legder_xelis-6779a5bdf0fc7a68.legder_xelis.87959d3019b9c6da-cgu.0.rcgu.o:(.text._ZN132_$LT$alloc..vec..Vec$LT$T$C$A$GT$$u20$as$u20$alloc..vec..spec_extend..SpecExtend$LT$$RF$T$C$core..slice..iter..Iter$LT$T$GT$$GT$$GT$11spec_extend17h6b35519f86254822E)
c0de3d6c c0de3d6c        0     1                 $t
c0de3d6d c0de3d6d       46     1                 _$LT$alloc..vec..Vec$LT$T$C$A$GT$$u20$as$u20$alloc..vec..spec_extend..SpecExtend$LT$$RF$T$C$core..slice..iter..Iter$LT$T$GT$$GT$$GT$::spec_extend::h6b35519f86254822
c0de3db4 c0de3db4       1c     4         /app/target/nanosplus/release/deps/legder_xelis-6779a5bdf0fc7a68.legder_xelis.87959d3019b9c6da-cgu.0.rcgu.o:(.text.unlikely._ZN5alloc7raw_vec20RawVecInner$LT$A$GT$7reserve21do_reserve_and_handle17ha6c45361557a4c2cE)
c0de3db4 c0de3db4        0     1                 $t
c0de3db5 c0de3db5       1c     1                 alloc::raw_vec::RawVecInner$LT$A$GT$::reserve::do_reserve_and_handle::ha6c45361557a4c2c
c0de3dcc c0de3dcc        0     1                 $d
c0de3dd0 c0de3dd0       94     4         /app/target/nanosplus/release/deps/legder_xelis-6779a5bdf0fc7a68.legder_xelis.87959d3019b9c6da-cgu.0.rcgu.o:(.text._ZN5alloc7raw_vec20RawVecInner$LT$A$GT$14grow_amortized17h4a67128d23913d1fE)
c0de3dd0 c0de3dd0        0     1                 $t
c0de3dd1 c0de3dd1       94     1                 alloc::raw_vec::RawVecInner$LT$A$GT$::grow_amortized::h4a67128d23913d1f
c0de3e60 c0de3e60        0     1                 $d
c0de3e64 c0de3e64       10     2         /app/target/nanosplus/release/deps/legder_xelis-6779a5bdf0fc7a68.legder_xelis.87959d3019b9c6da-cgu.0.rcgu.o:(.text.unlikely._ZN5alloc7raw_vec12handle_error17h29df4b867d0fe94fE)
c0de3e64 c0de3e64        0     1                 $t
c0de3e65 c0de3e65       10     1                 alloc::raw_vec::handle_error::h29df4b867d0fe94f
c0de3e74 c0de3e74        8     2         /app/target/nanosplus/release/deps/legder_xelis-6779a5bdf0fc7a68.legder_xelis.87959d3019b9c6da-cgu.0.rcgu.o:(.text._ZN5alloc7raw_vec17capacity_overflow17hd4d7cef12e0298a9E)
c0de3e74 c0de3e74        0     1                 $t
c0de3e75 c0de3e75        8     1                 alloc::raw_vec::capacity_overflow::hd4d7cef12e0298a9
c0de3e7c c0de3e7c        8     2         /app/target/nanosplus/release/deps/legder_xelis-6779a5bdf0fc7a68.legder_xelis.87959d3019b9c6da-cgu.0.rcgu.o:(.text.unlikely._ZN5alloc5alloc18handle_alloc_error17h359b56941cf4e991E)
c0de3e7c c0de3e7c        0     1                 $t
c0de3e7d c0de3e7d        8     1                 alloc::alloc::handle_alloc_error::h359b56941cf4e991
c0de3e84 c0de3e84        8     2         /app/target/nanosplus/release/deps/legder_xelis-6779a5bdf0fc7a68.legder_xelis.87959d3019b9c6da-cgu.0.rcgu.o:(.text._ZN5alloc5alloc18handle_alloc_error8rt_error17h5fcf6a92137d9e36E)
c0de3e84 c0de3e84        0     1                 $t
c0de3e85 c0de3e85        8     1                 alloc::alloc::handle_alloc_error::rt_error::h5fcf6a92137d9e36
c0de3e8c c0de3e8c       58     2         /app/target/nanosplus/release/deps/legder_xelis-6779a5bdf0fc7a68.legder_xelis.87959d3019b9c6da-cgu.0.rcgu.o:(.text.unlikely._ZN5alloc7raw_vec11finish_grow17h021ea8adc18472bdE)
c0de3e8c c0de3e8c        0     1                 $t
c0de3e8d c0de3e8d       58     1                 alloc::raw_vec::finish_grow::h021ea8adc18472bd
c0de3ee4 c0de3ee4       40     4         /app/target/nanosplus/release/deps/legder_xelis-6779a5bdf0fc7a68.legder_xelis.87959d3019b9c6da-cgu.0.rcgu.o:(.text._ZN5alloc5alloc6Global10alloc_impl17h4c55f027517f4456E)
c0de3ee4 c0de3ee4        0     1                 $t
c0de3ee5 c0de3ee5       40     1                 alloc::alloc::Global::alloc_impl::h4c55f027517f4456
c0de3f20 c0de3f20        0     1                 $d
c0de3f24 c0de3f24        6     2         /app/target/nanosplus/release/deps/legder_xelis-6779a5bdf0fc7a68.legder_xelis.87959d3019b9c6da-cgu.0.rcgu.o:(.text._ZN63_$LT$alloc..alloc..Global$u20$as$u20$core..alloc..Allocator$GT$8allocate17h8c8ee912e87d0ac5E)
c0de3f24 c0de3f24        0     1                 $t
c0de3f25 c0de3f25        6     1                 _$LT$alloc..alloc..Global$u20$as$u20$core..alloc..Allocator$GT$::allocate::h8c8ee912e87d0ac5
c0de3f2c c0de3f2c       20     4         /app/target/nanosplus/release/deps/legder_xelis-6779a5bdf0fc7a68.legder_xelis.87959d3019b9c6da-cgu.0.rcgu.o:(.text._ZN5alloc7raw_vec19RawVec$LT$T$C$A$GT$8grow_one17hc6411f1039fcdd0fE)
c0de3f2c c0de3f2c        0     1                 $t
c0de3f2d c0de3f2d       20     1                 alloc::raw_vec::RawVec$LT$T$C$A$GT$::grow_one::hc6411f1039fcdd0f
c0de3f48 c0de3f48        0     1                 $d
c0de3f4c c0de3f4c       14     4         /app/target/nanosplus/release/deps/legder_xelis-6779a5bdf0fc7a68.legder_xelis.87959d3019b9c6da-cgu.0.rcgu.o:(.text._ZN4core3fmt5Write9write_fmt17h5f5591d15cf7bf53E)
c0de3f4c c0de3f4c        0     1                 $t
c0de3f4d c0de3f4d       14     1                 core::fmt::Write::write_fmt::h5f5591d15cf7bf53
c0de3f5c c0de3f5c        0     1                 $d
c0de3f60 c0de3f60       84     2         /app/target/nanosplus/release/deps/legder_xelis-6779a5bdf0fc7a68.legder_xelis.87959d3019b9c6da-cgu.0.rcgu.o:(.text._ZN58_$LT$alloc..string..String$u20$as$u20$core..fmt..Write$GT$10write_char17h2ec308d821429d40E.13)
c0de3f60 c0de3f60        0     1                 $t
c0de3f61 c0de3f61       84     1                 _$LT$alloc..string..String$u20$as$u20$core..fmt..Write$GT$::write_char::h2ec308d821429d40 (.13)
c0de3fe4 c0de3fe4        8     2         /app/target/nanosplus/release/deps/legder_xelis-6779a5bdf0fc7a68.legder_xelis.87959d3019b9c6da-cgu.0.rcgu.o:(.text._ZN77_$LT$alloc..raw_vec..RawVec$LT$T$C$A$GT$$u20$as$u20$core..ops..drop..Drop$GT$4drop17hd348a6835d10dfffE)
c0de3fe4 c0de3fe4        0     1                 $t
c0de3fe5 c0de3fe5        8     1                 _$LT$alloc..raw_vec..RawVec$LT$T$C$A$GT$$u20$as$u20$core..ops..drop..Drop$GT$::drop::hd348a6835d10dfff
c0de3fec c0de3fec       26     2         /app/target/nanosplus/release/deps/legder_xelis-6779a5bdf0fc7a68.legder_xelis.87959d3019b9c6da-cgu.0.rcgu.o:(.text._ZN5alloc7raw_vec20RawVecInner$LT$A$GT$10deallocate17h019eb755399a0689E)
c0de3fec c0de3fec        0     1                 $t
c0de3fed c0de3fed       26     1                 alloc::raw_vec::RawVecInner$LT$A$GT$::deallocate::h019eb755399a0689
c0de4012 c0de4012        8     2         /app/target/nanosplus/release/deps/legder_xelis-6779a5bdf0fc7a68.legder_xelis.87959d3019b9c6da-cgu.0.rcgu.o:(.text._ZN63_$LT$alloc..alloc..Global$u20$as$u20$core..alloc..Allocator$GT$10deallocate17hd7ff969a27da4974E)
c0de4012 c0de4012        0     1                 $t
c0de4013 c0de4013        8     1                 _$LT$alloc..alloc..Global$u20$as$u20$core..alloc..Allocator$GT$::deallocate::hd7ff969a27da4974
c0de401a c0de401a       60     2         /app/target/nanosplus/release/deps/legder_xelis-6779a5bdf0fc7a68.legder_xelis.87959d3019b9c6da-cgu.0.rcgu.o:(.text._ZN5alloc7raw_vec20RawVecInner$LT$A$GT$15try_allocate_in17h0815d4128e996d84E)
c0de401a c0de401a        0     1                 $t
c0de401b c0de401b       60     1                 alloc::raw_vec::RawVecInner$LT$A$GT$::try_allocate_in::h0815d4128e996d84
c0de407a c0de407a        8     2         /app/target/nanosplus/release/deps/legder_xelis-6779a5bdf0fc7a68.legder_xelis.87959d3019b9c6da-cgu.0.rcgu.o:(.text.__rdl_oom)
c0de407a c0de407a        0     1                 $t
c0de407b c0de407b        8     1                 __rdl_oom
c0de4082 c0de4082       28     2         /app/target/nanosplus/release/deps/legder_xelis-6779a5bdf0fc7a68.legder_xelis.87959d3019b9c6da-cgu.0.rcgu.o:(.text._ZN5alloc3vec16Vec$LT$T$C$A$GT$16with_capacity_in17ha24706113c578fc7E)
c0de4082 c0de4082        0     1                 $t
c0de4083 c0de4083       28     1                 alloc::vec::Vec$LT$T$C$A$GT$::with_capacity_in::ha24706113c578fc7
c0de40ac c0de40ac      100     4         /app/target/nanosplus/release/deps/legder_xelis-6779a5bdf0fc7a68.legder_xelis.87959d3019b9c6da-cgu.0.rcgu.o:(.text._ZN72_$LT$$RF$str$u20$as$u20$alloc..ffi..c_str..CString..new..SpecNewImpl$GT$13spec_new_impl17h9b662b26eae24bbbE)
c0de40ac c0de40ac        0     1                 $t
c0de40ad c0de40ad      100     1                 _$LT$$RF$str$u20$as$u20$alloc..ffi..c_str..CString..new..SpecNewImpl$GT$::spec_new_impl::h9b662b26eae24bbb
c0de41a8 c0de41a8        0     1                 $d
c0de41ac c0de41ac       1c     2         /app/target/nanosplus/release/deps/legder_xelis-6779a5bdf0fc7a68.legder_xelis.87959d3019b9c6da-cgu.0.rcgu.o:(.text._ZN69_$LT$alloc..ffi..c_str..CString$u20$as$u20$core..default..Default$GT$7default17h46af0d0e9ed60b16E)
c0de41ac c0de41ac        0     1                 $t
c0de41ad c0de41ad       1c     1                 _$LT$alloc..ffi..c_str..CString$u20$as$u20$core..default..Default$GT$::default::h46af0d0e9ed60b16
c0de41c8 c0de41c8       34     2         /app/target/nanosplus/release/deps/legder_xelis-6779a5bdf0fc7a68.legder_xelis.87959d3019b9c6da-cgu.0.rcgu.o:(.text._ZN5alloc5slice64_$LT$impl$u20$alloc..borrow..ToOwned$u20$for$u20$$u5b$T$u5d$$GT$8to_owned17h40499254ff007c77E)
c0de41c8 c0de41c8        0     1                 $t
c0de41c9 c0de41c9       34     1                 alloc::slice::_$LT$impl$u20$alloc..borrow..ToOwned$u20$for$u20$$u5b$T$u5d$$GT$::to_owned::h40499254ff007c77
c0de41fc c0de41fc       c0     4         /app/target/nanosplus/release/deps/legder_xelis-6779a5bdf0fc7a68.legder_xelis.87959d3019b9c6da-cgu.0.rcgu.o:(.text._ZN4core3fmt3num3imp54_$LT$impl$u20$core..fmt..Display$u20$for$u20$usize$GT$3fmt17he5c725c75e784d4bE)
c0de41fc c0de41fc        0     1                 $t
c0de41fd c0de41fd       c0     1                 core::fmt::num::imp::_$LT$impl$u20$core..fmt..Display$u20$for$u20$usize$GT$::fmt::he5c725c75e784d4b
c0de42b4 c0de42b4        0     1                 $d
c0de42bc c0de42bc      146     2         /app/target/nanosplus/release/deps/legder_xelis-6779a5bdf0fc7a68.legder_xelis.87959d3019b9c6da-cgu.0.rcgu.o:(.text._ZN4core3fmt9Formatter12pad_integral17hba8af4f9dc01343aE)
c0de42bc c0de42bc        0     1                 $t
c0de42bd c0de42bd      146     1                 core::fmt::Formatter::pad_integral::hba8af4f9dc01343a
c0de4402 c0de4402       e4     2         /app/target/nanosplus/release/deps/legder_xelis-6779a5bdf0fc7a68.legder_xelis.87959d3019b9c6da-cgu.0.rcgu.o:(.text._ZN81_$LT$core..str..iter..Chars$u20$as$u20$core..iter..traits..iterator..Iterator$GT$5count17hd29fed7538bcd78aE)
c0de4402 c0de4402        0     1                 $t
c0de4403 c0de4403       e4     1                 _$LT$core..str..iter..Chars$u20$as$u20$core..iter..traits..iterator..Iterator$GT$::count::hd29fed7538bcd78a
c0de44e6 c0de44e6       42     2         /app/target/nanosplus/release/deps/legder_xelis-6779a5bdf0fc7a68.legder_xelis.87959d3019b9c6da-cgu.0.rcgu.o:(.text._ZN4core3fmt9Formatter12pad_integral12write_prefix17h276841ae79bf9d0aE)
c0de44e6 c0de44e6        0     1                 $t
c0de44e7 c0de44e7       42     1                 core::fmt::Formatter::pad_integral::write_prefix::h276841ae79bf9d0a
c0de4528 c0de4528       58     4         /app/target/nanosplus/release/deps/legder_xelis-6779a5bdf0fc7a68.legder_xelis.87959d3019b9c6da-cgu.0.rcgu.o:(.text._ZN4core3fmt9Formatter7padding17h90cc916095ab60f2E)
c0de4528 c0de4528        0     1                 $t
c0de4529 c0de4529       58     1                 core::fmt::Formatter::padding::h90cc916095ab60f2
c0de453a c0de453a        0     1                 $d
c0de453e c0de453e        0     1                 $t
c0de4580 c0de4580       38     2         /app/target/nanosplus/release/deps/legder_xelis-6779a5bdf0fc7a68.legder_xelis.87959d3019b9c6da-cgu.0.rcgu.o:(.text._ZN4core3fmt11PostPadding5write17h5b1119ab29e3d00fE)
c0de4580 c0de4580        0     1                 $t
c0de4581 c0de4581       38     1                 core::fmt::PostPadding::write::h5b1119ab29e3d00f
c0de45b8 c0de45b8       20     2         /app/target/nanosplus/release/deps/legder_xelis-6779a5bdf0fc7a68.legder_xelis.87959d3019b9c6da-cgu.0.rcgu.o:(.text._ZN56_$LT$usize$u20$as$u20$core..iter..traits..accum..Sum$GT$3sum17h47823b1752354094E)
c0de45b8 c0de45b8        0     1                 $t
c0de45b9 c0de45b9       20     1                 _$LT$usize$u20$as$u20$core..iter..traits..accum..Sum$GT$::sum::h47823b1752354094
c0de45d8 c0de45d8       1e     2         /app/target/nanosplus/release/deps/legder_xelis-6779a5bdf0fc7a68.legder_xelis.87959d3019b9c6da-cgu.0.rcgu.o:(.text._ZN4core5slice29_$LT$impl$u20$$u5b$T$u5d$$GT$15copy_from_slice17h674c6c2ffa7d08dbE)
c0de45d8 c0de45d8        0     1                 $t
c0de45d9 c0de45d9       1e     1                 core::slice::_$LT$impl$u20$$u5b$T$u5d$$GT$::copy_from_slice::h674c6c2ffa7d08db
c0de45f6 c0de45f6        8     2         /app/target/nanosplus/release/deps/legder_xelis-6779a5bdf0fc7a68.legder_xelis.87959d3019b9c6da-cgu.0.rcgu.o:(.text.unlikely._ZN4core5slice29_$LT$impl$u20$$u5b$T$u5d$$GT$15copy_from_slice17len_mismatch_fail17h1abf9e53eba5a452E)
c0de45f6 c0de45f6        0     1                 $t
c0de45f7 c0de45f7        8     1                 core::slice::_$LT$impl$u20$$u5b$T$u5d$$GT$::copy_from_slice::len_mismatch_fail::h1abf9e53eba5a452
c0de45fe c0de45fe       e8     2         /app/target/nanosplus/release/deps/legder_xelis-6779a5bdf0fc7a68.legder_xelis.87959d3019b9c6da-cgu.0.rcgu.o:(.text._ZN4core3fmt9Formatter3pad17h8513f099051fdc36E)
c0de45fe c0de45fe        0     1                 $t
c0de45ff c0de45ff       e8     1                 core::fmt::Formatter::pad::h8513f099051fdc36
c0de46e6 c0de46e6       30     2         /app/target/nanosplus/release/deps/legder_xelis-6779a5bdf0fc7a68.legder_xelis.87959d3019b9c6da-cgu.0.rcgu.o:(.text._ZN87_$LT$core..str..iter..CharIndices$u20$as$u20$core..iter..traits..iterator..Iterator$GT$4next17h61e37c6a2ed8783dE)
c0de46e6 c0de46e6        0     1                 $t
c0de46e7 c0de46e7       30     1                 _$LT$core..str..iter..CharIndices$u20$as$u20$core..iter..traits..iterator..Iterator$GT$::next::h61e37c6a2ed8783d
c0de4716 c0de4716       1c     2         /app/target/nanosplus/release/deps/legder_xelis-6779a5bdf0fc7a68.legder_xelis.87959d3019b9c6da-cgu.0.rcgu.o:(.text._ZN4core3str6traits110_$LT$impl$u20$core..slice..index..SliceIndex$LT$str$GT$$u20$for$u20$core..ops..range..RangeTo$LT$usize$GT$$GT$3get17hd5f007430cbb5aa0E)
c0de4716 c0de4716        0     1                 $t
c0de4717 c0de4717       1c     1                 core::str::traits::_$LT$impl$u20$core..slice..index..SliceIndex$LT$str$GT$$u20$for$u20$core..ops..range..RangeTo$LT$usize$GT$$GT$::get::hd5f007430cbb5aa0
c0de4732 c0de4732       6e     2         /app/target/nanosplus/release/deps/legder_xelis-6779a5bdf0fc7a68.legder_xelis.87959d3019b9c6da-cgu.0.rcgu.o:(.text._ZN81_$LT$core..str..iter..Chars$u20$as$u20$core..iter..traits..iterator..Iterator$GT$4next17hc2fbf0df2bbbb3cfE.47)
c0de4732 c0de4732        0     1                 $t
c0de4733 c0de4733       6e     1                 _$LT$core..str..iter..Chars$u20$as$u20$core..iter..traits..iterator..Iterator$GT$::next::hc2fbf0df2bbbb3cf (.47)
c0de47a0 c0de47a0        8     2         /app/target/nanosplus/release/deps/legder_xelis-6779a5bdf0fc7a68.legder_xelis.87959d3019b9c6da-cgu.0.rcgu.o:(.text.unlikely._ZN4core9panicking5panic17hc9ff59e04ad5640aE)
c0de47a0 c0de47a0        0     1                 $t
c0de47a1 c0de47a1        8     1                 core::panicking::panic::hc9ff59e04ad5640a
c0de47a8 c0de47a8        8     2         /app/target/nanosplus/release/deps/legder_xelis-6779a5bdf0fc7a68.legder_xelis.87959d3019b9c6da-cgu.0.rcgu.o:(.text.unlikely._ZN4core9panicking19assert_failed_inner17h29e0fb7c0b347a66E)
c0de47a8 c0de47a8        0     1                 $t
c0de47a9 c0de47a9        8     1                 core::panicking::assert_failed_inner::h29e0fb7c0b347a66
c0de47b0 c0de47b0        c     2         /app/target/nanosplus/release/deps/legder_xelis-6779a5bdf0fc7a68.legder_xelis.87959d3019b9c6da-cgu.0.rcgu.o:(.text._ZN44_$LT$$RF$T$u20$as$u20$core..fmt..Display$GT$3fmt17h0b5d87f40120e689E)
c0de47b0 c0de47b0        0     1                 $t
c0de47b1 c0de47b1        c     1                 _$LT$$RF$T$u20$as$u20$core..fmt..Display$GT$::fmt::h0b5d87f40120e689
c0de47bc c0de47bc      136     2         /app/target/nanosplus/release/deps/legder_xelis-6779a5bdf0fc7a68.legder_xelis.87959d3019b9c6da-cgu.0.rcgu.o:(.text._ZN4core3fmt5write17h4d4ea1cd74be50d0E)
c0de47bc c0de47bc        0     1                 $t
c0de47bd c0de47bd      136     1                 core::fmt::write::h4d4ea1cd74be50d0
c0de48f2 c0de48f2       24     2         /app/target/nanosplus/release/deps/legder_xelis-6779a5bdf0fc7a68.legder_xelis.87959d3019b9c6da-cgu.0.rcgu.o:(.text._ZN4core3fmt8getcount17hf1f52160fd123465E)
c0de48f2 c0de48f2        0     1                 $t
c0de48f3 c0de48f3       24     1                 core::fmt::getcount::hf1f52160fd123465
c0de4918 c0de4918       e0     4         /app/target/nanosplus/release/deps/legder_xelis-6779a5bdf0fc7a68.legder_xelis.87959d3019b9c6da-cgu.0.rcgu.o:(.text._ZN4core3fmt3num3imp52_$LT$impl$u20$core..fmt..Display$u20$for$u20$u64$GT$3fmt17h816c24b90a636254E)
c0de4918 c0de4918        0     1                 $t
c0de4919 c0de4919       e0     1                 core::fmt::num::imp::_$LT$impl$u20$core..fmt..Display$u20$for$u20$u64$GT$::fmt::h816c24b90a636254
c0de49f0 c0de49f0        0     1                 $d
c0de49f8 c0de49f8        8     2         /app/target/nanosplus/release/deps/legder_xelis-6779a5bdf0fc7a68.legder_xelis.87959d3019b9c6da-cgu.0.rcgu.o:(.text.unlikely._ZN4core5slice5index22slice_index_order_fail17h20efcf695b173ad8E)
c0de49f8 c0de49f8        0     1                 $t
c0de49f9 c0de49f9        8     1                 core::slice::index::slice_index_order_fail::h20efcf695b173ad8
c0de4a00 c0de4a00        8     2         /app/target/nanosplus/release/deps/legder_xelis-6779a5bdf0fc7a68.legder_xelis.87959d3019b9c6da-cgu.0.rcgu.o:(.text._ZN4core5slice5index22slice_index_order_fail8do_panic7runtime17h235c9448c279a72aE)
c0de4a00 c0de4a00        0     1                 $t
c0de4a01 c0de4a01        8     1                 core::slice::index::slice_index_order_fail::do_panic::runtime::h235c9448c279a72a
c0de4a08 c0de4a08       1c     2         /app/target/nanosplus/release/deps/legder_xelis-6779a5bdf0fc7a68.legder_xelis.87959d3019b9c6da-cgu.0.rcgu.o:(.text._ZN4core3fmt9Arguments23as_statically_known_str17h052ef4f27f9679ffE.63)
c0de4a08 c0de4a08        0     1                 $t
c0de4a09 c0de4a09       1c     1                 core::fmt::Arguments::as_statically_known_str::h052ef4f27f9679ff (.63)
c0de4a24 c0de4a24       44     4         /app/target/nanosplus/release/deps/legder_xelis-6779a5bdf0fc7a68.legder_xelis.87959d3019b9c6da-cgu.0.rcgu.o:(.text._ZN4core3fmt3num55_$LT$impl$u20$core..fmt..LowerHex$u20$for$u20$usize$GT$3fmt17hd55579230695c9c0E)
c0de4a24 c0de4a24        0     1                 $t
c0de4a25 c0de4a25       44     1                 core::fmt::num::_$LT$impl$u20$core..fmt..LowerHex$u20$for$u20$usize$GT$::fmt::hd55579230695c9c0
c0de4a64 c0de4a64        0     1                 $d
c0de4a68 c0de4a68       44     4         /app/target/nanosplus/release/deps/legder_xelis-6779a5bdf0fc7a68.legder_xelis.87959d3019b9c6da-cgu.0.rcgu.o:(.text._ZN4core3fmt3num55_$LT$impl$u20$core..fmt..UpperHex$u20$for$u20$usize$GT$3fmt17h46d0139a0a7b3266E)
c0de4a68 c0de4a68        0     1                 $t
c0de4a69 c0de4a69       44     1                 core::fmt::num::_$LT$impl$u20$core..fmt..UpperHex$u20$for$u20$usize$GT$::fmt::h46d0139a0a7b3266
c0de4aa8 c0de4aa8        0     1                 $d
c0de4aac c0de4aac      13c     4         /app/target/nanosplus/release/deps/legder_xelis-6779a5bdf0fc7a68.legder_xelis.87959d3019b9c6da-cgu.0.rcgu.o:(.text._ZN68_$LT$core..fmt..builders..PadAdapter$u20$as$u20$core..fmt..Write$GT$9write_str17h33d45403a9761f00E)
c0de4aac c0de4aac        0     1                 $t
c0de4aad c0de4aad      13c     1                 _$LT$core..fmt..builders..PadAdapter$u20$as$u20$core..fmt..Write$GT$::write_str::h33d45403a9761f00
c0de4be4 c0de4be4        0     1                 $d
c0de4be8 c0de4be8        4     2         /app/target/nanosplus/release/deps/legder_xelis-6779a5bdf0fc7a68.legder_xelis.87959d3019b9c6da-cgu.0.rcgu.o:(.text._ZN4core3cmp5impls69_$LT$impl$u20$core..cmp..PartialEq$LT$$RF$B$GT$$u20$for$u20$$RF$A$GT$2eq17h69ff99f084670f38E)
c0de4be8 c0de4be8        0     1                 $t
c0de4be9 c0de4be9        4     1                 core::cmp::impls::_$LT$impl$u20$core..cmp..PartialEq$LT$$RF$B$GT$$u20$for$u20$$RF$A$GT$::eq::h69ff99f084670f38
c0de4bec c0de4bec       1e     2         /app/target/nanosplus/release/deps/legder_xelis-6779a5bdf0fc7a68.legder_xelis.87959d3019b9c6da-cgu.0.rcgu.o:(.text._ZN73_$LT$$u5b$A$u5d$$u20$as$u20$core..slice..cmp..SlicePartialEq$LT$B$GT$$GT$5equal17he20e039e7ac038f3E)
c0de4bec c0de4bec        0     1                 $t
c0de4bed c0de4bed       1e     1                 _$LT$$u5b$A$u5d$$u20$as$u20$core..slice..cmp..SlicePartialEq$LT$B$GT$$GT$::equal::he20e039e7ac038f3
c0de4c0c c0de4c0c       8c     4         /app/target/nanosplus/release/deps/legder_xelis-6779a5bdf0fc7a68.legder_xelis.87959d3019b9c6da-cgu.0.rcgu.o:(.text._ZN4core5slice6memchr14memchr_aligned17hf2b6d496dc455951E)
c0de4c0c c0de4c0c        0     1                 $t
c0de4c0d c0de4c0d       8c     1                 core::slice::memchr::memchr_aligned::hf2b6d496dc455951
c0de4c94 c0de4c94        0     1                 $d
c0de4c98 c0de4c98       22     2         /app/target/nanosplus/release/deps/legder_xelis-6779a5bdf0fc7a68.legder_xelis.87959d3019b9c6da-cgu.0.rcgu.o:(.text._ZN4core5slice6memchr12memchr_naive17h96d51357c47d132fE)
c0de4c98 c0de4c98        0     1                 $t
c0de4c99 c0de4c99       22     1                 core::slice::memchr::memchr_naive::h96d51357c47d132f
c0de4cba c0de4cba        8     2         /app/target/nanosplus/release/deps/legder_xelis-6779a5bdf0fc7a68.legder_xelis.87959d3019b9c6da-cgu.0.rcgu.o:(.text.unlikely._ZN4core4cell22panic_already_borrowed17h8e0a7ca593cf4e23E)
c0de4cba c0de4cba        0     1                 $t
c0de4cbb c0de4cbb        8     1                 core::cell::panic_already_borrowed::h8e0a7ca593cf4e23
c0de4cc4 c0de4cc4       4c     4         /app/target/nanosplus/release/deps/legder_xelis-6779a5bdf0fc7a68.legder_xelis.87959d3019b9c6da-cgu.0.rcgu.o:(.text._ZN68_$LT$core..fmt..builders..PadAdapter$u20$as$u20$core..fmt..Write$GT$10write_char17h92a8cf6b6e6c67bfE)
c0de4cc4 c0de4cc4        0     1                 $t
c0de4cc5 c0de4cc5       4c     1                 _$LT$core..fmt..builders..PadAdapter$u20$as$u20$core..fmt..Write$GT$::write_char::h92a8cf6b6e6c67bf
c0de4d0c c0de4d0c        0     1                 $d
c0de4d10 c0de4d10       34     4         /app/target/nanosplus/release/deps/legder_xelis-6779a5bdf0fc7a68.legder_xelis.87959d3019b9c6da-cgu.0.rcgu.o:(.text._ZN4core3fmt5Write9write_fmt17haa485b9936c0f9b8E)
c0de4d10 c0de4d10        0     1                 $t
c0de4d11 c0de4d11       34     1                 core::fmt::Write::write_fmt::haa485b9936c0f9b8
c0de4d40 c0de4d40        0     1                 $d
c0de4d44 c0de4d44       14     4         /app/target/nanosplus/release/deps/legder_xelis-6779a5bdf0fc7a68.legder_xelis.87959d3019b9c6da-cgu.0.rcgu.o:(.text.unlikely._ZN4core6option13unwrap_failed17he20a6e43bfb02542E)
c0de4d44 c0de4d44        0     1                 $t
c0de4d45 c0de4d45       14     1                 core::option::unwrap_failed::he20a6e43bfb02542
c0de4d54 c0de4d54        0     1                 $d
c0de4d58 c0de4d58        8     2         /app/target/nanosplus/release/deps/legder_xelis-6779a5bdf0fc7a68.legder_xelis.87959d3019b9c6da-cgu.0.rcgu.o:(.text.unlikely._ZN4core6result13unwrap_failed17hd22b05aaee2cc8b7E)
c0de4d58 c0de4d58        0     1                 $t
c0de4d59 c0de4d59        8     1                 core::result::unwrap_failed::hd22b05aaee2cc8b7
c0de4d60 c0de4d60        8     2         /app/target/nanosplus/release/deps/legder_xelis-6779a5bdf0fc7a68.legder_xelis.87959d3019b9c6da-cgu.0.rcgu.o:(.text.unlikely._ZN4core9panicking18panic_nounwind_fmt17h4f7219064c6488f0E)
c0de4d60 c0de4d60        0     1                 $t
c0de4d61 c0de4d61        8     1                 core::panicking::panic_nounwind_fmt::h4f7219064c6488f0
c0de4d68 c0de4d68       cc     4         /app/target/nanosplus/release/deps/legder_xelis-6779a5bdf0fc7a68.legder_xelis.87959d3019b9c6da-cgu.0.rcgu.o:(.text._ZN4core3fmt8builders10DebugTuple10field_with17had569fedaf202f4cE)
c0de4d68 c0de4d68        0     1                 $t
c0de4d69 c0de4d69       cc     1                 core::fmt::builders::DebugTuple::field_with::had569fedaf202f4c
c0de4e20 c0de4e20        0     1                 $d
c0de4e34 c0de4e34       58     4         /app/target/nanosplus/release/deps/legder_xelis-6779a5bdf0fc7a68.legder_xelis.87959d3019b9c6da-cgu.0.rcgu.o:(.text._ZN4core3fmt8builders10DebugTuple6finish17hf685f4de70ae6c76E)
c0de4e34 c0de4e34        0     1                 $t
c0de4e35 c0de4e35       58     1                 core::fmt::builders::DebugTuple::finish::hf685f4de70ae6c76
c0de4e84 c0de4e84        0     1                 $d
c0de4e8c c0de4e8c        c     2         /app/target/nanosplus/release/deps/legder_xelis-6779a5bdf0fc7a68.legder_xelis.87959d3019b9c6da-cgu.0.rcgu.o:(.text.unlikely._ZN4core3str16slice_error_fail17he3dd2d593d64ae84E)
c0de4e8c c0de4e8c        0     1                 $t
c0de4e8d c0de4e8d        c     1                 core::str::slice_error_fail::he3dd2d593d64ae84
c0de4e98 c0de4e98       98     2         /app/target/nanosplus/release/deps/legder_xelis-6779a5bdf0fc7a68.legder_xelis.87959d3019b9c6da-cgu.0.rcgu.o:(.text._ZN4core3str19slice_error_fail_rt17h5c12b1632fb29939E)
c0de4e98 c0de4e98        0     1                 $t
c0de4e99 c0de4e99       98     1                 core::str::slice_error_fail_rt::h5c12b1632fb29939
c0de4f30 c0de4f30       32     2         /app/target/nanosplus/release/deps/legder_xelis-6779a5bdf0fc7a68.legder_xelis.87959d3019b9c6da-cgu.0.rcgu.o:(.text._ZN4core3str21_$LT$impl$u20$str$GT$19floor_char_boundary17hada492dd28ba4195E)
c0de4f30 c0de4f30        0     1                 $t
c0de4f31 c0de4f31       32     1                 core::str::_$LT$impl$u20$str$GT$::floor_char_boundary::hada492dd28ba4195
c0de4f64 c0de4f64       10     4         /app/target/nanosplus/release/deps/legder_xelis-6779a5bdf0fc7a68.legder_xelis.87959d3019b9c6da-cgu.0.rcgu.o:(.text._ZN42_$LT$$RF$T$u20$as$u20$core..fmt..Debug$GT$3fmt17h75a96a14a663c058E)
c0de4f64 c0de4f64        0     1                 $t
c0de4f65 c0de4f65       10     1                 _$LT$$RF$T$u20$as$u20$core..fmt..Debug$GT$::fmt::h75a96a14a663c058
c0de4f70 c0de4f70        0     1                 $d
c0de4f74 c0de4f74       20     4         /app/target/nanosplus/release/deps/legder_xelis-6779a5bdf0fc7a68.legder_xelis.87959d3019b9c6da-cgu.0.rcgu.o:(.text._ZN4core4cell16RefCell$LT$T$GT$10borrow_mut17hbf94e3bd9f370a50E)
c0de4f74 c0de4f74        0     1                 $t
c0de4f75 c0de4f75       20     1                 core::cell::RefCell$LT$T$GT$::borrow_mut::hbf94e3bd9f370a50
c0de4f90 c0de4f90        0     1                 $d
c0de4f94 c0de4f94      108     4         /app/target/nanosplus/release/deps/legder_xelis-6779a5bdf0fc7a68.legder_xelis.87959d3019b9c6da-cgu.0.rcgu.o:(.text._ZN73_$LT$embedded_alloc..Heap$u20$as$u20$core..alloc..global..GlobalAlloc$GT$5alloc17h010ac7a63b8bd1d1E)
c0de4f94 c0de4f94        0     1                 $t
c0de4f95 c0de4f95      108     1                 _$LT$embedded_alloc..Heap$u20$as$u20$core..alloc..global..GlobalAlloc$GT$::alloc::h010ac7a63b8bd1d1
c0de5098 c0de5098        0     1                 $d
c0de509c c0de509c      11c     4         /app/target/nanosplus/release/deps/legder_xelis-6779a5bdf0fc7a68.legder_xelis.87959d3019b9c6da-cgu.0.rcgu.o:(.text._ZN73_$LT$embedded_alloc..Heap$u20$as$u20$core..alloc..global..GlobalAlloc$GT$7dealloc17hdfcbe77d02996528E)
c0de509c c0de509c        0     1                 $t
c0de509d c0de509d      11c     1                 _$LT$embedded_alloc..Heap$u20$as$u20$core..alloc..global..GlobalAlloc$GT$::dealloc::hdfcbe77d02996528
c0de51b0 c0de51b0        0     1                 $d
c0de51b8 c0de51b8        8     2         /app/target/nanosplus/release/deps/legder_xelis-6779a5bdf0fc7a68.legder_xelis.87959d3019b9c6da-cgu.0.rcgu.o:(.text._ZN4core3ptr48drop_in_place$LT$alloc..ffi..c_str..NulError$GT$17h6e82a3f77290674fE)
c0de51b8 c0de51b8        0     1                 $t
c0de51b9 c0de51b9        8     1                 core::ptr::drop_in_place$LT$alloc..ffi..c_str..NulError$GT$::h6e82a3f77290674f
c0de51c0 c0de51c0       54     4         /app/target/nanosplus/release/deps/legder_xelis-6779a5bdf0fc7a68.legder_xelis.87959d3019b9c6da-cgu.0.rcgu.o:(.text._ZN64_$LT$alloc..ffi..c_str..NulError$u20$as$u20$core..fmt..Debug$GT$3fmt17hc75efebf2e6f6b22E)
c0de51c0 c0de51c0        0     1                 $t
c0de51c1 c0de51c1       54     1                 _$LT$alloc..ffi..c_str..NulError$u20$as$u20$core..fmt..Debug$GT$::fmt::hc75efebf2e6f6b22
c0de5208 c0de5208        0     1                 $d
c0de5214 c0de5214      108     4         /app/target/nanosplus/release/deps/legder_xelis-6779a5bdf0fc7a68.legder_xelis.87959d3019b9c6da-cgu.0.rcgu.o:(.text._ZN42_$LT$$RF$T$u20$as$u20$core..fmt..Debug$GT$3fmt17h0e162758dc924189E)
c0de5214 c0de5214        0     1                 $t
c0de5215 c0de5215      108     1                 _$LT$$RF$T$u20$as$u20$core..fmt..Debug$GT$::fmt::h0e162758dc924189
c0de5304 c0de5304        0     1                 $d
c0de531c c0de531c       d0     4         /app/target/nanosplus/release/deps/legder_xelis-6779a5bdf0fc7a68.legder_xelis.87959d3019b9c6da-cgu.0.rcgu.o:(.text._ZN42_$LT$$RF$T$u20$as$u20$core..fmt..Debug$GT$3fmt17h62f63f313e51c1c1E)
c0de531c c0de531c        0     1                 $t
c0de531d c0de531d       d0     1                 _$LT$$RF$T$u20$as$u20$core..fmt..Debug$GT$::fmt::h62f63f313e51c1c1
c0de53e0 c0de53e0        0     1                 $d
c0de53ec c0de53ec       1a     2         /app/target/nanosplus/release/deps/legder_xelis-6779a5bdf0fc7a68.legder_xelis.87959d3019b9c6da-cgu.0.rcgu.o:(.text._ZN4core3fmt3num52_$LT$impl$u20$core..fmt..Debug$u20$for$u20$usize$GT$3fmt17hc218e2bcb09bd60bE.125)
c0de53ec c0de53ec        0     1                 $t
c0de53ed c0de53ed       1a     1                 core::fmt::num::_$LT$impl$u20$core..fmt..Debug$u20$for$u20$usize$GT$::fmt::hc218e2bcb09bd60b (.125)
c0de5406 c0de5406       18     2         /app/target/nanosplus/release/deps/legder_xelis-6779a5bdf0fc7a68.legder_xelis.87959d3019b9c6da-cgu.0.rcgu.o:(.text._ZN5alloc7raw_vec20RawVecInner$LT$A$GT$7reserve17h6eeb5b884bf61d59E)
c0de5406 c0de5406        0     1                 $t
c0de5407 c0de5407       18     1                 alloc::raw_vec::RawVecInner$LT$A$GT$::reserve::h6eeb5b884bf61d59
c0de541e c0de541e       24     2         /app/target/nanosplus/release/deps/legder_xelis-6779a5bdf0fc7a68.legder_xelis.87959d3019b9c6da-cgu.0.rcgu.o:(.text._ZN5alloc7raw_vec20RawVecInner$LT$A$GT$16with_capacity_in17h4e3fa1466a34a7acE)
c0de541e c0de541e        0     1                 $t
c0de541f c0de541f       24     1                 alloc::raw_vec::RawVecInner$LT$A$GT$::with_capacity_in::h4e3fa1466a34a7ac
c0de5442 c0de5442        e     2         /app/target/nanosplus/release/deps/legder_xelis-6779a5bdf0fc7a68.legder_xelis.87959d3019b9c6da-cgu.0.rcgu.o:(.text.unlikely._ZN4core9panicking13assert_failed17h9095a23fb7a366feE)
c0de5442 c0de5442        0     1                 $t
c0de5443 c0de5443        e     1                 core::panicking::assert_failed::h9095a23fb7a366fe
c0de5450 c0de5450       24     4         /app/target/nanosplus/release/deps/legder_xelis-6779a5bdf0fc7a68.legder_xelis.87959d3019b9c6da-cgu.0.rcgu.o:(.text._ZN5alloc7raw_vec19RawVec$LT$T$C$A$GT$8grow_one17h01d835c85f512a10E)
c0de5450 c0de5450        0     1                 $t
c0de5451 c0de5451       24     1                 alloc::raw_vec::RawVec$LT$T$C$A$GT$::grow_one::h01d835c85f512a10
c0de5470 c0de5470        0     1                 $d
c0de5474 c0de5474       12     2         /app/target/nanosplus/release/deps/legder_xelis-6779a5bdf0fc7a68.legder_xelis.87959d3019b9c6da-cgu.0.rcgu.o:(.text._ZN69_$LT$T$u20$as$u20$core..array..equality..SpecArrayEq$LT$U$C$_$GT$$GT$7spec_eq17ha18ccfc698ec02a6E)
c0de5474 c0de5474        0     1                 $t
c0de5475 c0de5475       12     1                 _$LT$T$u20$as$u20$core..array..equality..SpecArrayEq$LT$U$C$_$GT$$GT$::spec_eq::ha18ccfc698ec02a6
c0de5486 c0de5486       10     2         /app/target/nanosplus/release/deps/legder_xelis-6779a5bdf0fc7a68.legder_xelis.87959d3019b9c6da-cgu.0.rcgu.o:(.text._ZN4core3ptr47drop_in_place$LT$alloc..ffi..c_str..CString$GT$17h4464b1e4f6731bd1E)
c0de5486 c0de5486        0     1                 $t
c0de5487 c0de5487       10     1                 core::ptr::drop_in_place$LT$alloc..ffi..c_str..CString$GT$::h4464b1e4f6731bd1
c0de5496 c0de5496       1e     2         /app/target/nanosplus/release/deps/legder_xelis-6779a5bdf0fc7a68.legder_xelis.87959d3019b9c6da-cgu.0.rcgu.o:(.text._ZN17ledger_device_sdk3ecc12bip32_derive17he979570967be1c81E)
c0de5496 c0de5496        0     1                 $t
c0de5497 c0de5497       1e     1                 ledger_device_sdk::ecc::bip32_derive::he979570967be1c81
c0de54b4 c0de54b4       70     2         /app/target/nanosplus/release/deps/legder_xelis-6779a5bdf0fc7a68.legder_xelis.87959d3019b9c6da-cgu.0.rcgu.o:(.text._ZN17ledger_device_sdk2io4Comm9apdu_send17h66270ff03fd6b432E)
c0de54b4 c0de54b4        0     1                 $t
c0de54b5 c0de54b5       70     1                 ledger_device_sdk::io::Comm::apdu_send::h66270ff03fd6b432
c0de5524 c0de5524       20     2         /app/target/nanosplus/release/deps/legder_xelis-6779a5bdf0fc7a68.legder_xelis.87959d3019b9c6da-cgu.0.rcgu.o:(.text._ZN86_$LT$ledger_device_sdk..seph..PacketTypes$u20$as$u20$core..convert..From$LT$u8$GT$$GT$4from17hca0162d8fb4f3779E)
c0de5524 c0de5524        0     1                 $t
c0de5525 c0de5525       20     1                 _$LT$ledger_device_sdk..seph..PacketTypes$u20$as$u20$core..convert..From$LT$u8$GT$$GT$::from::hca0162d8fb4f3779
c0de5544 c0de5544       18     2         /app/target/nanosplus/release/deps/legder_xelis-6779a5bdf0fc7a68.legder_xelis.87959d3019b9c6da-cgu.0.rcgu.o:(.text._ZN81_$LT$ledger_device_sdk..seph..Events$u20$as$u20$core..convert..From$LT$u8$GT$$GT$4from17h901056254814ff29E)
c0de5544 c0de5544        0     1                 $t
c0de5545 c0de5545       18     1                 _$LT$ledger_device_sdk..seph..Events$u20$as$u20$core..convert..From$LT$u8$GT$$GT$::from::h901056254814ff29
c0de555c c0de555c      188     4         /app/target/nanosplus/release/deps/legder_xelis-6779a5bdf0fc7a68.legder_xelis.87959d3019b9c6da-cgu.0.rcgu.o:(.text._ZN17ledger_device_sdk2io4Comm16next_event_ahead17h2ef7921dfa7740b3E)
c0de555c c0de555c        0     1                 $t
c0de555d c0de555d      188     1                 ledger_device_sdk::io::Comm::next_event_ahead::h2ef7921dfa7740b3
c0de56e0 c0de56e0        0     1                 $d
c0de56e4 c0de56e4       3e     2         /app/target/nanosplus/release/deps/legder_xelis-6779a5bdf0fc7a68.legder_xelis.87959d3019b9c6da-cgu.0.rcgu.o:(.text._ZN17ledger_device_sdk2io4Comm5reply17hfb5f22a5efba66a6E)
c0de56e4 c0de56e4        0     1                 $t
c0de56e5 c0de56e5       3e     1                 ledger_device_sdk::io::Comm::reply::hfb5f22a5efba66a6
c0de5722 c0de5722       3a     2         /app/target/nanosplus/release/deps/legder_xelis-6779a5bdf0fc7a68.legder_xelis.87959d3019b9c6da-cgu.0.rcgu.o:(.text._ZN17ledger_device_sdk2io4Comm8get_data17h3f09cae158a10afeE)
c0de5722 c0de5722        0     1                 $t
c0de5723 c0de5723       3a     1                 ledger_device_sdk::io::Comm::get_data::h3f09cae158a10afe
c0de575c c0de575c       c0     2         /app/target/nanosplus/release/deps/legder_xelis-6779a5bdf0fc7a68.legder_xelis.87959d3019b9c6da-cgu.0.rcgu.o:(.text._ZN17ledger_device_sdk2io17handle_bolos_apdu17h0358d458f2f6d778E)
c0de575c c0de575c        0     1                 $t
c0de575d c0de575d       c0     1                 ledger_device_sdk::io::handle_bolos_apdu::h0358d458f2f6d778
c0de581c c0de581c        8     2         /app/target/nanosplus/release/deps/legder_xelis-6779a5bdf0fc7a68.legder_xelis.87959d3019b9c6da-cgu.0.rcgu.o:(.text._ZN17ledger_device_sdk2io4Comm8reply_ok17hb50228bf2b1a93eaE)
c0de581c c0de581c        0     1                 $t
c0de581d c0de581d        8     1                 ledger_device_sdk::io::Comm::reply_ok::hb50228bf2b1a93ea
c0de5824 c0de5824       34     2         /app/target/nanosplus/release/deps/legder_xelis-6779a5bdf0fc7a68.legder_xelis.87959d3019b9c6da-cgu.0.rcgu.o:(.text._ZN17ledger_device_sdk2io4Comm8get_data28_$u7b$$u7b$closure$u7d$$u7d$17h38be3de24891fa43E)
c0de5824 c0de5824        0     1                 $t
c0de5825 c0de5825       34     1                 ledger_device_sdk::io::Comm::get_data::_$u7b$$u7b$closure$u7d$$u7d$::h38be3de24891fa43
c0de5858 c0de5858       3c     2         /app/target/nanosplus/release/deps/legder_xelis-6779a5bdf0fc7a68.legder_xelis.87959d3019b9c6da-cgu.0.rcgu.o:(.text._ZN17ledger_device_sdk2io4Comm6append17h378e23721b33bf89E)
c0de5858 c0de5858        0     1                 $t
c0de5859 c0de5859       3c     1                 ledger_device_sdk::io::Comm::append::h378e23721b33bf89
c0de5894 c0de5894        6     2         /app/target/nanosplus/release/deps/legder_xelis-6779a5bdf0fc7a68.legder_xelis.87959d3019b9c6da-cgu.0.rcgu.o:(.text._ZN114_$LT$ledger_device_sdk..nvm..AlignedStorage$LT$T$GT$$u20$as$u20$ledger_device_sdk..nvm..SingleStorage$LT$T$GT$$GT$6update17hcd6248f196bbe4f1E)
c0de5894 c0de5894        0     1                 $t
c0de5895 c0de5895        6     1                 _$LT$ledger_device_sdk..nvm..AlignedStorage$LT$T$GT$$u20$as$u20$ledger_device_sdk..nvm..SingleStorage$LT$T$GT$$GT$::update::hcd6248f196bbe4f1
c0de589c c0de589c       34     4         /app/target/nanosplus/release/deps/legder_xelis-6779a5bdf0fc7a68.legder_xelis.87959d3019b9c6da-cgu.0.rcgu.o:(.text._ZN111_$LT$ledger_device_sdk..nvm..SafeStorage$LT$T$GT$$u20$as$u20$ledger_device_sdk..nvm..SingleStorage$LT$T$GT$$GT$6update17hdedccf7b03dc7934E)
c0de589c c0de589c        0     1                 $t
c0de589d c0de589d       34     1                 _$LT$ledger_device_sdk..nvm..SafeStorage$LT$T$GT$$u20$as$u20$ledger_device_sdk..nvm..SingleStorage$LT$T$GT$$GT$::update::hdedccf7b03dc7934
c0de58c8 c0de58c8        0     1                 $d
c0de58d0 c0de58d0       1c     2         /app/target/nanosplus/release/deps/legder_xelis-6779a5bdf0fc7a68.legder_xelis.87959d3019b9c6da-cgu.0.rcgu.o:(.text._ZN17ledger_device_sdk3nvm22AtomicStorage$LT$T$GT$5which17h7dfd741cd2cd4fabE)
c0de58d0 c0de58d0        0     1                 $t
c0de58d1 c0de58d1       1c     1                 ledger_device_sdk::nvm::AtomicStorage$LT$T$GT$::which::h7dfd741cd2cd4fab
c0de58ec c0de58ec       34     2         /app/target/nanosplus/release/deps/legder_xelis-6779a5bdf0fc7a68.legder_xelis.87959d3019b9c6da-cgu.0.rcgu.o:(.text._ZN113_$LT$ledger_device_sdk..nvm..AtomicStorage$LT$T$GT$$u20$as$u20$ledger_device_sdk..nvm..SingleStorage$LT$T$GT$$GT$7get_ref17h93c523bed49075d5E)
c0de58ec c0de58ec        0     1                 $t
c0de58ed c0de58ed       34     1                 _$LT$ledger_device_sdk..nvm..AtomicStorage$LT$T$GT$$u20$as$u20$ledger_device_sdk..nvm..SingleStorage$LT$T$GT$$GT$::get_ref::h93c523bed49075d5
c0de5920 c0de5920       32     2         /app/target/nanosplus/release/deps/legder_xelis-6779a5bdf0fc7a68.legder_xelis.87959d3019b9c6da-cgu.0.rcgu.o:(.text._ZN128_$LT$$RF$ledger_device_sdk..nbgl..NbglGlyph$u20$as$u20$core..convert..Into$LT$ledger_secure_sdk_sys..nbgl_icon_details_s$GT$$GT$4into17hb8fc9567b073dfc0E)
c0de5920 c0de5920        0     1                 $t
c0de5921 c0de5921       32     1                 _$LT$$RF$ledger_device_sdk..nbgl..NbglGlyph$u20$as$u20$core..convert..Into$LT$ledger_secure_sdk_sys..nbgl_icon_details_s$GT$$GT$::into::hb8fc9567b073dfc0
c0de5954 c0de5954       14     4         /app/target/nanosplus/release/deps/legder_xelis-6779a5bdf0fc7a68.legder_xelis.87959d3019b9c6da-cgu.0.rcgu.o:(.text._ZN17ledger_device_sdk4nbgl15choice_callback17h3ade5e7cf6ad9e5fE)
c0de5954 c0de5954        0     1                 $t
c0de5955 c0de5955       14     1                 ledger_device_sdk::nbgl::choice_callback::h3ade5e7cf6ad9e5f
c0de5964 c0de5964        0     1                 $d
c0de5968 c0de5968        c     2         /app/target/nanosplus/release/deps/legder_xelis-6779a5bdf0fc7a68.legder_xelis.87959d3019b9c6da-cgu.0.rcgu.o:(.text._ZN50_$LT$T$u20$as$u20$core..convert..Into$LT$U$GT$$GT$4into17h790be2c9cec44d9dE)
c0de5968 c0de5968        0     1                 $t
c0de5969 c0de5969        c     1                 _$LT$T$u20$as$u20$core..convert..Into$LT$U$GT$$GT$::into::h790be2c9cec44d9d
c0de5974 c0de5974       a4     4         /app/target/nanosplus/release/deps/legder_xelis-6779a5bdf0fc7a68.legder_xelis.87959d3019b9c6da-cgu.0.rcgu.o:(.text._ZN17ledger_device_sdk4nbgl22nbgl_home_and_settings17settings_callback17hc1a6717605bc5e0cE)
c0de5974 c0de5974        0     1                 $t
c0de5975 c0de5975       a4     1                 ledger_device_sdk::nbgl::nbgl_home_and_settings::settings_callback::hc1a6717605bc5e0c
c0de5a0c c0de5a0c        0     1                 $d
c0de5a18 c0de5a18      14c     4         /app/target/nanosplus/release/deps/legder_xelis-6779a5bdf0fc7a68.legder_xelis.87959d3019b9c6da-cgu.0.rcgu.o:(.text._ZN17ledger_device_sdk4nbgl22nbgl_home_and_settings19NbglHomeAndSettings15show_and_return17hf9a3d6f84504c870E)
c0de5a18 c0de5a18        0     1                 $t
c0de5a19 c0de5a19      14c     1                 ledger_device_sdk::nbgl::nbgl_home_and_settings::NbglHomeAndSettings::show_and_return::hf9a3d6f84504c870
c0de5b50 c0de5b50        0     1                 $d
c0de5b64 c0de5b64        a     2         /app/target/nanosplus/release/deps/legder_xelis-6779a5bdf0fc7a68.legder_xelis.87959d3019b9c6da-cgu.0.rcgu.o:(.text._ZN17ledger_device_sdk4nbgl22nbgl_home_and_settings7quit_cb17h01bdd773bbcb9b00E)
c0de5b64 c0de5b64        0     1                 $t
c0de5b65 c0de5b65        a     1                 ledger_device_sdk::nbgl::nbgl_home_and_settings::quit_cb::h01bdd773bbcb9b00
c0de5b70 c0de5b70       68     4         /app/target/nanosplus/release/deps/legder_xelis-6779a5bdf0fc7a68.legder_xelis.87959d3019b9c6da-cgu.0.rcgu.o:(.text._ZN17ledger_device_sdk4nbgl18nbgl_review_status16NbglReviewStatus4show17h2c197bfa89b63ae3E)
c0de5b70 c0de5b70        0     1                 $t
c0de5b71 c0de5b71       68     1                 ledger_device_sdk::nbgl::nbgl_review_status::NbglReviewStatus::show::h2c197bfa89b63ae3
c0de5b86 c0de5b86        0     1                 $d
c0de5b8a c0de5b8a        0     1                 $t
c0de5bd0 c0de5bd0        0     1                 $d
c0de5bd8 c0de5bd8       14     4         /app/target/nanosplus/release/deps/legder_xelis-6779a5bdf0fc7a68.legder_xelis.87959d3019b9c6da-cgu.0.rcgu.o:(.text._ZN17ledger_device_sdk4nbgl13quit_callback17h1d7461ebf766cc7dE)
c0de5bd8 c0de5bd8        0     1                 $t
c0de5bd9 c0de5bd9       14     1                 ledger_device_sdk::nbgl::quit_callback::h1d7461ebf766cc7d
c0de5be8 c0de5be8        0     1                 $d
c0de5bec c0de5bec       2a     2         /app/target/nanosplus/release/deps/legder_xelis-6779a5bdf0fc7a68.legder_xelis.87959d3019b9c6da-cgu.0.rcgu.o:(.text._ZN93_$LT$ledger_device_sdk..hash..sha3..Sha3_512$u20$as$u20$ledger_device_sdk..hash..HashInit$GT$3new17hece3df7b4532d2aaE)
c0de5bec c0de5bec        0     1                 $t
c0de5bed c0de5bed       2a     1                 _$LT$ledger_device_sdk..hash..sha3..Sha3_512$u20$as$u20$ledger_device_sdk..hash..HashInit$GT$::new::hece3df7b4532d2aa
c0de5c16 c0de5c16        c     2         /app/target/nanosplus/release/deps/legder_xelis-6779a5bdf0fc7a68.legder_xelis.87959d3019b9c6da-cgu.0.rcgu.o:(.text._ZN21ledger_secure_sdk_sys4seph5io_rx17h3c2c0939dd8e393bE)
c0de5c16 c0de5c16        0     1                 $t
c0de5c17 c0de5c17        c     1                 ledger_secure_sdk_sys::seph::io_rx::h3c2c0939dd8e393b
[...]
    2c18     2c18        8     4         /tmp/rustc2T5Hk0/libledger_secure_sdk_sys-0dd2c00d57a25aca.rlib(196e657857525104-nbgl_step.o):(.rel.text.getContextFromLayout)
    2c20     2c20       10     4         /tmp/rustc2T5Hk0/libledger_secure_sdk_sys-0dd2c00d57a25aca.rlib(196e657857525104-nbgl_step.o):(.rel.text.menuListActionCallback)
    2c30     2c30        8     4         /tmp/rustc2T5Hk0/libledger_secure_sdk_sys-0dd2c00d57a25aca.rlib(196e657857525104-nbgl_step.o):(.rel.text.OUTLINED_FUNCTION_2)
    2c38     2c38        8     4         /tmp/rustc2T5Hk0/libledger_secure_sdk_sys-0dd2c00d57a25aca.rlib(196e657857525104-nbgl_step.o):(.rel.text.OUTLINED_FUNCTION_3)
    2c40     2c40        8     4         /tmp/rustc2T5Hk0/libledger_secure_sdk_sys-0dd2c00d57a25aca.rlib(196e657857525104-nbgl_step.o):(.rel.text.OUTLINED_FUNCTION_4)
    2c48     2c48       28     4         /tmp/rustc2T5Hk0/libledger_secure_sdk_sys-0dd2c00d57a25aca.rlib(196e657857525104-nbgl_layout_nanos.o):(.rel.text.nbgl_layoutGet)
    2c70     2c70        8     4         /tmp/rustc2T5Hk0/libledger_secure_sdk_sys-0dd2c00d57a25aca.rlib(196e657857525104-nbgl_layout_nanos.o):(.rel.text.buttonCallback)
    2c78     2c78       30     4         /tmp/rustc2T5Hk0/libledger_secure_sdk_sys-0dd2c00d57a25aca.rlib(196e657857525104-nbgl_layout_nanos.o):(.rel.text.nbgl_layoutAddNavigation)
    2ca8     2ca8       c8     4         /tmp/rustc2T5Hk0/libledger_secure_sdk_sys-0dd2c00d57a25aca.rlib(196e657857525104-nbgl_layout_nanos.o):(.rel.text.nbgl_layoutAddText)
    2d70     2d70       10     4         /tmp/rustc2T5Hk0/libledger_secure_sdk_sys-0dd2c00d57a25aca.rlib(196e657857525104-nbgl_layout_nanos.o):(.rel.text.nbgl_layoutAddMenuList)
    2d80     2d80       88     4         /tmp/rustc2T5Hk0/libledger_secure_sdk_sys-0dd2c00d57a25aca.rlib(196e657857525104-nbgl_layout_nanos.o):(.rel.text.nbgl_layoutAddCenteredInfo)
    2e08     2e08       70     4         /tmp/rustc2T5Hk0/libledger_secure_sdk_sys-0dd2c00d57a25aca.rlib(196e657857525104-nbgl_layout_nanos.o):(.rel.text.nbgl_layoutAddSwitch)
    2e78     2e78       10     4         /tmp/rustc2T5Hk0/libledger_secure_sdk_sys-0dd2c00d57a25aca.rlib(196e657857525104-nbgl_layout_nanos.o):(.rel.text.nbgl_layoutDraw)
    2e88     2e88       10     4         /tmp/rustc2T5Hk0/libledger_secure_sdk_sys-0dd2c00d57a25aca.rlib(196e657857525104-nbgl_layout_nanos.o):(.rel.text.nbgl_layoutRelease)
    2e98     2e98        8     4         /tmp/rustc2T5Hk0/libledger_secure_sdk_sys-0dd2c00d57a25aca.rlib(196e657857525104-nbgl_layout_nanos.o):(.rel.text.OUTLINED_FUNCTION_1)
    2ea0     2ea0        8     4         /tmp/rustc2T5Hk0/libledger_secure_sdk_sys-0dd2c00d57a25aca.rlib(196e657857525104-nbgl_layout_nanos.o):(.rel.text.OUTLINED_FUNCTION_3)
    2ea8     2ea8        8     4         /tmp/rustc2T5Hk0/libledger_secure_sdk_sys-0dd2c00d57a25aca.rlib(196e657857525104-nbgl_layout_nanos.o):(.rel.text.OUTLINED_FUNCTION_4)
    2eb0     2eb0        8     4         /tmp/rustc2T5Hk0/libledger_secure_sdk_sys-0dd2c00d57a25aca.rlib(196e657857525104-nbgl_layout_nanos.o):(.rel.text.OUTLINED_FUNCTION_5)
    2eb8     2eb8        8     4         /tmp/rustc2T5Hk0/libledger_secure_sdk_sys-0dd2c00d57a25aca.rlib(196e657857525104-nbgl_layout_nanos.o):(.rel.text.OUTLINED_FUNCTION_6)
    2ec0     2ec0       58     4         /tmp/rustc2T5Hk0/libledger_secure_sdk_sys-0dd2c00d57a25aca.rlib(dbe27254336b5a6c-os_printf.o):(.rel.text.snprintf)
    2f18     2f18        8     4         /tmp/rustc2T5Hk0/libledger_secure_sdk_sys-0dd2c00d57a25aca.rlib(a8c7b1d3d0023354-nbgl_stubs.o):(.rel.text.nbgl_refresh)
    2f20     2f20        8     4         /tmp/rustc2T5Hk0/libledger_secure_sdk_sys-0dd2c00d57a25aca.rlib(a8c7b1d3d0023354-nbgl_stubs.o):(.rel.text.nbgl_objAllowDrawing)
    2f28     2f28        8     4         /tmp/rustc2T5Hk0/libledger_secure_sdk_sys-0dd2c00d57a25aca.rlib(a8c7b1d3d0023354-nbgl_stubs.o):(.rel.text.nbgl_screenSet)
    2f30     2f30        8     4         /tmp/rustc2T5Hk0/libledger_secure_sdk_sys-0dd2c00d57a25aca.rlib(a8c7b1d3d0023354-nbgl_stubs.o):(.rel.text.nbgl_screenPush)
    2f38     2f38        8     4         /tmp/rustc2T5Hk0/libledger_secure_sdk_sys-0dd2c00d57a25aca.rlib(a8c7b1d3d0023354-nbgl_stubs.o):(.rel.text.nbgl_screenRedraw)
    2f40     2f40        8     4         /tmp/rustc2T5Hk0/libledger_secure_sdk_sys-0dd2c00d57a25aca.rlib(a8c7b1d3d0023354-nbgl_stubs.o):(.rel.text.nbgl_screenPop)
    2f48     2f48        8     4         /tmp/rustc2T5Hk0/libledger_secure_sdk_sys-0dd2c00d57a25aca.rlib(a8c7b1d3d0023354-nbgl_stubs.o):(.rel.text.nbgl_screenHandler)
    2f50     2f50        8     4         /tmp/rustc2T5Hk0/libledger_secure_sdk_sys-0dd2c00d57a25aca.rlib(a8c7b1d3d0023354-nbgl_stubs.o):(.rel.text.nbgl_objPoolGet)
    2f58     2f58        8     4         /tmp/rustc2T5Hk0/libledger_secure_sdk_sys-0dd2c00d57a25aca.rlib(a8c7b1d3d0023354-nbgl_stubs.o):(.rel.text.nbgl_containerPoolGet)
    2f60     2f60        8     4         /tmp/rustc2T5Hk0/libledger_secure_sdk_sys-0dd2c00d57a25aca.rlib(a8c7b1d3d0023354-nbgl_stubs.o):(.rel.text.nbgl_getFont)
    2f68     2f68        8     4         /tmp/rustc2T5Hk0/libledger_secure_sdk_sys-0dd2c00d57a25aca.rlib(a8c7b1d3d0023354-nbgl_stubs.o):(.rel.text.nbgl_getFontLineHeight)
    2f70     2f70        8     4         /tmp/rustc2T5Hk0/libledger_secure_sdk_sys-0dd2c00d57a25aca.rlib(a8c7b1d3d0023354-nbgl_stubs.o):(.rel.text.nbgl_getTextMaxLenAndWidth)
    2f78     2f78        8     4         /tmp/rustc2T5Hk0/libledger_secure_sdk_sys-0dd2c00d57a25aca.rlib(a8c7b1d3d0023354-nbgl_stubs.o):(.rel.text.nbgl_getTextNbLinesInWidth)
    2f80     2f80        8     4         /tmp/rustc2T5Hk0/libledger_secure_sdk_sys-0dd2c00d57a25aca.rlib(a8c7b1d3d0023354-nbgl_stubs.o):(.rel.text.nbgl_getTextNbPagesInWidth)
    2f88     2f88        8     4         /tmp/rustc2T5Hk0/libledger_secure_sdk_sys-0dd2c00d57a25aca.rlib(a8c7b1d3d0023354-nbgl_stubs.o):(.rel.text.nbgl_getTextWidth)
    2f90     2f90        8     4         /tmp/rustc2T5Hk0/libledger_secure_sdk_sys-0dd2c00d57a25aca.rlib(a8c7b1d3d0023354-nbgl_stubs.o):(.rel.text.nbgl_getTextMaxLenInNbLines)
    2f98     2f98        8     4         /tmp/rustc2T5Hk0/libledger_secure_sdk_sys-0dd2c00d57a25aca.rlib(a8c7b1d3d0023354-nbgl_stubs.o):(.rel.text.nbgl_textReduceOnNbLines)
    2fa0     2fa0        8     4         /tmp/rustc2T5Hk0/libledger_secure_sdk_sys-0dd2c00d57a25aca.rlib(a8c7b1d3d0023354-nbgl_stubs.o):(.rel.text.nbgl_buttonsHandler)
    2fa8     2fa8       18     4         /app/target/nanosplus/release/deps/libcompiler_builtins-257dd3879b621085.rlib(compiler_builtins-257dd3879b621085.compiler_builtins.9b3a94d07b49ba3d-cgu.0.rcgu.o):(.rel.text._ZN17compiler_builtins3int19specialized_div_rem11u64_div_rem17h7f58687215dfd26fE)
    2fc0     2fc0        8     4         /app/target/nanosplus/release/deps/libcompiler_builtins-257dd3879b621085.rlib(compiler_builtins-257dd3879b621085.compiler_builtins.9b3a94d07b49ba3d-cgu.0.rcgu.o):(.rel.text.__aeabi_llsl)
    2fc8     2fc8       10     4         /app/target/nanosplus/release/deps/libcompiler_builtins-257dd3879b621085.rlib(compiler_builtins-257dd3879b621085.compiler_builtins.9b3a94d07b49ba3d-cgu.0.rcgu.o):(.rel.text._ZN17compiler_builtins3int4udiv12__udivmoddi417h0c43dd68f93434f5E)
    2fd8     2fd8        8     4         /app/target/nanosplus/release/deps/libcompiler_builtins-257dd3879b621085.rlib(compiler_builtins-257dd3879b621085.compiler_builtins.9b3a94d07b49ba3d-cgu.0.rcgu.o):(.rel.text.__udivmoddi4)
    2fe0     2fe0       10     4         /app/target/nanosplus/release/deps/libcompiler_builtins-257dd3879b621085.rlib(compiler_builtins-257dd3879b621085.compiler_builtins.9b3a94d07b49ba3d-cgu.0.rcgu.o):(.rel.text._ZN17compiler_builtins3mem6memcpy17hcd07caebcaa15df7E)
    2ff0     2ff0        8     4         /app/target/nanosplus/release/deps/libcompiler_builtins-257dd3879b621085.rlib(compiler_builtins-257dd3879b621085.compiler_builtins.9b3a94d07b49ba3d-cgu.0.rcgu.o):(.rel.text._ZN17compiler_builtins3mem7memmove17hea3969a5c31d7f64E)
    2ff8     2ff8        8     4         /app/target/nanosplus/release/deps/libcompiler_builtins-257dd3879b621085.rlib(compiler_builtins-257dd3879b621085.compiler_builtins.9b3a94d07b49ba3d-cgu.0.rcgu.o):(.rel.text._ZN17compiler_builtins3mem6memset17hc98eb82e8ddb4ea8E)
    3000     3000        8     4         /app/target/nanosplus/release/deps/libcompiler_builtins-257dd3879b621085.rlib(compiler_builtins-257dd3879b621085.compiler_builtins.9b3a94d07b49ba3d-cgu.0.rcgu.o):(.rel.text.memcmp)
    3008     3008        8     4         /app/target/nanosplus/release/deps/libcompiler_builtins-257dd3879b621085.rlib(compiler_builtins-257dd3879b621085.compiler_builtins.9b3a94d07b49ba3d-cgu.0.rcgu.o):(.rel.text.__aeabi_uldivmod)
    3010     3010        8     4         /app/target/nanosplus/release/deps/libcompiler_builtins-257dd3879b621085.rlib(compiler_builtins-257dd3879b621085.compiler_builtins.9b3a94d07b49ba3d-cgu.0.rcgu.o):(.rel.text.__aeabi_memcpy)
    3018     3018        8     4         /app/target/nanosplus/release/deps/libcompiler_builtins-257dd3879b621085.rlib(compiler_builtins-257dd3879b621085.compiler_builtins.9b3a94d07b49ba3d-cgu.0.rcgu.o):(.rel.text._ZN17compiler_builtins3arm15__aeabi_memcpy417hfe26adbb48288579E)
    3020     3020        8     4         /app/target/nanosplus/release/deps/libcompiler_builtins-257dd3879b621085.rlib(compiler_builtins-257dd3879b621085.compiler_builtins.9b3a94d07b49ba3d-cgu.0.rcgu.o):(.rel.text.__aeabi_memcpy4)
    3028     3028        8     4         /app/target/nanosplus/release/deps/libcompiler_builtins-257dd3879b621085.rlib(compiler_builtins-257dd3879b621085.compiler_builtins.9b3a94d07b49ba3d-cgu.0.rcgu.o):(.rel.text.__aeabi_memcpy8)
    3030     3030        8     4         /app/target/nanosplus/release/deps/libcompiler_builtins-257dd3879b621085.rlib(compiler_builtins-257dd3879b621085.compiler_builtins.9b3a94d07b49ba3d-cgu.0.rcgu.o):(.rel.text.__aeabi_memmove)
    3038     3038        8     4         /app/target/nanosplus/release/deps/libcompiler_builtins-257dd3879b621085.rlib(compiler_builtins-257dd3879b621085.compiler_builtins.9b3a94d07b49ba3d-cgu.0.rcgu.o):(.rel.text.__aeabi_memset)
    3040     3040        8     4         /app/target/nanosplus/release/deps/libcompiler_builtins-257dd3879b621085.rlib(compiler_builtins-257dd3879b621085.compiler_builtins.9b3a94d07b49ba3d-cgu.0.rcgu.o):(.rel.text._ZN17compiler_builtins3arm15__aeabi_memset417h7cd9d18a7b5e9336E)
    3048     3048        8     4         /app/target/nanosplus/release/deps/libcompiler_builtins-257dd3879b621085.rlib(compiler_builtins-257dd3879b621085.compiler_builtins.9b3a94d07b49ba3d-cgu.0.rcgu.o):(.rel.text._ZN17compiler_builtins3arm14__aeabi_memclr17h74e3c9832fede419E)
    3050     3050        8     4         /app/target/nanosplus/release/deps/libcompiler_builtins-257dd3879b621085.rlib(compiler_builtins-257dd3879b621085.compiler_builtins.9b3a94d07b49ba3d-cgu.0.rcgu.o):(.rel.text.__aeabi_memclr)
    3058     3058        8     4         /app/target/nanosplus/release/deps/libcompiler_builtins-257dd3879b621085.rlib(compiler_builtins-257dd3879b621085.compiler_builtins.9b3a94d07b49ba3d-cgu.0.rcgu.o):(.rel.text._ZN17compiler_builtins3arm15__aeabi_memclr417h0085fad6451aeb8dE)
    3060     3060        8     4         /app/target/nanosplus/release/deps/libcompiler_builtins-257dd3879b621085.rlib(compiler_builtins-257dd3879b621085.compiler_builtins.9b3a94d07b49ba3d-cgu.0.rcgu.o):(.rel.text.__aeabi_memclr4)
    3068     3068        8     4         /app/target/nanosplus/release/deps/libcompiler_builtins-257dd3879b621085.rlib(compiler_builtins-257dd3879b621085.compiler_builtins.9b3a94d07b49ba3d-cgu.0.rcgu.o):(.rel.text._ZN17compiler_builtins3arm15__aeabi_memclr817hf53176eb61333cc5E)
    3070     3070        8     4         /app/target/nanosplus/release/deps/libcompiler_builtins-257dd3879b621085.rlib(compiler_builtins-257dd3879b621085.compiler_builtins.9b3a94d07b49ba3d-cgu.0.rcgu.o):(.rel.text.__aeabi_memclr8)
    3078     3078        8     4         /app/target/nanosplus/release/deps/libcompiler_builtins-257dd3879b621085.rlib(compiler_builtins-257dd3879b621085.compiler_builtins.9b3a94d07b49ba3d-cgu.0.rcgu.o):(.rel.text.OUTLINED_FUNCTION_189)
    3080     3080        8     4         /app/target/nanosplus/release/deps/libcompiler_builtins-257dd3879b621085.rlib(compiler_builtins-257dd3879b621085.compiler_builtins.9b3a94d07b49ba3d-cgu.0.rcgu.o):(.rel.text.OUTLINED_FUNCTION_268)
    3088     3088        8     4         /app/target/nanosplus/release/deps/libcompiler_builtins-257dd3879b621085.rlib(compiler_builtins-257dd3879b621085.compiler_builtins.9b3a94d07b49ba3d-cgu.0.rcgu.o):(.rel.text.OUTLINED_FUNCTION_293)
       0        0      178     4 .rel.rodata
       0        0       20     4         /app/target/nanosplus/release/deps/legder_xelis-6779a5bdf0fc7a68.legder_xelis.87959d3019b9c6da-cgu.0.rcgu.o:(.rel.rodata..Lanon.6b014ad84d8302ab455e1b726636eb9c.7)
      20       20        8     4         /app/target/nanosplus/release/deps/legder_xelis-6779a5bdf0fc7a68.legder_xelis.87959d3019b9c6da-cgu.0.rcgu.o:(.rel.rodata..Lanon.6b014ad84d8302ab455e1b726636eb9c.12)
      28       28        8     4         /app/target/nanosplus/release/deps/legder_xelis-6779a5bdf0fc7a68.legder_xelis.87959d3019b9c6da-cgu.0.rcgu.o:(.rel.rodata..Lanon.6b014ad84d8302ab455e1b726636eb9c.21)
      30       30        8     4         /app/target/nanosplus/release/deps/legder_xelis-6779a5bdf0fc7a68.legder_xelis.87959d3019b9c6da-cgu.0.rcgu.o:(.rel.rodata..Lanon.6b014ad84d8302ab455e1b726636eb9c.23)
      38       38       10     4         /app/target/nanosplus/release/deps/legder_xelis-6779a5bdf0fc7a68.legder_xelis.87959d3019b9c6da-cgu.0.rcgu.o:(.rel.rodata..Lanon.6b014ad84d8302ab455e1b726636eb9c.58)
      48       48       10     4         /app/target/nanosplus/release/deps/legder_xelis-6779a5bdf0fc7a68.legder_xelis.87959d3019b9c6da-cgu.0.rcgu.o:(.rel.rodata..Lanon.6b014ad84d8302ab455e1b726636eb9c.61)
      58       58        8     4         /app/target/nanosplus/release/deps/legder_xelis-6779a5bdf0fc7a68.legder_xelis.87959d3019b9c6da-cgu.0.rcgu.o:(.rel.rodata..Lanon.6b014ad84d8302ab455e1b726636eb9c.62)
      60       60        8     4         /app/target/nanosplus/release/deps/legder_xelis-6779a5bdf0fc7a68.legder_xelis.87959d3019b9c6da-cgu.0.rcgu.o:(.rel.rodata..Lanon.6b014ad84d8302ab455e1b726636eb9c.63)
      68       68        8     4         /app/target/nanosplus/release/deps/legder_xelis-6779a5bdf0fc7a68.legder_xelis.87959d3019b9c6da-cgu.0.rcgu.o:(.rel.rodata..Lanon.6b014ad84d8302ab455e1b726636eb9c.64)
      70       70        8     4         /app/target/nanosplus/release/deps/legder_xelis-6779a5bdf0fc7a68.legder_xelis.87959d3019b9c6da-cgu.0.rcgu.o:(.rel.rodata..Lanon.6b014ad84d8302ab455e1b726636eb9c.65)
      78       78        8     4         /app/target/nanosplus/release/deps/legder_xelis-6779a5bdf0fc7a68.legder_xelis.87959d3019b9c6da-cgu.0.rcgu.o:(.rel.rodata..Lanon.6b014ad84d8302ab455e1b726636eb9c.66)
      80       80        8     4         /app/target/nanosplus/release/deps/legder_xelis-6779a5bdf0fc7a68.legder_xelis.87959d3019b9c6da-cgu.0.rcgu.o:(.rel.rodata..Lanon.6b014ad84d8302ab455e1b726636eb9c.67)
      88       88        8     4         /app/target/nanosplus/release/deps/legder_xelis-6779a5bdf0fc7a68.legder_xelis.87959d3019b9c6da-cgu.0.rcgu.o:(.rel.rodata..Lanon.6b014ad84d8302ab455e1b726636eb9c.128)
      90       90        8     4         /app/target/nanosplus/release/deps/legder_xelis-6779a5bdf0fc7a68.legder_xelis.87959d3019b9c6da-cgu.0.rcgu.o:(.rel.rodata..Lanon.6b014ad84d8302ab455e1b726636eb9c.142)
      98       98       10     4         /app/target/nanosplus/release/deps/legder_xelis-6779a5bdf0fc7a68.legder_xelis.87959d3019b9c6da-cgu.0.rcgu.o:(.rel.rodata..Lanon.6b014ad84d8302ab455e1b726636eb9c.144)
      a8       a8        8     4         /app/target/nanosplus/release/deps/legder_xelis-6779a5bdf0fc7a68.legder_xelis.87959d3019b9c6da-cgu.0.rcgu.o:(.rel.rodata..Lanon.6b014ad84d8302ab455e1b726636eb9c.163)
      b0       b0        8     4         /app/target/nanosplus/release/deps/legder_xelis-6779a5bdf0fc7a68.legder_xelis.87959d3019b9c6da-cgu.0.rcgu.o:(.rel.rodata..Lanon.9d7ae7e8ae3f34838a21c9ee9484bb3a.0)
      b8       b8       20     4         /app/target/nanosplus/release/deps/legder_xelis-6779a5bdf0fc7a68.legder_xelis.87959d3019b9c6da-cgu.0.rcgu.o:(.rel.rodata..Lanon.9d7ae7e8ae3f34838a21c9ee9484bb3a.6)
      d8       d8       18     4         /app/target/nanosplus/release/deps/legder_xelis-6779a5bdf0fc7a68.legder_xelis.87959d3019b9c6da-cgu.0.rcgu.o:(.rel.rodata..Lanon.cdfc98bf4bf5916a79b61b30f891e9b0.288)
      f0       f0       10     4         /app/target/nanosplus/release/deps/legder_xelis-6779a5bdf0fc7a68.legder_xelis.87959d3019b9c6da-cgu.0.rcgu.o:(.rel.rodata..Lanon.438fa9dcefd031b03901dd44f6193371.10)
     100      100       10     4         /app/target/nanosplus/release/deps/legder_xelis-6779a5bdf0fc7a68.legder_xelis.87959d3019b9c6da-cgu.0.rcgu.o:(.rel.rodata..Lanon.438fa9dcefd031b03901dd44f6193371.104)
     110      110        8     4         /app/target/nanosplus/release/deps/legder_xelis-6779a5bdf0fc7a68.legder_xelis.87959d3019b9c6da-cgu.0.rcgu.o:(.rel.rodata..Lanon.691ce317830c94e503bf2afcc8f95137.4)
     118      118        8     4         /tmp/rustc2T5Hk0/libledger_secure_sdk_sys-0dd2c00d57a25aca.rlib(8f3ff09fca89963b-glyphs.o):(.rel.rodata.C_icon_validate_14)
     120      120        8     4         /tmp/rustc2T5Hk0/libledger_secure_sdk_sys-0dd2c00d57a25aca.rlib(8f3ff09fca89963b-glyphs.o):(.rel.rodata.C_icon_right)
     128      128        8     4         /tmp/rustc2T5Hk0/libledger_secure_sdk_sys-0dd2c00d57a25aca.rlib(8f3ff09fca89963b-glyphs.o):(.rel.rodata.C_icon_back_x)
     130      130        8     4         /tmp/rustc2T5Hk0/libledger_secure_sdk_sys-0dd2c00d57a25aca.rlib(8f3ff09fca89963b-glyphs.o):(.rel.rodata.C_Information_circle_14px)
     138      138        8     4         /tmp/rustc2T5Hk0/libledger_secure_sdk_sys-0dd2c00d57a25aca.rlib(8f3ff09fca89963b-glyphs.o):(.rel.rodata.C_Quit_14px)
     140      140        8     4         /tmp/rustc2T5Hk0/libledger_secure_sdk_sys-0dd2c00d57a25aca.rlib(8f3ff09fca89963b-glyphs.o):(.rel.rodata.C_icon_crossmark)
     148      148        8     4         /tmp/rustc2T5Hk0/libledger_secure_sdk_sys-0dd2c00d57a25aca.rlib(8f3ff09fca89963b-glyphs.o):(.rel.rodata.C_Switch_On_8px)
     150      150        8     4         /tmp/rustc2T5Hk0/libledger_secure_sdk_sys-0dd2c00d57a25aca.rlib(8f3ff09fca89963b-glyphs.o):(.rel.rodata.C_icon_down)
     158      158        8     4         /tmp/rustc2T5Hk0/libledger_secure_sdk_sys-0dd2c00d57a25aca.rlib(8f3ff09fca89963b-glyphs.o):(.rel.rodata.C_Switch_Off_8px)
     160      160        8     4         /tmp/rustc2T5Hk0/libledger_secure_sdk_sys-0dd2c00d57a25aca.rlib(8f3ff09fca89963b-glyphs.o):(.rel.rodata.C_icon_up)
     168      168        8     4         /tmp/rustc2T5Hk0/libledger_secure_sdk_sys-0dd2c00d57a25aca.rlib(8f3ff09fca89963b-glyphs.o):(.rel.rodata.C_icon_left)
     170      170        8     4         /tmp/rustc2T5Hk0/libledger_secure_sdk_sys-0dd2c00d57a25aca.rlib(8f3ff09fca89963b-glyphs.o):(.rel.rodata.C_icon_coggle)
       0        0       af     1 .comment
       0        0       af     1         <internal>:(.comment)
       0        0       34     1 .ARM.attributes
       0        0       34     1         /app/target/nanosplus/release/deps/legder_xelis-6779a5bdf0fc7a68.legder_xelis.87959d3019b9c6da-cgu.0.rcgu.o:(.ARM.attributes)
       0        0     4940     4 .symtab
       0        0     4940     4         <internal>:(.symtab)
       0        0      12f     1 .shstrtab
       0        0      12f     1         <internal>:(.shstrtab)
       0        0     6e31     1 .strtab
       0        0     6e31     1         <internal>:(.strtab)
